E/IMemory ( 6827): cannot dup fd=-2147483647, size=0, err=-32 (Bad file number)
E/IMemory ( 6827): cannot map BpMemoryHeap (binder=0xb88ee728), size=0, fd=-1 (Bad file number)
E/Zygote  ( 6825): Exit zygote because system server (7059) has terminated
I/ServiceManager(  212): service 'media.audio_flinger' died
I/ServiceManager(  212): service 'media.player' died
I/ServiceManager(  212): service 'media.camera' died
I/ServiceManager(  212): service 'media.audio_policy' died
I/ServiceManager(  212): service 'media.sound_trigger_hw' died
I/Netd    ( 7613): Netd 1.0 starting
E/Netd    ( 7613): Failed to open /proc/sys/net/ipv6/conf/default/accept_ra_rt_table: No such file or directory
E/Netd    ( 7613): Failed to open /proc/sys/net/ipv6/conf/dummy0/accept_ra_rt_table: No such file or directory
E/Netd    ( 7613): Failed to open /proc/sys/net/ipv6/conf/ip6tnl0/accept_ra_rt_table: No such file or directory
E/Netd    ( 7613): Failed to open /proc/sys/net/ipv6/conf/lo/accept_ra_rt_table: No such file or directory
E/Netd    ( 7613): Failed to open /proc/sys/net/ipv6/conf/rev_rmnet0/accept_ra_rt_table: No such file or directory
E/Netd    ( 7613): Failed to open /proc/sys/net/ipv6/conf/rev_rmnet1/accept_ra_rt_table: No such file or directory
E/Netd    ( 7613): Failed to open /proc/sys/net/ipv6/conf/rev_rmnet2/accept_ra_rt_table: No such file or directory
E/Netd    ( 7613): Failed to open /proc/sys/net/ipv6/conf/rev_rmnet3/accept_ra_rt_table: No such file or directory
E/Netd    ( 7613): Failed to open /proc/sys/net/ipv6/conf/rev_rmnet4/accept_ra_rt_table: No such file or directory
E/Netd    ( 7613): Failed to open /proc/sys/net/ipv6/conf/rev_rmnet5/accept_ra_rt_table: No such file or directory
E/Netd    ( 7613): Failed to open /proc/sys/net/ipv6/conf/rev_rmnet6/accept_ra_rt_table: No such file or directory
E/Netd    ( 7613): Failed to open /proc/sys/net/ipv6/conf/rev_rmnet7/accept_ra_rt_table: No such file or directory
E/Netd    ( 7613): Failed to open /proc/sys/net/ipv6/conf/rev_rmnet8/accept_ra_rt_table: No such file or directory
E/Netd    ( 7613): Failed to open /proc/sys/net/ipv6/conf/rmnet0/accept_ra_rt_table: No such file or directory
E/Netd    ( 7613): Failed to open /proc/sys/net/ipv6/conf/rmnet1/accept_ra_rt_table: No such file or directory
E/Netd    ( 7613): Failed to open /proc/sys/net/ipv6/conf/rmnet2/accept_ra_rt_table: No such file or directory
E/Netd    ( 7613): Failed to open /proc/sys/net/ipv6/conf/rmnet3/accept_ra_rt_table: No such file or directory
E/Netd    ( 7613): Failed to open /proc/sys/net/ipv6/conf/rmnet4/accept_ra_rt_table: No such file or directory
E/Netd    ( 7613): Failed to open /proc/sys/net/ipv6/conf/rmnet5/accept_ra_rt_table: No such file or directory
E/Netd    ( 7613): Failed to open /proc/sys/net/ipv6/conf/rmnet6/accept_ra_rt_table: No such file or directory
E/Netd    ( 7613): Failed to open /proc/sys/net/ipv6/conf/rmnet7/accept_ra_rt_table: No such file or directory
E/Netd    ( 7613): Failed to open /proc/sys/net/ipv6/conf/rmnet_usb0/accept_ra_rt_table: No such file or directory
E/Netd    ( 7613): Failed to open /proc/sys/net/ipv6/conf/sit0/accept_ra_rt_table: No such file or directory
E/Netd    ( 7613): Failed to open /proc/sys/net/ipv6/conf/usb0/accept_ra_rt_table: No such file or directory
D/AndroidRuntime( 7612): 
D/AndroidRuntime( 7612): >>>>>> AndroidRuntime START com.android.internal.os.ZygoteInit <<<<<<
D/AndroidRuntime( 7612): CheckJNI is OFF
I/art     ( 7612): option[0]=-Xzygote
I/art     ( 7612): option[1]=-Xstacktracefile:/data/anr/traces.txt
I/art     ( 7612): option[2]=exit
I/art     ( 7612): option[3]=vfprintf
I/art     ( 7612): option[4]=sensitiveThread
I/art     ( 7612): option[5]=-verbose:gc
I/art     ( 7612): option[6]=-Xms8m
I/art     ( 7612): option[7]=-Xmx256m
I/art     ( 7612): option[8]=-XX:mainThreadStackSize=24K
I/art     ( 7612): option[9]=-XX:HeapGrowthLimit=96m
I/art     ( 7612): option[10]=-XX:HeapMinFree=2m
I/art     ( 7612): option[11]=-XX:HeapMaxFree=8m
I/art     ( 7612): option[12]=-XX:HeapTargetUtilization=0.75
I/art     ( 7612): option[13]=-agentlib:jdwp=transport=dt_android_adb,suspend=n,server=y
I/art     ( 7612): option[14]=-Xlockprofthreshold:500
I/art     ( 7612): option[15]=-Ximage-compiler-option
I/art     ( 7612): option[16]=--runtime-arg
I/art     ( 7612): option[17]=-Ximage-compiler-option
I/art     ( 7612): option[18]=-Xms64m
I/art     ( 7612): option[19]=-Ximage-compiler-option
I/art     ( 7612): option[20]=--runtime-arg
I/art     ( 7612): option[21]=-Ximage-compiler-option
I/art     ( 7612): option[22]=-Xmx64m
I/art     ( 7612): option[23]=-Ximage-compiler-option
I/art     ( 7612): option[24]=--image-classes-zip=/system/framework/framework.jar
I/art     ( 7612): option[25]=-Ximage-compiler-option
I/art     ( 7612): option[26]=--image-classes=preloaded-classes
I/art     ( 7612): option[27]=-Xcompiler-option
I/art     ( 7612): option[28]=--runtime-arg
I/art     ( 7612): option[29]=-Xcompiler-option
I/art     ( 7612): option[30]=-Xms64m
I/art     ( 7612): option[31]=-Xcompiler-option
I/art     ( 7612): option[32]=--runtime-arg
I/art     ( 7612): option[33]=-Xcompiler-option
I/art     ( 7612): option[34]=-Xmx512m
I/art     ( 7612): option[35]=-Duser.language=en
I/art     ( 7612): option[36]=-Duser.region=US
I/mediaserver( 7614): ServiceManager: 0xb8cae7c0
I/AudioFlinger( 7614): Using default 3000 mSec as standby time.
I/ServiceManager( 7614): Waiting for service batterystats...
I/SamplingProfilerIntegration( 7612): Profiling disabled.
D/Zygote  ( 7612): begin preload
I/Zygote  ( 7612): Preloading classes...
I/art     ( 7612): Explicit concurrent mark sweep GC freed 1008(56KB) AllocSpace objects, 0(0B) LOS objects, 98% free, 77KB/4MB, paused 268us total 6.913ms
I/art     ( 7612): Counter: 1
E/Minikin ( 7612): addFont failed to create font /system/fonts/NanumGothic.ttf
E/Minikin ( 7612): addFont failed to create font /system/fonts/DroidSansFallback.ttf
I/art     ( 7612): Thread[1,tid=7612,WaitingForJniOnLoad,Thread*=0xb7779928,peer=0x12c430e0,"main"] recursive attempt to load library "/system/lib/libmedia_jni.so"
D/MtpDeviceJNI( 7612): register_android_mtp_MtpDevice
I/art     ( 7612): Thread[1,tid=7612,WaitingForJniOnLoad,Thread*=0xb7779928,peer=0x12c430e0,"main"] recursive attempt to load library "/system/lib/libmedia_jni.so"
I/art     ( 7612): Thread[1,tid=7612,WaitingForJniOnLoad,Thread*=0xb7779928,peer=0x12c430e0,"main"] recursive attempt to load library "/system/lib/libmedia_jni.so"
E/EmojiFactory_jni( 7612): Failed to load libemoji.so: dlopen failed: library "libemoji.so" not found
V/NatController( 7613): runCmd(/system/bin/iptables -F natctrl_FORWARD) res=0
V/NatController( 7613): runCmd(/system/bin/iptables -A natctrl_FORWARD -j DROP) res=0
V/NatController( 7613): runCmd(/system/bin/iptables -t nat -F natctrl_nat_POSTROUTING) res=0
V/NatController( 7613): runCmd(/system/bin/iptables -F natctrl_tether_counters) res=0
V/NatController( 7613): runCmd(/system/bin/iptables -X natctrl_tether_counters) res=0
V/NatController( 7613): runCmd(/system/bin/iptables -N natctrl_tether_counters) res=0
V/NatController( 7613): runCmd(/system/bin/iptables -t mangle -A natctrl_mangle_FORWARD -p tcp --tcp-flags SYN SYN -j TCPMSS --clamp-mss-to-pmtu) res=0
I/ServiceManager( 7614): Waiting for service batterystats...
I/System  ( 7612): Loaded time zone names for "" in 67ms (64ms in ICU)
I/System  ( 7612): Loaded time zone names for "en_US" in 45ms (40ms in ICU)
I/art     ( 7612): Explicit concurrent mark sweep GC freed 29761(1790KB) AllocSpace objects, 0(0B) LOS objects, 72% free, 1552KB/5MB, paused 309us total 25.888ms
I/Zygote  ( 7612): ...preloaded 3005 classes in 1006ms.
I/art     ( 7612): VMRuntime.preloadDexCaches starting
I/art     ( 7612): VMRuntime.preloadDexCaches strings total=217525 before=39928 after=39928
I/art     ( 7612): VMRuntime.preloadDexCaches types total=18479 before=6423 after=6461
I/art     ( 7612): VMRuntime.preloadDexCaches fields total=86761 before=32355 after=32718
I/art     ( 7612): VMRuntime.preloadDexCaches methods total=152495 before=66278 after=67180
I/art     ( 7612): VMRuntime.preloadDexCaches finished
I/art     ( 7612): Counter: 0
I/art     ( 7612): Counter: 1
I/art     ( 7612): Explicit concurrent mark sweep GC freed 152(19KB) AllocSpace objects, 0(0B) LOS objects, 72% free, 1533KB/5MB, paused 315us total 20.367ms
D/idmap   ( 7813): error: no read access to /vendor/overlay: No such file or directory
I/Zygote  ( 7612): Preloading resources...
D/MDnsDS  ( 7613): MDnsSdListener::Hander starting up
D/MDnsDS  ( 7613): MDnsSdListener starting to monitor
D/MDnsDS  ( 7613): Going to poll with pollCount 1
I/art     ( 7612): Explicit concurrent mark sweep GC freed 5796(225KB) AllocSpace objects, 0(0B) LOS objects, 40% free, 8MB/14MB, paused 422us total 15.320ms
I/Zygote  ( 7612): ...preloaded 430 resources in 325ms.
I/art     ( 7612): Explicit concurrent mark sweep GC freed 1123(56KB) AllocSpace objects, 0(0B) LOS objects, 40% free, 8MB/14MB, paused 367us total 13.656ms
I/Zygote  ( 7612): ...preloaded 41 resources in 27ms.
I/art     ( 7612): Counter: 0
D/libEGL  ( 7612): loaded /vendor/lib/egl/libEGL_adreno.so
D/libEGL  ( 7612): loaded /vendor/lib/egl/libGLESv1_CM_adreno.so
D/libEGL  ( 7612): loaded /vendor/lib/egl/libGLESv2_adreno.so
I/Zygote  ( 7612): Preloading shared libraries...
D/Zygote  ( 7612): end preload
I/art     ( 7612): Explicit concurrent mark sweep GC freed 461(21KB) AllocSpace objects, 0(0B) LOS objects, 39% free, 8MB/14MB, paused 366us total 13.239ms
I/art     ( 7612): Explicit concurrent mark sweep GC freed 41(1568B) AllocSpace objects, 0(0B) LOS objects, 40% free, 8MB/14MB, paused 360us total 13.144ms
I/art     ( 7612): Explicit concurrent mark sweep GC freed 5(160B) AllocSpace objects, 0(0B) LOS objects, 40% free, 8MB/14MB, paused 363us total 12.818ms
I/Zygote  ( 7612): System server process 7839 has been created
I/Zygote  ( 7612): Accepting command socket connections
I/InstallerConnection( 7839): disconnecting...
I/SystemServer( 7839): Entered the Android system server!
V/Fingerprint-JNI( 7839): FingerprintManager JNI ready.
I/        ( 7839): System server: starting sensor init.
D/SensorService( 7839): nuSensorService starting...
I/SystemServiceManager( 7839): Starting com.android.server.pm.Installer
I/Installer( 7839): Waiting for installd to be ready.
I/InstallerConnection( 7839): connecting...
I/installd(  248): new connection
I/SystemServiceManager( 7839): Starting com.android.server.am.ActivityManagerService$Lifecycle
I/ActivityManager( 7839): Memory class: 96
I/ServiceThread( 7839): Enabled StrictMode logging for ActivityManager looper.
I/AppOps  ( 7839): No existing app ops /data/system/appops.xml; starting empty
I/ServiceManager( 7614): Waiting for service batterystats...
I/IntentFirewall( 7839): Read new rules (A:0 B:0 S:0)
I/ServiceThread( 7839): Enabled StrictMode logging for android.ui looper.
I/ServiceThread( 7839): Enabled StrictMode logging for android.display looper.
E/Sensors ( 7839): Couldn't open /dev/lis3dh (Permission denied)
W/system_server( 7857): type=1400 audit(0.0:15): avc: denied { read } for name="lis3dh" dev="tmpfs" ino=8881 scontext=u:r:system_server:s0 tcontext=u:object_r:device:s0 tclass=chr_file
D/AppOps  ( 7839): AppOpsService published
I/SystemServiceManager( 7839): Starting com.android.server.power.PowerManagerService
I/ServiceThread( 7839): Enabled StrictMode logging for PowerManagerService looper.
E/QCOM PowerHAL( 7839): Unable to open libqti-perfd-client.so: dlopen failed: library "libqti-perfd-client.so" not found
E/QCOM PowerHAL( 7839): Failed to get qcopt handle.
I/QCOM PowerHAL( 7839): QCOM power HAL initing.
W/libsuspend( 7839): Error writing 'on' to /sys/power/state: Invalid argument
I/libsuspend( 7839): Selected wakeup count
I/QCOM PowerHAL( 7839): Got set_interactive hint
I/SystemServiceManager( 7839): Starting com.android.server.display.DisplayManagerService
E/BatteryStatsService( 7839): Failed to open /sys/kernel/wakeup_reasons/last_resume_reason
I/SystemServiceManager( 7839): Starting phase 100
I/DisplayManagerService( 7839): Display device added: DisplayDeviceInfo{"Built-in Screen": 720 x 1280, 60.0 fps, supportedRefreshRates [60.0], density 320, 326.571 x 328.404 dpi, appVsyncOff 0, presDeadline 17666667, touch INTERNAL, rotation 0, type BUILT_IN, state UNKNOWN, FLAG_DEFAULT_DISPLAY, FLAG_ROTATES_WITH_CONTENT, FLAG_SECURE, FLAG_SUPPORTS_PROTECTED_BUFFERS}
I/SystemServer( 7839): Package Manager
W/PackageManager( 7839): No security bridge jar found, using default
W/SystemConfig( 7839): No directory /system/etc/sysconfig, skipping
D/SELinuxMMAC( 7839): Using policy file /system/etc/security/mac_permissions.xml
I/art     ( 7839): DexFile_isDexOptNeeded failed to open oat file '/data/dalvik-cache/arm/system@framework@qcnvitems.jar@classes.dex' for file location '/system/framework/qcnvitems.jar': Failed to open oat filename for reading: No such file or directory
I/art     ( 7839): DexFile_isDexOptNeeded failed to open oat file '/system/framework/arm/qcnvitems.odex' for file location '/system/framework/qcnvitems.jar': Failed to open oat filename for reading: No such file or directory
E/cutils-trace( 7870): Error opening trace file: Permission denied (13)
I/dex2oat ( 7870): /system/bin/dex2oat --zip-fd=6 --zip-location=/system/framework/qcnvitems.jar --oat-fd=7 --oat-location=/data/dalvik-cache/arm/system@framework@qcnvitems.jar@classes.dex --instruction-set=arm --instruction-set-features=div --runtime-arg -Xms64m --runtime-arg -Xmx512m
E/dex2oat ( 7870): Failed to open dex from file descriptor for zip file '/system/framework/qcnvitems.jar': Entry not found
D/Sensors ( 7839): AccelerationSensor: Set Sensors state 0x0
D/Sensors ( 7839): AkmSensor: mEnabled[1] = 0
D/Sensors ( 7839): AkmSensor: mEnabled[2] = 0
D/Sensors ( 7839): AccelerationSensor: Set Sensors state 0x0
D/Sensors ( 7839): AccelerationSensor: Set Sensors state 0x0
I/        ( 7839): System server: sensor init done.
D/SensorService( 7839): nuSensorService thread starting...
D/SensorService( 7839): new thread SensorEventAckReceiver
I/dex2oat ( 7870): dex2oat took 219.739ms (threads: 4)
E/installd(  248): DexInv: --- END '/system/framework/qcnvitems.jar' --- status=0x0100, process failed
I/art     ( 7839): DexFile_isDexOptNeeded failed to open oat file '/data/dalvik-cache/arm/system@framework@qcrilhook.jar@classes.dex' for file location '/system/framework/qcrilhook.jar': Failed to open oat filename for reading: No such file or directory
I/art     ( 7839): DexFile_isDexOptNeeded failed to open oat file '/system/framework/arm/qcrilhook.odex' for file location '/system/framework/qcrilhook.jar': Failed to open oat filename for reading: No such file or directory
E/cutils-trace( 7874): Error opening trace file: Permission denied (13)
I/dex2oat ( 7874): /system/bin/dex2oat --zip-fd=6 --zip-location=/system/framework/qcrilhook.jar --oat-fd=7 --oat-location=/data/dalvik-cache/arm/system@framework@qcrilhook.jar@classes.dex --instruction-set=arm --instruction-set-features=div --runtime-arg -Xms64m --runtime-arg -Xmx512m
E/dex2oat ( 7874): Failed to open dex from file descriptor for zip file '/system/framework/qcrilhook.jar': Entry not found
I/dex2oat ( 7874): dex2oat took 219.778ms (threads: 4)
E/installd(  248): DexInv: --- END '/system/framework/qcrilhook.jar' --- status=0x0100, process failed
D/PackageManager( 7839): No files in app dir /vendor/overlay
W/ResourceType( 7839): Failure getting entry for 0x7f0b022e (t=10 e=558) (error -75)
W/PackageParser( 7839): No actions in intent filter at /system/priv-app/Contacts/Contacts.apk Binary XML file line #362
W/PackageParser( 7839): No actions in intent filter at /system/priv-app/Dialer/Dialer.apk Binary XML file line #167
E/MediaPlayerFactory( 7614): calling dlopen on FACTORY_LIB
E/MediaPlayerFactory( 7614): calling dlsym on pFactoryLib for FACTORY_CREATE_FN 
E/MediaPlayerFactory( 7614): registering DASH Player factory...
I/CameraService( 7614): CameraService started (pid=7614)
D/mm-camera-intf( 7614): index = 0 flag = 1 mount_angle = 90 facing = 0
D/mm-camera-intf( 7614): index = 1 flag = 103 mount_angle = 270 facing = 1
I/CameraService( 7614): Loaded "QCamera Module" camera module
I/AudioPolicyService( 7614): AudioPolicyService CSTOR in new mode
W/AudioPolicyManager( 7614): loadOutput() invalid supported devices
W/AudioPolicyManager( 7614): DeviceVector::add device 80000040 already in
I/AudioPolicyManager( 7614): loadAudioPolicyConfig() loaded /system/etc/audio_policy.conf
I/audio_a2dp_hw( 7614): adev_open:  adev_open in A2dp_hw module
I/AudioFlinger( 7614): loadHwModule() Loaded a2dp audio interface from A2DP Audio HW HAL (audio) handle 1
I/AudioFlinger( 7614): loadHwModule() Loaded usb audio interface from USB audio HW HAL (audio) handle 2
I/r_submix( 7614): adev_open(name=audio_hw_if)
I/r_submix( 7614): adev_init_check()
I/AudioFlinger( 7614): loadHwModule() Loaded r_submix audio interface from Wifi Display audio HAL (audio) handle 3
D/r_submix( 7614): adev_open_input_stream()
D/r_submix( 7614): submix_audio_device_create_pipe()
E/MonoPipe( 7614): Failed to fetch local time frequency when constructing a MonoPipe (res = -32).  getNextWriteTimestamp calls will be non-functional
I/AudioFlinger( 7614): AudioFlinger's thread 0xb5e94008 ready to run
D/r_submix( 7614): adev_close_input_stream()
D/r_submix( 7614): submix_audio_device_release_pipe()
D/r_submix( 7614): submix_audio_device_destroy_pipe(): pipe destroyed
W/AudioPolicyManager( 7614): Input device 00000001 unreachable
W/AudioPolicyManager( 7614): Input device 00000002 unreachable
W/AudioPolicyManager( 7614): Input device 00010000 unreachable
W/AudioPolicyManager( 7614): Input device 80000004 unreachable
W/AudioPolicyManager( 7614): Input device 80000080 unreachable
W/AudioPolicyManager( 7614): Input device 80000040 unreachable
W/AudioPolicyManager( 7614): Input device 80200000 unreachable
W/AudioPolicyManager( 7614): Input device 80400000 unreachable
E/AudioPolicyManager( 7614): Default device 00000002 is unreachable
E/AudioPolicyManager( 7614): Failed to open primary output
E/AudioPolicyManager( 7614): getDeviceForStrategy() speaker device not found for STRATEGY_SONIFICATION
E/AudioPolicyManager( 7614): getDeviceForStrategy() speaker device not found for STRATEGY_SONIFICATION
E/SoundTriggerHwService( 7614): couldn't load sound trigger module sound_trigger.primary (No such file or directory)
W/ResourceType( 7839): Failure getting entry for 0x7f08031b (t=7 e=795) (error -75)
W/PackageParser( 7839): No actions in intent filter at /system/app/BTTestApp/BTTestApp.apk Binary XML file line #66
W/PackageParser( 7839): No actions in intent filter at /system/app/Bluetooth/Bluetooth.apk Binary XML file line #229
W/PackageParser( 7839): Unknown element under <application>: uses-feature at /system/app/BluetoothExt/BluetoothExt.apk Binary XML file line #57
W/PackageParser( 7839): No actions in intent filter at /system/app/BluetoothExt/BluetoothExt.apk Binary XML file line #110
W/PackageParser( 7839): No actions in intent filter at /system/app/BluetoothExt/BluetoothExt.apk Binary XML file line #134
W/PackageParser( 7839): No actions in intent filter at /system/app/BluetoothExt/BluetoothExt.apk Binary XML file line #161
W/PackageParser( 7839): Unknown element under <application>: permission at /system/app/Gallery2/Gallery2.apk Binary XML file line #251
W/PackageParser( 7839): Unknown element under <application>: permission at /system/app/Gallery2/Gallery2.apk Binary XML file line #254
D/PackageManager( 7839): No files in app dir /system/vendor/app
D/PackageManager( 7839): No files in app dir /oem/app
D/PackageManager( 7839): No files in app dir /data/app
D/PackageManager( 7839): No files in app dir /data/app-private
W/PackageManager( 7839): Package com.android.gallery3d desires unavailable shared library com.google.android.media.effects; ignoring!
W/PackageManager( 7839): Package com.android.gallery3d desires unavailable shared library com.google.android.media.effects; ignoring!
W/PackageManager( 7839): Package org.codeaurora.bluetooth desires unavailable shared library com.quicinc.wbc; ignoring!
I/PackageManager( 7839): Adjusting ABI for : com.android.providers.settings to armeabi-v7a
I/PackageManager( 7839): Adjusting ABI for : com.qualcomm.services.location to armeabi-v7a
I/PackageManager( 7839): Adjusting ABI for : com.motorola.motgeofencesvc to armeabi-v7a
I/PackageManager( 7839): Adjusting ABI for : com.qualcomm.location to armeabi-v7a
I/PackageManager( 7839): Adjusting ABI for : com.android.inputdevices to armeabi-v7a
I/PackageManager( 7839): Adjusting ABI for : com.android.location.fused to armeabi-v7a
I/PackageManager( 7839): Adjusting ABI for : com.android.keychain to armeabi-v7a
I/PackageManager( 7839): Adjusting ABI for : com.android.settings to armeabi-v7a
I/PackageManager( 7839): Time to scan packages: 1.3 seconds
W/PackageManager( 7839): Unknown permission com.google.android.googleapps.permission.GOOGLE_AUTH.mail in package com.android.calendar
W/PackageManager( 7839): Unknown permission android.permission.MMS_PUSH in package org.codeaurora.bluetooth
W/PackageManager( 7839): Unknown permission com.google.android.gallery3d.permission.PICASA_STORE in package com.android.dreams.phototable
W/PackageManager( 7839): Unknown permission com.google.android.googleapps.permission.GOOGLE_AUTH in package com.android.settings
W/PackageManager( 7839): Unknown permission com.qualcomm.permission.ACCESS_LOCATION_API in package com.qualcomm.location
W/PackageManager( 7839): Not granting permission android.permission.DELETE_PACKAGES to package com.svox.pico (protectionLevel=18 flags=0x8be45)
W/PackageManager( 7839): Not granting permission android.permission.BIND_WALLPAPER to package com.android.camera2 (protectionLevel=18 flags=0x58bc45)
W/PackageManager( 7839): Unknown permission com.google.android.gallery3d.permission.GALLERY_PROVIDER in package com.android.bluetooth
W/PackageManager( 7839): Unknown permission com.motorola.permission.TELEPHONY_RAW in package com.qualcomm.qcrilmsgtunnel
W/PackageManager( 7839): Not granting permission android.permission.DEVICE_POWER to package com.android.deskclock (protectionLevel=2 flags=0x48be45)
W/PackageManager( 7839): Not granting permission android.permission.GLOBAL_SEARCH to package com.android.quicksearchbox (protectionLevel=18 flags=0x48be45)
W/PackageManager( 7839): Unknown permission com.google.android.googleapps.permission.GOOGLE_AUTH in package com.android.providers.calendar
W/PackageManager( 7839): Unknown permission com.google.android.googleapps.permission.GOOGLE_AUTH.cl in package com.android.providers.calendar
W/PackageManager( 7839): Unknown permission android.permission.INSTALL_DRM in package com.android.mms
W/PackageManager( 7839): Not granting permission android.permission.ACCESS_DOWNLOAD_MANAGER to package com.android.browser (protectionLevel=18 flags=0x9be45)
W/PackageManager( 7839): Not granting permission android.permission.SEND_DOWNLOAD_COMPLETED_INTENTS to package com.android.browser (protectionLevel=2 flags=0x9be45)
I/art     ( 7839): Explicit concurrent mark sweep GC freed 41967(1983KB) AllocSpace objects, 2(32KB) LOS objects, 33% free, 9MB/13MB, paused 681us total 51.238ms
I/SystemServer( 7839): User Service
I/lowmemorykiller(  211): ActivityManager connected
I/SystemServiceManager( 7839): Starting com.android.server.lights.LightsService
I/SystemServiceManager( 7839): Starting com.android.server.BatteryService
I/SystemServiceManager( 7839): Starting com.android.server.usage.UsageStatsService
I/SystemServiceManager( 7839): Starting com.android.server.webkit.WebViewUpdateService
I/SystemServer( 7839): Reading configuration...
I/SystemServer( 7839): Scheduling Policy
I/SystemServer( 7839): Telephony Registry
I/SystemServer( 7839): Entropy Mixer
I/EntropyMixer( 7839): Added HW RNG output to entropy pool
I/EntropyMixer( 7839): Writing entropy...
I/SystemServer( 7839): Account Manager
I/SystemServer( 7839): Content Manager
I/SystemServer( 7839): System Content Providers
W/ActivityManager( 7839): Can't addPackageDependency on system process
W/CoreSettingsObserver( 7839): Cannot find setting "debug_view_attributes"
W/CoreSettingsObserver( 7839): android.provider.Settings$SettingNotFoundException: debug_view_attributes
W/CoreSettingsObserver( 7839): 	at android.provider.Settings$Global.getInt(Settings.java:6884)
W/CoreSettingsObserver( 7839): 	at com.android.server.am.CoreSettingsObserver.populateSettings(CoreSettingsObserver.java:129)
W/CoreSettingsObserver( 7839): 	at com.android.server.am.CoreSettingsObserver.sendCoreSettings(CoreSettingsObserver.java:82)
W/CoreSettingsObserver( 7839): 	at com.android.server.am.CoreSettingsObserver.<init>(CoreSettingsObserver.java:65)
W/CoreSettingsObserver( 7839): 	at com.android.server.am.ActivityManagerService.installSystemProviders(ActivityManagerService.java:9868)
W/CoreSettingsObserver( 7839): 	at com.android.server.SystemServer.startOtherServices(SystemServer.java:463)
W/CoreSettingsObserver( 7839): 	at com.android.server.SystemServer.run(SystemServer.java:264)
W/CoreSettingsObserver( 7839): 	at com.android.server.SystemServer.main(SystemServer.java:178)
W/CoreSettingsObserver( 7839): 	at java.lang.reflect.Method.invoke(Native Method)
W/CoreSettingsObserver( 7839): 	at java.lang.reflect.Method.invoke(Method.java:372)
W/CoreSettingsObserver( 7839): 	at com.android.internal.os.ZygoteInit$MethodAndArgsCaller.run(ZygoteInit.java:898)
W/CoreSettingsObserver( 7839): 	at com.android.internal.os.ZygoteInit.main(ZygoteInit.java:693)
I/SystemServer( 7839): Vibrator Service
I/SystemServer( 7839): Consumer IR Service
E/ConsumerIrService( 7839): Can't open consumer IR HW Module, error: -2
I/SystemServiceManager( 7839): Starting com.android.server.AlarmManagerService
I/SystemServer( 7839): Init Watchdog
I/SystemServer( 7839): Input Manager
I/InputManager( 7839): Initializing input manager, mUseDevInputEventForAudioJack=true
I/SystemServer( 7839): Window Manager
I/WindowManager( 7839): No existing display settings /data/system/display_settings.xml; starting empty
I/InputManager( 7839): Starting input manager
D/EventHub( 7839): No input device configuration file found for device 'msm8226-tapan9302-snd-card Headset Jack'.
I/EventHub( 7839): New device: id=1, fd=80, path='/dev/input/event7', name='msm8226-tapan9302-snd-card Headset Jack', classes=0x80, configuration='', keyLayout='', keyCharacterMap='', builtinKeyboard=false, wakeMechanism=EVIOCSSUSPENDBLOCK, usingClockIoctl=true
D/EventHub( 7839): No input device configuration file found for device 'msm8226-tapan9302-snd-card Button Jack'.
I/SystemServer( 7839): Bluetooth Manager Service
D/BluetoothManagerService( 7839): Loading stored name and address
D/BluetoothManagerService( 7839): Stored bluetooth Name=null,Address=null
I/SystemServer( 7839): Input Method Service
W/EventHub( 7839): Unable to disable kernel key repeat for /dev/input/event6: Function not implemented
I/EventHub( 7839): New device: id=2, fd=81, path='/dev/input/event6', name='msm8226-tapan9302-snd-card Button Jack', classes=0x1, configuration='', keyLayout='/system/usr/keylayout/Generic.kl', keyCharacterMap='/system/usr/keychars/Generic.kcm', builtinKeyboard=false, wakeMechanism=EVIOCSSUSPENDBLOCK, usingClockIoctl=true
D/EventHub( 7839): No input device configuration file found for device 'synaptics_dsx_i2c'.
I/EventHub( 7839): New device: id=3, fd=82, path='/dev/input/event2', name='synaptics_dsx_i2c', classes=0x14, configuration='', keyLayout='', keyCharacterMap='', builtinKeyboard=false, wakeMechanism=EVIOCSSUSPENDBLOCK, usingClockIoctl=true
D/EventHub( 7839): No input device configuration file found for device 'qpnp_pon'.
W/EventHub( 7839): Unable to disable kernel key repeat for /dev/input/event4: Function not implemented
I/EventHub( 7839): New device: id=4, fd=83, path='/dev/input/event4', name='qpnp_pon', classes=0x1, configuration='', keyLayout='/system/usr/keylayout/Generic.kl', keyCharacterMap='/system/usr/keychars/Generic.kcm', builtinKeyboard=false, wakeMechanism=EVIOCSSUSPENDBLOCK, usingClockIoctl=true
D/EventHub( 7839): No input device configuration file found for device 'light-prox'.
W/InputMethodManagerService( 7839): Couldn't create dir.: /data/system/inputmethod
I/SystemServer( 7839): Accessibility Manager
D/EventHub( 7839): No input device configuration file found for device 'accelerometer'.
I/ActivityManager( 7839): Config changes=1df8 {1.0 ?mcc?mnc en_US ldltr sw360dp w360dp h640dp 320dpi nrml long port ?uimode ?night -touch -keyb/v/h -nav/h s.2}
I/ActivityManager( 7839): Config changes=400 {1.0 ?mcc?mnc en_US ldltr sw360dp w360dp h615dp 320dpi nrml long port ?uimode ?night -touch -keyb/v/h -nav/h s.3}
I/SystemServer( 7839): Mount Service
I/UsageStatsService( 7839): User[0] Rollover scheduled @ 1970-02-04 00:00:00(2937600000)
D/MountService( 7839): got storage path: /storage/sdcard0 description: Internal storage primary: true removable: false emulated: true mtpReserve: 100 allowMassStorage: false maxFileSize: 0 allowMtp: true
D/MountService( 7839): addVolumeLocked() StorageVolume:
D/MountService( 7839):     mStorageId=65537 mPath=/storage/emulated/0 mDescriptionId=17040807 
D/MountService( 7839):     mPrimary=true mRemovable=false mEmulated=true mMtpReserveSpace=100 
D/MountService( 7839):     mAllowMassStorage=false mMaxFileSize=0 mOwner=UserHandle{0} mUuid=null 
D/MountService( 7839):     mUserLabel=null mState=null mAllowMtp=true 
D/MountService( 7839): got storage path: /storage/sdcard1 description: SD card primary: false removable: true emulated: false mtpReserve: 0 allowMassStorage: true maxFileSize: 0 allowMtp: true
D/MountService( 7839): addVolumeLocked() StorageVolume:
D/MountService( 7839):     mStorageId=0 mPath=/storage/sdcard1 mDescriptionId=17040808 mPrimary=false 
D/MountService( 7839):     mRemovable=true mEmulated=false mMtpReserveSpace=0 mAllowMassStorage=true 
D/MountService( 7839):     mMaxFileSize=0 mOwner=null mUuid=null mUserLabel=null mState=null 
D/MountService( 7839):     mAllowMtp=true 
D/EventHub( 7839): No input device configuration file found for device 'compass'.
I/SystemServer( 7839): LockSettingsService
I/SystemServiceManager( 7839): Starting com.android.server.devicepolicy.DevicePolicyManagerService$Lifecycle
E/MountService( 7839): Error processing initial volume state
E/MountService( 7839): java.lang.NullPointerException: Attempt to invoke virtual method 'java.lang.String android.os.storage.StorageVolume.getPath()' on a null object reference
E/MountService( 7839): 	at com.android.server.MountService.updatePublicVolumeState(MountService.java:752)
E/MountService( 7839): 	at com.android.server.MountService.access$1700(MountService.java:119)
E/MountService( 7839): 	at com.android.server.MountService$3.run(MountService.java:860)
I/PackageManager( 7839): No secure containers found
W/PackageManager( 7839): Unknown permission com.google.android.googleapps.permission.GOOGLE_AUTH.mail in package com.android.calendar
W/PackageManager( 7839): Unknown permission android.permission.MMS_PUSH in package org.codeaurora.bluetooth
W/PackageManager( 7839): Unknown permission com.google.android.gallery3d.permission.PICASA_STORE in package com.android.dreams.phototable
W/PackageManager( 7839): Unknown permission com.google.android.googleapps.permission.GOOGLE_AUTH in package com.android.settings
W/PackageManager( 7839): Unknown permission com.qualcomm.permission.ACCESS_LOCATION_API in package com.qualcomm.location
W/PackageManager( 7839): Not granting permission android.permission.DELETE_PACKAGES to package com.svox.pico (protectionLevel=18 flags=0x8be45)
W/PackageManager( 7839): Not granting permission android.permission.BIND_WALLPAPER to package com.android.camera2 (protectionLevel=18 flags=0x58bc45)
W/PackageManager( 7839): Unknown permission com.google.android.gallery3d.permission.GALLERY_PROVIDER in package com.android.bluetooth
W/PackageManager( 7839): Unknown permission com.motorola.permission.TELEPHONY_RAW in package com.qualcomm.qcrilmsgtunnel
W/PackageManager( 7839): Not granting permission android.permission.DEVICE_POWER to package com.android.deskclock (protectionLevel=2 flags=0x48be45)
W/PackageManager( 7839): Not granting permission android.permission.GLOBAL_SEARCH to package com.android.quicksearchbox (protectionLevel=18 flags=0x48be45)
W/PackageManager( 7839): Unknown permission com.google.android.googleapps.permission.GOOGLE_AUTH in package com.android.providers.calendar
W/PackageManager( 7839): Unknown permission com.google.android.googleapps.permission.GOOGLE_AUTH.cl in package com.android.providers.calendar
W/PackageManager( 7839): Unknown permission android.permission.INSTALL_DRM in package com.android.mms
W/PackageManager( 7839): Not granting permission android.permission.ACCESS_DOWNLOAD_MANAGER to package com.android.browser (protectionLevel=18 flags=0x9be45)
W/PackageManager( 7839): Not granting permission android.permission.SEND_DOWNLOAD_COMPLETED_INTENTS to package com.android.browser (protectionLevel=2 flags=0x9be45)
D/EventHub( 7839): No input device configuration file found for device 'gpio-keys'.
W/EventHub( 7839): Unable to disable kernel key repeat for /dev/input/event5: Function not implemented
I/EventHub( 7839): New device: id=8, fd=91, path='/dev/input/event5', name='gpio-keys', classes=0x81, configuration='', keyLayout='/system/usr/keylayout/gpio-keys.kl', keyCharacterMap='/system/usr/keychars/Generic.kcm', builtinKeyboard=false, wakeMechanism=EVIOCSSUSPENDBLOCK, usingClockIoctl=true
I/InputReader( 7839): Device added: id=-1, name='Virtual', sources=0x00000301
I/InputReader( 7839): Device added: id=8, name='gpio-keys', sources=0x80000101
I/InputReader( 7839): Device added: id=4, name='qpnp_pon', sources=0x00000101
I/InputReader( 7839):   Touch device 'synaptics_dsx_i2c' could not query the properties of its associated display.  The device will be inoperable until the display size becomes available.
I/InputReader( 7839): Device added: id=3, name='synaptics_dsx_i2c', sources=0x00001002
I/InputReader( 7839): Device added: id=2, name='msm8226-tapan9302-snd-card Button Jack', sources=0x00000101
I/InputReader( 7839): Device added: id=1, name='msm8226-tapan9302-snd-card Headset Jack', sources=0x80000000
I/InputReader( 7839): Reconfiguring input devices.  changes=0x00000004
I/InputReader( 7839): Device reconfigured: id=3, name='synaptics_dsx_i2c', size 720x1280, orientation 0, mode 1, display id 0
I/ActivityManager( 7839): Config changes=8 {1.0 ?mcc?mnc en_US ldltr sw360dp w360dp h615dp 320dpi nrml long port ?uimode ?night finger -keyb/v/h -nav/h s.4}
I/SystemServer( 7839): Status Bar
I/SystemServer( 7839): Clipboard Service
W/ClipboardService( 7839): No security bridge jar found, using default
I/SystemServer( 7839): NetworkManagement Service
I/SystemServer( 7839): Text Service Manager Service
I/SystemServer( 7839): Network Score Service
I/SystemServer( 7839): NetworkStats Service
I/SystemServer( 7839): NetworkPolicy Service
I/SystemServiceManager( 7839): Starting com.android.server.wifi.p2p.WifiP2pService
I/WifiP2pService( 7839): Registering wifip2p
I/SystemServiceManager( 7839): Starting com.android.server.wifi.WifiService
E/WifiConfigStore( 7839): associatedPartialScanPeriodMilli set to 20000
D/WifiController( 7839): isAirplaneModeOn = false, isWifiEnabled = false, isScanningAvailable = false
I/WifiService( 7839): Registering wifi
I/SystemServiceManager( 7839): Starting com.android.server.wifi.WifiScanningService
I/WifiScanningService( 7839): Creating wifiscanner
I/WifiScanningService( 7839): Starting wifiscanner
I/SystemServiceManager( 7839): Starting com.android.server.wifi.RttService
I/RttService( 7839): Creating rttmanager
I/RttService( 7839): Starting rttmanager
I/SystemServer( 7839): Connectivity Service
D/ConnectivityService( 7839): ConnectivityService starting up
D/ConnectivityService( 7839): wifiOnly=false
E/ConnectivityService( 7839): Ignoring protectedNetwork 14
E/ConnectivityService( 7839): Ignoring protectedNetwork 15
I/SystemServer( 7839): Network Service Discovery Service
D/NsdService( 7839): Network service discovery enabled true
I/SystemServer( 7839): DPM Service
I/SystemServer( 7839): DPM configuration set to 0
I/SystemServer( 7839): UpdateLock Service
I/SystemServiceManager( 7839): Starting com.android.server.notification.NotificationManagerService
I/SystemServiceManager( 7839): Starting com.android.server.storage.DeviceStorageMonitorService
I/SystemServer( 7839): Location Manager
I/SystemServer( 7839): Country Detector
I/SystemServer( 7839): Search Service
I/SystemServer( 7839): DropBox Service
I/SystemServer( 7839): Wallpaper Service
W/WallpaperManagerService( 7839): no current wallpaper -- first boot?
I/SystemServer( 7839): Audio Service
E/AudioPolicyManager( 7614): getDeviceForStrategy() speaker device not found for STRATEGY_SONIFICATION
E/AudioPolicyManager( 7614): getDeviceForStrategy() speaker device not found for STRATEGY_SONIFICATION
E/AudioPolicyManager( 7614): getDeviceForStrategy() speaker device not found for STRATEGY_SONIFICATION
E/AudioPolicyManager( 7614): getDeviceForStrategy() speaker device not found for STRATEGY_SONIFICATION
E/AudioPolicyManager( 7614): getDeviceForStrategy() speaker device not found for STRATEGY_SONIFICATION
E/AudioPolicyManager( 7614): getDeviceForStrategy() speaker device not found for STRATEGY_SONIFICATION
W/TelecomManager( 7839): Telecom Service not found.
E/AudioPolicyManager( 7614): getDeviceForStrategy() speaker device not found for STRATEGY_SONIFICATION
E/AudioPolicyManager( 7614): getDeviceForStrategy() speaker device not found for STRATEGY_SONIFICATION
E/AudioPolicyManager( 7614): getDeviceForStrategy() speaker device not found for STRATEGY_SONIFICATION
E/AudioPolicyManager( 7614): getDeviceForStrategy() speaker device not found for STRATEGY_SONIFICATION
E/AudioPolicyManager( 7614): getDeviceForStrategy() speaker device not found for STRATEGY_SONIFICATION
E/AudioPolicyManager( 7614): getDeviceForStrategy() speaker device not found for STRATEGY_SONIFICATION
I/SystemServiceManager( 7839): Starting com.android.server.DockObserver
W/DockObserver( 7839): This kernel does not have dock station support
I/SystemServer( 7839): Wired Accessory Manager
W/WiredAccessoryManager( 7839): This kernel does not have HDMI audio support
I/SystemServiceManager( 7839): Starting com.android.server.usb.UsbService$Lifecycle
I/SystemServer( 7839): Serial Service
I/SystemServiceManager( 7839): Starting com.android.server.twilight.TwilightService
I/SystemServiceManager( 7839): Starting com.android.server.UiModeManagerService
I/SystemServiceManager( 7839): Starting com.android.server.job.JobSchedulerService
I/SystemServiceManager( 7839): Starting com.android.server.backup.BackupManagerService$Lifecycle
I/SELinux ( 7839): SELinux: Loaded file_contexts from /file_contexts
V/BackupManagerService( 7839): No ancestral data
D/BackupManagerService( 7839): Now staging backup of com.android.calendar
D/BackupManagerService( 7839): Now staging backup of com.android.dialer
D/BackupManagerService( 7839): Now staging backup of com.android.providers.userdictionary
D/BackupManagerService( 7839): Now staging backup of com.android.sharedstoragebackup
D/BackupManagerService( 7839): Now staging backup of com.android.providers.settings
D/BackupManagerService( 7839): Now staging backup of android
D/BackupManagerService( 7839): Now staging backup of com.android.mms
D/BackupManagerService( 7839): Now staging backup of com.android.browser
V/BackupManagerService( 7839): Starting with transport android/com.android.internal.backup.LocalTransport
V/BackupManagerService( 7839): Found transports: 1
I/BackupManagerService( 7839): Binding to transport host ComponentInfo{android/com.android.internal.backup.LocalTransportService}
I/BackupManagerService( 7839): Found stale backup journal, scheduling
I/SystemServiceManager( 7839): Starting com.android.server.appwidget.AppWidgetService
I/SystemServiceManager( 7839): Starting com.android.server.voiceinteraction.VoiceInteractionManagerService
W/SoundTriggerHelper( 7839): listModules status=0, # of modules=0
I/SystemServer( 7839): DiskStats Service
I/SystemServer( 7839): SamplingProfiler Service
I/SystemServer( 7839): NetworkTimeUpdateService
I/SystemServer( 7839): CommonTimeManagementService
I/SystemServer( 7839): CertBlacklister
I/SystemServiceManager( 7839): Starting com.android.server.dreams.DreamManagerService
I/SystemServer( 7839): Assets Atlas Service
I/SystemServiceManager( 7839): Starting com.android.server.print.PrintManagerService
I/SystemServiceManager( 7839): Starting com.android.server.restrictions.RestrictionsManagerService
D/Atlas   ( 7839): Loaded configuration: SliceShortAxis (1344x1408) flags=0x2 count=410
I/SystemServiceManager( 7839): Starting com.android.server.media.MediaSessionService
I/SystemServer( 7839): Media Router Service
I/SystemServiceManager( 7839): Starting com.android.server.trust.TrustManagerService
I/SystemServiceManager( 7839): Starting com.android.server.fingerprint.FingerprintService
V/Fingerprint-JNI( 7839): nativeInit()
V/Fingerprint-JNI( 7839): nativeOpenHal()
E/Fingerprint-JNI( 7839): Can't open fingerprint HW Module, error: -2
I/SystemServer( 7839): BackgroundDexOptService
I/SystemServiceManager( 7839): Starting com.android.server.pm.LauncherAppsService
D/SystemServer( 7839): Wipower not supported
I/SystemServer( 7839): Digital Pen Service
W/SystemServer( 7839): ***********************************************
F/SystemServer( 7839): BOOT FAILURE starting DigitalPenService
F/SystemServer( 7839): java.lang.ClassNotFoundException: Didn't find class "com.qti.snapdragon.digitalpen.DigitalPenService" on path: DexPathList[[],nativeLibraryDirectories=[/vendor/lib, /system/lib]]
F/SystemServer( 7839): 	at dalvik.system.BaseDexClassLoader.findClass(BaseDexClassLoader.java:56)
F/SystemServer( 7839): 	at java.lang.ClassLoader.loadClass(ClassLoader.java:511)
F/SystemServer( 7839): 	at java.lang.ClassLoader.loadClass(ClassLoader.java:469)
F/SystemServer( 7839): 	at com.android.server.SystemServer.startOtherServices(SystemServer.java:996)
F/SystemServer( 7839): 	at com.android.server.SystemServer.run(SystemServer.java:264)
F/SystemServer( 7839): 	at com.android.server.SystemServer.main(SystemServer.java:178)
F/SystemServer( 7839): 	at java.lang.reflect.Method.invoke(Native Method)
F/SystemServer( 7839): 	at java.lang.reflect.Method.invoke(Method.java:372)
F/SystemServer( 7839): 	at com.android.internal.os.ZygoteInit$MethodAndArgsCaller.run(ZygoteInit.java:898)
F/SystemServer( 7839): 	at com.android.internal.os.ZygoteInit.main(ZygoteInit.java:693)
F/SystemServer( 7839): 	Suppressed: java.lang.ClassNotFoundException: Didn't find class "com.qti.snapdragon.digitalpen.DigitalPenService" on path: DexPathList[[directory "."],nativeLibraryDirectories=[/vendor/lib, /system/lib]]
F/SystemServer( 7839): 		at dalvik.system.BaseDexClassLoader.findClass(BaseDexClassLoader.java:56)
F/SystemServer( 7839): 		at java.lang.ClassLoader.loadClass(ClassLoader.java:511)
F/SystemServer( 7839): 		at java.lang.ClassLoader.loadClass(ClassLoader.java:504)
F/SystemServer( 7839): 		... 8 more
F/SystemServer( 7839): 		Suppressed: java.lang.ClassNotFoundException: com.qti.snapdragon.digitalpen.DigitalPenService
F/SystemServer( 7839): 			at java.lang.Class.classForName(Native Method)
F/SystemServer( 7839): 			at java.lang.BootClassLoader.findClass(ClassLoader.java:781)
F/SystemServer( 7839): 			at java.lang.BootClassLoader.loadClass(ClassLoader.java:841)
F/SystemServer( 7839): 			at java.lang.ClassLoader.loadClass(ClassLoader.java:504)
F/SystemServer( 7839): 			... 9 more
F/SystemServer( 7839): 		Caused by: java.lang.NoClassDefFoundError: Class not found using the boot class loader; no stack available
I/SystemServiceManager( 7839): Starting com.android.server.media.projection.MediaProjectionManagerService
I/WindowManager( 7839): SAFE MODE not enabled
I/SystemServiceManager( 7839): Starting com.android.server.MmsServiceBroker
E/SQLiteLog( 7839): (283) recovered 14 frames from WAL file /data/system/locksettings.db-wal
I/SystemServiceManager( 7839): Starting phase 480
I/Adreno-EGL( 7839): <qeglDrvAPI_eglInitialize:410>: EGL 1.4 QUALCOMM build: Nondeterministic_AU_msm8974_LA.BF.1.1.1_RB1__release_AU ()
I/Adreno-EGL( 7839): OpenGL ES Shader Compiler Version: E031.25.03.00
I/Adreno-EGL( 7839): Build Date: 12/11/14 Thu
I/Adreno-EGL( 7839): Local Branch: mybranch6275889
I/Adreno-EGL( 7839): Remote Branch: quic/LA.BF.1.1_rb1.16
I/Adreno-EGL( 7839): Local Patches: NONE
I/Adreno-EGL( 7839): Reconstruct Branch: NOTHING
I/SystemServiceManager( 7839): Starting phase 500
I/WifiService( 7839): WifiService starting up with Wi-Fi disabled
D/WifiService( 7839): New client listening to asynchronous messages
I/WifiScanningService( 7839): Registering wifiscanner
D/Atlas   ( 7839): Rendered atlas in 111.77ms (54.98+56.79ms)
D/WifiScanningService( 7839): New client, channel: null messenger: null
I/RttService( 7839): Registering rttmanager
D/WifiChangeStateMachine( 7839): Entering IdleState
D/WifiScanningService( 7839): DefaultState
I/ActivityManager( 7839): Config changes=200 {1.0 ?mcc?mnc en_US ldltr sw360dp w360dp h615dp 320dpi nrml long port finger -keyb/v/h -nav/h s.5}
I/ActivityManager( 7839): System now ready
I/SystemServer( 7839): Making services ready
I/SystemServiceManager( 7839): Starting phase 550
D/SurfaceFlinger(  214): Set power mode=2, type=0 flinger=0xb84b85e0
D/SurfaceFlinger(  214): Screen type=0 is already mode=2
I/DigitalPenOffScreenDisplayAdapter( 7839): mInfo is null, getting a new one
I/DisplayManagerService( 7839): Display device added: DisplayDeviceInfo{"Digital Pen off-screen display": 480 x 640, 60.0 fps, supportedRefreshRates [], density 160, 160.0 x 160.0 dpi, appVsyncOff 0, presDeadline 0, touch EXTERNAL, rotation 0, type BUILT_IN, state ON, FLAG_ROTATES_WITH_CONTENT}
I/DisplayManagerService( 7839): Display device changed: DisplayDeviceInfo{"Built-in Screen": 720 x 1280, 60.0 fps, supportedRefreshRates [60.0], density 320, 326.571 x 328.404 dpi, appVsyncOff 0, presDeadline 17666667, touch INTERNAL, rotation 0, type BUILT_IN, state ON, FLAG_DEFAULT_DISPLAY, FLAG_ROTATES_WITH_CONTENT, FLAG_SECURE, FLAG_SUPPORTS_PROTECTED_BUFFERS}
I/art     ( 7839): Background partial concurrent mark sweep GC freed 26211(2007KB) AllocSpace objects, 2(32KB) LOS objects, 33% free, 12MB/18MB, paused 8.117ms total 80.758ms
I/SystemServer( 7839): WebViewFactory preparation
I/InputReader( 7839): Reconfiguring input devices.  changes=0x00000004
I/Zygote  ( 7839): Process: zygote socket opened, supported ABIS: armeabi-v7a,armeabi
I/ActivityManager( 7839): Start proc WebViewLoader-armeabi-v7a [android.webkit.WebViewFactory$RelroFileCreator] for : pid=7947 uid=1037 gids={} abi=armeabi-v7a
V/WebViewFactory( 7947): RelroFileCreator (64bit = false),  32-bit lib: /system/app/webview/lib/arm/libwebviewchromium.so, 64-bit lib: 
I/ActivityManager( 7839): Start proc android.process.media for broadcast com.android.providers.media/.MtpReceiver: pid=7965 uid=10006 gids={50006, 9997, 1028, 1015, 1023, 1024, 2001, 3003, 3007} abi=armeabi-v7a
I/ActivityManager( 7839): Start proc com.android.systemui for service com.android.systemui/.SystemUIService: pid=7975 uid=10015 gids={50015, 9997, 1028, 1015, 1035, 3002, 3001, 3006} abi=armeabi-v7a
D/NetworkManagementService( 7839): enabling bandwidth control
E/MountService( 7839): Boot-time mount failed (-1)
W/MountService( 7839): Duplicate state transition (mounted -> mounted) for /storage/emulated/0
I/art     ( 7947): System.exit called, status: 0
I/AndroidRuntime( 7947): VM exiting with result code 0, cleanup skipped.
E/SQLiteLog( 7965): (283) recovered 41 frames from WAL file /data/data/com.android.providers.media/databases/external.db-wal
V/SystemUIService( 7975): Starting SystemUI services.
V/FingerprintService( 7839): startListening(android.service.fingerprint.IFingerprintServiceReceiver$Stub$Proxy@15b3fbc4)
E/OMXMaster( 7614): A component of name 'OMX.qcom.audio.decoder.aac' already exists, ignoring this one.
D/Utils   ( 7614): printFileName fd(11) -> /system/media/audio/ui/Lock.ogg
D/ExtendedUtils( 7614): extended extractor not needed, return default
E/cutils-trace( 7614): Error opening trace file: Permission denied (13)
D/AudioPolicyManager( 7614): isOffloadSupported: stream_type != MUSIC, returning false
E/OMXNodeInstance( 7614): getParameter(100663311) ERROR: 0x8000101a
E/OMXNodeInstance( 7614): getParameter(100663297) ERROR: 0x8000101a
E/OMXNodeInstance( 7614): getParameter(100663311) ERROR: 0x8000101a
E/OMXNodeInstance( 7614): getParameter(100663297) ERROR: 0x8000101a
E/OMXNodeInstance( 7614): getParameter(100663311) ERROR: 0x8000101a
E/OMXNodeInstance( 7614): getParameter(100663297) ERROR: 0x8000101a
E/OMXNodeInstance( 7614): getParameter(100663311) ERROR: 0x8000101a
E/OMXNodeInstance( 7614): getParameter(100663297) ERROR: 0x8000101a
E/OMXNodeInstance( 7614): getParameter(100663311) ERROR: 0x8000101a
E/OMXNodeInstance( 7614): getParameter(100663297) ERROR: 0x8000101a
D/MtpService( 7965): updating state; isCurrentUser=true, mMtpLocked=true
E/OMXNodeInstance( 7614): getParameter(100663311) ERROR: 0x8000101a
E/OMXNodeInstance( 7614): getParameter(100663297) ERROR: 0x8000101a
E/OMXNodeInstance( 7614): getParameter(100663311) ERROR: 0x8000101a
E/OMXNodeInstance( 7614): getParameter(100663297) ERROR: 0x8000101a
D/MtpService( 7965): updating state; isCurrentUser=true, mMtpLocked=true
E/OMXNodeInstance( 7614): getParameter(100663311) ERROR: 0x8000101a
E/OMXNodeInstance( 7614): getParameter(100663297) ERROR: 0x8000101a
D/MtpService( 7965): starting MTP server in MTP mode
E/OMXNodeInstance( 7614): getParameter(100663311) ERROR: 0x8000101a
E/OMXNodeInstance( 7614): getParameter(100663297) ERROR: 0x8000101a
E/OMXNodeInstance( 7614): getParameter(100663311) ERROR: 0x8000101a
