E/OMX-VDEC-1080P( 7614): Extension: OMX.google.android.index.describeColorFormat not implemented
W/ACodec  ( 7614): do not know color format 0x7fa30c04 = 2141391876
E/OMX-VDEC-1080P( 7614): Extension: OMX.google.android.index.describeColorFormat not implemented
W/ACodec  ( 7614): do not know color format 0x7fa30c05 = 2141391877
E/OMXNodeInstance( 7614): getParameter(100663297) ERROR: 0x8000100e
E/        ( 7614): Destroy C2D instance
E/        ( 7614): Destroy C2D instance
E/OMX     ( 7614): FAILED to allocate omx component 'OMX.qcom.video.decoder.hevchybrid'
E/OMXNodeInstance( 7614): getParameter(100663311) ERROR: 0x8000100e
E/OMXNodeInstance( 7614): getParameter(100663297) ERROR: 0x8000100e
E/OMXNodeInstance( 7614): OMX_GetExtensionIndex OMX.google.android.index.storeMetaDataInBuffers failed
E/OMXNodeInstance( 7614): getParameter(100663311) ERROR: 0x8000100e
E/OMXNodeInstance( 7614): getParameter(100663297) ERROR: 0x8000100e
E/OMXNodeInstance( 7614): OMX_GetExtensionIndex OMX.google.android.index.storeMetaDataInBuffers failed
W/MediaCodecList( 7614): ignoring Limit specified outside of a Type
W/MediaCodecList( 7614): ignoring Limit specified outside of a Type
W/MediaCodecList( 7614): ignoring Limit specified outside of a Type
W/MediaCodecList( 7614): ignoring Limit specified outside of a Type
W/MediaCodecList( 7614): ignoring Limit specified outside of a Type
W/MediaCodecList( 7614): ignoring Feature specified outside of a Type
E/OMXNodeInstance( 7614): getParameter(100663311) ERROR: 0x8000100e
E/OMXNodeInstance( 7614): getParameter(100663297) ERROR: 0x8000100e
E/OMXNodeInstance( 7614): OMX_GetExtensionIndex OMX.google.android.index.storeMetaDataInBuffers failed
E/OMXNodeInstance( 7614): getParameter(100663311) ERROR: 0x8000100e
E/OMXNodeInstance( 7614): getParameter(100663297) ERROR: 0x8000100e
E/OMXNodeInstance( 7614): OMX_GetExtensionIndex OMX.google.android.index.storeMetaDataInBuffers failed
D/SoftHEVC( 7614): Number of CPU cores: 4
D/SoftHEVC( 7614): Initializing decoder
D/SoftHEVC( 7614): Set number of cores to 4
D/SoftHEVC( 7614): Ittiam decoder version number: @(#)Id:HEVCDEC_production Ver:04.01 Released by ITTIAM Build: Jan 31 2015 @ 14:15:02
E/OMXNodeInstance( 7614): getParameter(100663311) ERROR: 0x8000100e
E/OMXNodeInstance( 7614): getParameter(100663297) ERROR: 0x8000100e
E/OMXNodeInstance( 7614): OMX_GetExtensionIndex OMX.google.android.index.storeMetaDataInBuffers failed
D/SoftHEVC( 7614): Freeing codec memory
D/SoftHEVC( 7614): Number of CPU cores: 4
D/SoftHEVC( 7614): Initializing decoder
D/SoftHEVC( 7614): Set number of cores to 4
D/SoftHEVC( 7614): Ittiam decoder version number: @(#)Id:HEVCDEC_production Ver:04.01 Released by ITTIAM Build: Jan 31 2015 @ 14:15:02
D/SoftHEVC( 7614): In SoftHEVC::~SoftHEVC
D/SoftHEVC( 7614): Freeing codec memory
E/OMXNodeInstance( 7614): getParameter(100663311) ERROR: 0x8000100e
E/OMXNodeInstance( 7614): getParameter(100663297) ERROR: 0x8000100e
E/OMXNodeInstance( 7614): OMX_GetExtensionIndex OMX.google.android.index.storeMetaDataInBuffers failed
E/OMXNodeInstance( 7614): getParameter(100663311) ERROR: 0x8000100e
E/OMXNodeInstance( 7614): getParameter(100663297) ERROR: 0x8000100e
E/OMXNodeInstance( 7614): OMX_GetExtensionIndex OMX.google.android.index.storeMetaDataInBuffers failed
I/SoftMPEG4Encoder( 7614): Construct SoftMPEG4Encoder
E/OMXNodeInstance( 7614): getParameter(100663311) ERROR: 0x8000100e
W/ACodec  ( 7614): do not know color format 0x7f000789 = 2130708361
E/OMXNodeInstance( 7614): getParameter(100663297) ERROR: 0x8000100e
I/SoftAVCEncoder( 7614): Construct SoftAVCEncoder
E/OMXNodeInstance( 7614): getParameter(100663311) ERROR: 0x8000100e
W/ACodec  ( 7614): do not know color format 0x7f000789 = 2130708361
E/OMXNodeInstance( 7614): getParameter(100663297) ERROR: 0x8000100e
I/SoftMPEG4Encoder( 7614): Construct SoftMPEG4Encoder
E/OMXNodeInstance( 7614): getParameter(100663311) ERROR: 0x8000100e
W/ACodec  ( 7614): do not know color format 0x7f000789 = 2130708361
E/OMXNodeInstance( 7614): getParameter(100663297) ERROR: 0x8000100e
E/OMXNodeInstance( 7614): getParameter(100663311) ERROR: 0x8000100e
W/ACodec  ( 7614): do not know color format 0x7f000789 = 2130708361
E/OMXNodeInstance( 7614): getParameter(100663297) ERROR: 0x8000100e
D/OMXCodec( 7614): Successfully allocated OMX node 'OMX.google.vorbis.decoder'
D/OMXCodec( 7614): Successfully allocated OMX node 'OMX.google.vorbis.decoder'
I/ExtendedUtils( 7614): decision 1 mime 
I/ExtendedUtils( 7614): decision 1 mime PP
I/AudioPlayer( 7614): start of Playback, useOffload 0
I/AudioPlayer( 7614): start of Playback, useOffload 0
E/IMemory ( 7614): binder=0xb8cb1a58 transaction failed fd=-2147483647, size=0, err=-32 (Broken pipe)
E/IMemory ( 7614): cannot dup fd=-2147483647, size=0, err=-32 (Bad file number)
E/IMemory ( 7614): cannot map BpMemoryHeap (binder=0xb8cb1a58), size=0, fd=-1 (Bad file number)
E/IMemory ( 7614): binder=0xb8cd8a38 transaction failed fd=-2147483647, size=0, err=-32 (Broken pipe)
E/IMemory ( 7614): cannot dup fd=-2147483647, size=0, err=-32 (Bad file number)
E/IMemory ( 7614): cannot map BpMemoryHeap (binder=0xb8cd8a38), size=0, fd=-1 (Bad file number)
E/Zygote  ( 7612): Exit zygote because system server (7839) has terminated
I/ServiceManager(  212): service 'media.audio_flinger' died
I/ServiceManager(  212): service 'media.player' died
I/ServiceManager(  212): service 'media.camera' died
I/ServiceManager(  212): service 'media.audio_policy' died
I/ServiceManager(  212): service 'media.sound_trigger_hw' died
I/Netd    ( 8417): Netd 1.0 starting
E/Netd    ( 8417): Failed to open /proc/sys/net/ipv6/conf/default/accept_ra_rt_table: No such file or directory
E/Netd    ( 8417): Failed to open /proc/sys/net/ipv6/conf/dummy0/accept_ra_rt_table: No such file or directory
E/Netd    ( 8417): Failed to open /proc/sys/net/ipv6/conf/ip6tnl0/accept_ra_rt_table: No such file or directory
E/Netd    ( 8417): Failed to open /proc/sys/net/ipv6/conf/lo/accept_ra_rt_table: No such file or directory
E/Netd    ( 8417): Failed to open /proc/sys/net/ipv6/conf/rev_rmnet0/accept_ra_rt_table: No such file or directory
E/Netd    ( 8417): Failed to open /proc/sys/net/ipv6/conf/rev_rmnet1/accept_ra_rt_table: No such file or directory
E/Netd    ( 8417): Failed to open /proc/sys/net/ipv6/conf/rev_rmnet2/accept_ra_rt_table: No such file or directory
E/Netd    ( 8417): Failed to open /proc/sys/net/ipv6/conf/rev_rmnet3/accept_ra_rt_table: No such file or directory
E/Netd    ( 8417): Failed to open /proc/sys/net/ipv6/conf/rev_rmnet4/accept_ra_rt_table: No such file or directory
E/Netd    ( 8417): Failed to open /proc/sys/net/ipv6/conf/rev_rmnet5/accept_ra_rt_table: No such file or directory
E/Netd    ( 8417): Failed to open /proc/sys/net/ipv6/conf/rev_rmnet6/accept_ra_rt_table: No such file or directory
E/Netd    ( 8417): Failed to open /proc/sys/net/ipv6/conf/rev_rmnet7/accept_ra_rt_table: No such file or directory
E/Netd    ( 8417): Failed to open /proc/sys/net/ipv6/conf/rev_rmnet8/accept_ra_rt_table: No such file or directory
E/Netd    ( 8417): Failed to open /proc/sys/net/ipv6/conf/rmnet0/accept_ra_rt_table: No such file or directory
E/Netd    ( 8417): Failed to open /proc/sys/net/ipv6/conf/rmnet1/accept_ra_rt_table: No such file or directory
E/Netd    ( 8417): Failed to open /proc/sys/net/ipv6/conf/rmnet2/accept_ra_rt_table: No such file or directory
E/Netd    ( 8417): Failed to open /proc/sys/net/ipv6/conf/rmnet3/accept_ra_rt_table: No such file or directory
E/Netd    ( 8417): Failed to open /proc/sys/net/ipv6/conf/rmnet4/accept_ra_rt_table: No such file or directory
E/Netd    ( 8417): Failed to open /proc/sys/net/ipv6/conf/rmnet5/accept_ra_rt_table: No such file or directory
E/Netd    ( 8417): Failed to open /proc/sys/net/ipv6/conf/rmnet6/accept_ra_rt_table: No such file or directory
E/Netd    ( 8417): Failed to open /proc/sys/net/ipv6/conf/rmnet7/accept_ra_rt_table: No such file or directory
E/Netd    ( 8417): Failed to open /proc/sys/net/ipv6/conf/rmnet_usb0/accept_ra_rt_table: No such file or directory
E/Netd    ( 8417): Failed to open /proc/sys/net/ipv6/conf/sit0/accept_ra_rt_table: No such file or directory
E/Netd    ( 8417): Failed to open /proc/sys/net/ipv6/conf/usb0/accept_ra_rt_table: No such file or directory
D/AndroidRuntime( 8416): 
D/AndroidRuntime( 8416): >>>>>> AndroidRuntime START com.android.internal.os.ZygoteInit <<<<<<
D/AndroidRuntime( 8416): CheckJNI is OFF
I/art     ( 8416): option[0]=-Xzygote
I/art     ( 8416): option[1]=-Xstacktracefile:/data/anr/traces.txt
I/art     ( 8416): option[2]=exit
I/art     ( 8416): option[3]=vfprintf
I/art     ( 8416): option[4]=sensitiveThread
I/art     ( 8416): option[5]=-verbose:gc
I/art     ( 8416): option[6]=-Xms8m
I/art     ( 8416): option[7]=-Xmx256m
I/art     ( 8416): option[8]=-XX:mainThreadStackSize=24K
I/art     ( 8416): option[9]=-XX:HeapGrowthLimit=96m
I/art     ( 8416): option[10]=-XX:HeapMinFree=2m
I/art     ( 8416): option[11]=-XX:HeapMaxFree=8m
I/art     ( 8416): option[12]=-XX:HeapTargetUtilization=0.75
I/art     ( 8416): option[13]=-agentlib:jdwp=transport=dt_android_adb,suspend=n,server=y
I/art     ( 8416): option[14]=-Xlockprofthreshold:500
I/art     ( 8416): option[15]=-Ximage-compiler-option
I/art     ( 8416): option[16]=--runtime-arg
I/art     ( 8416): option[17]=-Ximage-compiler-option
I/art     ( 8416): option[18]=-Xms64m
I/art     ( 8416): option[19]=-Ximage-compiler-option
I/art     ( 8416): option[20]=--runtime-arg
I/art     ( 8416): option[21]=-Ximage-compiler-option
I/art     ( 8416): option[22]=-Xmx64m
I/art     ( 8416): option[23]=-Ximage-compiler-option
I/art     ( 8416): option[24]=--image-classes-zip=/system/framework/framework.jar
I/art     ( 8416): option[25]=-Ximage-compiler-option
I/art     ( 8416): option[26]=--image-classes=preloaded-classes
I/art     ( 8416): option[27]=-Xcompiler-option
I/art     ( 8416): option[28]=--runtime-arg
I/art     ( 8416): option[29]=-Xcompiler-option
I/art     ( 8416): option[30]=-Xms64m
I/art     ( 8416): option[31]=-Xcompiler-option
I/art     ( 8416): option[32]=--runtime-arg
I/art     ( 8416): option[33]=-Xcompiler-option
I/art     ( 8416): option[34]=-Xmx512m
I/art     ( 8416): option[35]=-Duser.language=en
I/art     ( 8416): option[36]=-Duser.region=US
I/mediaserver( 8418): ServiceManager: 0xb8e8d7c0
I/AudioFlinger( 8418): Using default 3000 mSec as standby time.
I/ServiceManager( 8418): Waiting for service batterystats...
I/SamplingProfilerIntegration( 8416): Profiling disabled.
D/Zygote  ( 8416): begin preload
I/Zygote  ( 8416): Preloading classes...
I/art     ( 8416): Explicit concurrent mark sweep GC freed 1008(56KB) AllocSpace objects, 0(0B) LOS objects, 98% free, 77KB/4MB, paused 269us total 6.566ms
I/art     ( 8416): Counter: 1
E/Minikin ( 8416): addFont failed to create font /system/fonts/NanumGothic.ttf
E/Minikin ( 8416): addFont failed to create font /system/fonts/DroidSansFallback.ttf
I/art     ( 8416): Thread[1,tid=8416,WaitingForJniOnLoad,Thread*=0xb84a3928,peer=0x12c430e0,"main"] recursive attempt to load library "/system/lib/libmedia_jni.so"
D/MtpDeviceJNI( 8416): register_android_mtp_MtpDevice
I/art     ( 8416): Thread[1,tid=8416,WaitingForJniOnLoad,Thread*=0xb84a3928,peer=0x12c430e0,"main"] recursive attempt to load library "/system/lib/libmedia_jni.so"
I/art     ( 8416): Thread[1,tid=8416,WaitingForJniOnLoad,Thread*=0xb84a3928,peer=0x12c430e0,"main"] recursive attempt to load library "/system/lib/libmedia_jni.so"
E/EmojiFactory_jni( 8416): Failed to load libemoji.so: dlopen failed: library "libemoji.so" not found
V/NatController( 8417): runCmd(/system/bin/iptables -F natctrl_FORWARD) res=0
V/NatController( 8417): runCmd(/system/bin/iptables -A natctrl_FORWARD -j DROP) res=0
V/NatController( 8417): runCmd(/system/bin/iptables -t nat -F natctrl_nat_POSTROUTING) res=0
V/NatController( 8417): runCmd(/system/bin/iptables -F natctrl_tether_counters) res=0
V/NatController( 8417): runCmd(/system/bin/iptables -X natctrl_tether_counters) res=0
V/NatController( 8417): runCmd(/system/bin/iptables -N natctrl_tether_counters) res=0
V/NatController( 8417): runCmd(/system/bin/iptables -t mangle -A natctrl_mangle_FORWARD -p tcp --tcp-flags SYN SYN -j TCPMSS --clamp-mss-to-pmtu) res=0
I/System  ( 8416): Loaded time zone names for "" in 67ms (63ms in ICU)
I/ServiceManager( 8418): Waiting for service batterystats...
I/System  ( 8416): Loaded time zone names for "en_US" in 45ms (40ms in ICU)
I/art     ( 8416): Explicit concurrent mark sweep GC freed 29761(1790KB) AllocSpace objects, 0(0B) LOS objects, 72% free, 1552KB/5MB, paused 295us total 25.900ms
I/Zygote  ( 8416): ...preloaded 3005 classes in 973ms.
I/art     ( 8416): VMRuntime.preloadDexCaches starting
I/art     ( 8416): VMRuntime.preloadDexCaches strings total=217525 before=39928 after=39928
I/art     ( 8416): VMRuntime.preloadDexCaches types total=18479 before=6423 after=6461
I/art     ( 8416): VMRuntime.preloadDexCaches fields total=86761 before=32355 after=32718
I/art     ( 8416): VMRuntime.preloadDexCaches methods total=152495 before=66278 after=67180
I/art     ( 8416): VMRuntime.preloadDexCaches finished
I/art     ( 8416): Counter: 0
I/art     ( 8416): Counter: 1
I/art     ( 8416): Explicit concurrent mark sweep GC freed 152(19KB) AllocSpace objects, 0(0B) LOS objects, 72% free, 1533KB/5MB, paused 305us total 15.095ms
D/idmap   ( 8616): error: no read access to /vendor/overlay: No such file or directory
I/Zygote  ( 8416): Preloading resources...
D/MDnsDS  ( 8417): MDnsSdListener::Hander starting up
D/MDnsDS  ( 8417): MDnsSdListener starting to monitor
D/MDnsDS  ( 8417): Going to poll with pollCount 1
I/art     ( 8416): Explicit concurrent mark sweep GC freed 5781(224KB) AllocSpace objects, 0(0B) LOS objects, 40% free, 8MB/14MB, paused 372us total 15.276ms
I/Zygote  ( 8416): ...preloaded 430 resources in 365ms.
I/art     ( 8416): Explicit concurrent mark sweep GC freed 1119(56KB) AllocSpace objects, 0(0B) LOS objects, 40% free, 8MB/14MB, paused 381us total 13.656ms
I/Zygote  ( 8416): ...preloaded 41 resources in 25ms.
I/art     ( 8416): Counter: 0
D/libEGL  ( 8416): loaded /vendor/lib/egl/libEGL_adreno.so
D/libEGL  ( 8416): loaded /vendor/lib/egl/libGLESv1_CM_adreno.so
D/libEGL  ( 8416): loaded /vendor/lib/egl/libGLESv2_adreno.so
I/Zygote  ( 8416): Preloading shared libraries...
D/Zygote  ( 8416): end preload
I/art     ( 8416): Explicit concurrent mark sweep GC freed 461(21KB) AllocSpace objects, 0(0B) LOS objects, 39% free, 8MB/14MB, paused 360us total 13.056ms
I/art     ( 8416): Explicit concurrent mark sweep GC freed 41(1568B) AllocSpace objects, 0(0B) LOS objects, 40% free, 8MB/14MB, paused 359us total 14.237ms
I/art     ( 8416): Explicit concurrent mark sweep GC freed 5(160B) AllocSpace objects, 0(0B) LOS objects, 40% free, 8MB/14MB, paused 363us total 12.961ms
I/Zygote  ( 8416): System server process 8643 has been created
I/Zygote  ( 8416): Accepting command socket connections
I/InstallerConnection( 8643): disconnecting...
I/SystemServer( 8643): Entered the Android system server!
V/Fingerprint-JNI( 8643): FingerprintManager JNI ready.
I/        ( 8643): System server: starting sensor init.
D/SensorService( 8643): nuSensorService starting...
I/SystemServiceManager( 8643): Starting com.android.server.pm.Installer
I/Installer( 8643): Waiting for installd to be ready.
I/InstallerConnection( 8643): connecting...
I/installd(  248): new connection
I/SystemServiceManager( 8643): Starting com.android.server.am.ActivityManagerService$Lifecycle
I/ActivityManager( 8643): Memory class: 96
I/ServiceThread( 8643): Enabled StrictMode logging for ActivityManager looper.
I/AppOps  ( 8643): No existing app ops /data/system/appops.xml; starting empty
I/ServiceManager( 8418): Waiting for service batterystats...
I/IntentFirewall( 8643): Read new rules (A:0 B:0 S:0)
I/ServiceThread( 8643): Enabled StrictMode logging for android.ui looper.
I/ServiceThread( 8643): Enabled StrictMode logging for android.display looper.
E/Sensors ( 8643): Couldn't open /dev/lis3dh (Permission denied)
W/system_server( 8668): type=1400 audit(0.0:16): avc: denied { read } for name="lis3dh" dev="tmpfs" ino=8881 scontext=u:r:system_server:s0 tcontext=u:object_r:device:s0 tclass=chr_file
D/AppOps  ( 8643): AppOpsService published
I/SystemServiceManager( 8643): Starting com.android.server.power.PowerManagerService
I/ServiceThread( 8643): Enabled StrictMode logging for PowerManagerService looper.
E/QCOM PowerHAL( 8643): Unable to open libqti-perfd-client.so: dlopen failed: library "libqti-perfd-client.so" not found
E/QCOM PowerHAL( 8643): Failed to get qcopt handle.
I/QCOM PowerHAL( 8643): QCOM power HAL initing.
W/libsuspend( 8643): Error writing 'on' to /sys/power/state: Invalid argument
I/libsuspend( 8643): Selected wakeup count
I/QCOM PowerHAL( 8643): Got set_interactive hint
I/SystemServiceManager( 8643): Starting com.android.server.display.DisplayManagerService
E/BatteryStatsService( 8643): Failed to open /sys/kernel/wakeup_reasons/last_resume_reason
I/SystemServiceManager( 8643): Starting phase 100
I/DisplayManagerService( 8643): Display device added: DisplayDeviceInfo{"Built-in Screen": 720 x 1280, 60.0 fps, supportedRefreshRates [60.0], density 320, 326.571 x 328.404 dpi, appVsyncOff 0, presDeadline 17666667, touch INTERNAL, rotation 0, type BUILT_IN, state UNKNOWN, FLAG_DEFAULT_DISPLAY, FLAG_ROTATES_WITH_CONTENT, FLAG_SECURE, FLAG_SUPPORTS_PROTECTED_BUFFERS}
I/SystemServer( 8643): Package Manager
W/PackageManager( 8643): No security bridge jar found, using default
W/SystemConfig( 8643): No directory /system/etc/sysconfig, skipping
D/SELinuxMMAC( 8643): Using policy file /system/etc/security/mac_permissions.xml
I/art     ( 8643): DexFile_isDexOptNeeded failed to open oat file '/data/dalvik-cache/arm/system@framework@qcnvitems.jar@classes.dex' for file location '/system/framework/qcnvitems.jar': Failed to open oat filename for reading: No such file or directory
I/art     ( 8643): DexFile_isDexOptNeeded failed to open oat file '/system/framework/arm/qcnvitems.odex' for file location '/system/framework/qcnvitems.jar': Failed to open oat filename for reading: No such file or directory
E/cutils-trace( 8681): Error opening trace file: Permission denied (13)
I/dex2oat ( 8681): /system/bin/dex2oat --zip-fd=6 --zip-location=/system/framework/qcnvitems.jar --oat-fd=7 --oat-location=/data/dalvik-cache/arm/system@framework@qcnvitems.jar@classes.dex --instruction-set=arm --instruction-set-features=div --runtime-arg -Xms64m --runtime-arg -Xmx512m
E/dex2oat ( 8681): Failed to open dex from file descriptor for zip file '/system/framework/qcnvitems.jar': Entry not found
D/Sensors ( 8643): AccelerationSensor: Set Sensors state 0x0
D/Sensors ( 8643): AkmSensor: mEnabled[1] = 0
D/Sensors ( 8643): AkmSensor: mEnabled[2] = 0
D/Sensors ( 8643): AccelerationSensor: Set Sensors state 0x0
D/Sensors ( 8643): AccelerationSensor: Set Sensors state 0x0
I/        ( 8643): System server: sensor init done.
D/SensorService( 8643): nuSensorService thread starting...
D/SensorService( 8643): new thread SensorEventAckReceiver
I/dex2oat ( 8681): dex2oat took 219.659ms (threads: 4)
E/installd(  248): DexInv: --- END '/system/framework/qcnvitems.jar' --- status=0x0100, process failed
I/art     ( 8643): DexFile_isDexOptNeeded failed to open oat file '/data/dalvik-cache/arm/system@framework@qcrilhook.jar@classes.dex' for file location '/system/framework/qcrilhook.jar': Failed to open oat filename for reading: No such file or directory
I/art     ( 8643): DexFile_isDexOptNeeded failed to open oat file '/system/framework/arm/qcrilhook.odex' for file location '/system/framework/qcrilhook.jar': Failed to open oat filename for reading: No such file or directory
E/cutils-trace( 8685): Error opening trace file: Permission denied (13)
I/dex2oat ( 8685): /system/bin/dex2oat --zip-fd=6 --zip-location=/system/framework/qcrilhook.jar --oat-fd=7 --oat-location=/data/dalvik-cache/arm/system@framework@qcrilhook.jar@classes.dex --instruction-set=arm --instruction-set-features=div --runtime-arg -Xms64m --runtime-arg -Xmx512m
E/dex2oat ( 8685): Failed to open dex from file descriptor for zip file '/system/framework/qcrilhook.jar': Entry not found
I/dex2oat ( 8685): dex2oat took 219.330ms (threads: 4)
E/installd(  248): DexInv: --- END '/system/framework/qcrilhook.jar' --- status=0x0100, process failed
D/PackageManager( 8643): No files in app dir /vendor/overlay
W/ResourceType( 8643): Failure getting entry for 0x7f0b022e (t=10 e=558) (error -75)
W/PackageParser( 8643): No actions in intent filter at /system/priv-app/Contacts/Contacts.apk Binary XML file line #362
W/PackageParser( 8643): No actions in intent filter at /system/priv-app/Dialer/Dialer.apk Binary XML file line #167
E/MediaPlayerFactory( 8418): calling dlopen on FACTORY_LIB
E/MediaPlayerFactory( 8418): calling dlsym on pFactoryLib for FACTORY_CREATE_FN 
E/MediaPlayerFactory( 8418): registering DASH Player factory...
I/CameraService( 8418): CameraService started (pid=8418)
D/mm-camera-intf( 8418): index = 0 flag = 1 mount_angle = 90 facing = 0
D/mm-camera-intf( 8418): index = 1 flag = 103 mount_angle = 270 facing = 1
I/CameraService( 8418): Loaded "QCamera Module" camera module
I/AudioPolicyService( 8418): AudioPolicyService CSTOR in new mode
W/AudioPolicyManager( 8418): loadOutput() invalid supported devices
W/AudioPolicyManager( 8418): DeviceVector::add device 80000040 already in
I/AudioPolicyManager( 8418): loadAudioPolicyConfig() loaded /system/etc/audio_policy.conf
I/audio_a2dp_hw( 8418): adev_open:  adev_open in A2dp_hw module
I/AudioFlinger( 8418): loadHwModule() Loaded a2dp audio interface from A2DP Audio HW HAL (audio) handle 1
I/AudioFlinger( 8418): loadHwModule() Loaded usb audio interface from USB audio HW HAL (audio) handle 2
I/r_submix( 8418): adev_open(name=audio_hw_if)
I/r_submix( 8418): adev_init_check()
I/AudioFlinger( 8418): loadHwModule() Loaded r_submix audio interface from Wifi Display audio HAL (audio) handle 3
D/r_submix( 8418): adev_open_input_stream()
D/r_submix( 8418): submix_audio_device_create_pipe()
E/MonoPipe( 8418): Failed to fetch local time frequency when constructing a MonoPipe (res = -32).  getNextWriteTimestamp calls will be non-functional
I/AudioFlinger( 8418): AudioFlinger's thread 0xb5ea8008 ready to run
D/r_submix( 8418): adev_close_input_stream()
D/r_submix( 8418): submix_audio_device_release_pipe()
D/r_submix( 8418): submix_audio_device_destroy_pipe(): pipe destroyed
W/AudioPolicyManager( 8418): Input device 00000001 unreachable
W/AudioPolicyManager( 8418): Input device 00000002 unreachable
W/AudioPolicyManager( 8418): Input device 00010000 unreachable
W/AudioPolicyManager( 8418): Input device 80000004 unreachable
W/AudioPolicyManager( 8418): Input device 80000080 unreachable
W/AudioPolicyManager( 8418): Input device 80000040 unreachable
W/AudioPolicyManager( 8418): Input device 80200000 unreachable
W/AudioPolicyManager( 8418): Input device 80400000 unreachable
E/AudioPolicyManager( 8418): Default device 00000002 is unreachable
E/AudioPolicyManager( 8418): Failed to open primary output
E/AudioPolicyManager( 8418): getDeviceForStrategy() speaker device not found for STRATEGY_SONIFICATION
E/AudioPolicyManager( 8418): getDeviceForStrategy() speaker device not found for STRATEGY_SONIFICATION
E/SoundTriggerHwService( 8418): couldn't load sound trigger module sound_trigger.primary (No such file or directory)
W/ResourceType( 8643): Failure getting entry for 0x7f08031b (t=7 e=795) (error -75)
W/PackageParser( 8643): No actions in intent filter at /system/app/BTTestApp/BTTestApp.apk Binary XML file line #66
W/PackageParser( 8643): No actions in intent filter at /system/app/Bluetooth/Bluetooth.apk Binary XML file line #229
W/PackageParser( 8643): Unknown element under <application>: uses-feature at /system/app/BluetoothExt/BluetoothExt.apk Binary XML file line #57
W/PackageParser( 8643): No actions in intent filter at /system/app/BluetoothExt/BluetoothExt.apk Binary XML file line #110
W/PackageParser( 8643): No actions in intent filter at /system/app/BluetoothExt/BluetoothExt.apk Binary XML file line #134
W/PackageParser( 8643): No actions in intent filter at /system/app/BluetoothExt/BluetoothExt.apk Binary XML file line #161
W/PackageParser( 8643): Unknown element under <application>: permission at /system/app/Gallery2/Gallery2.apk Binary XML file line #251
W/PackageParser( 8643): Unknown element under <application>: permission at /system/app/Gallery2/Gallery2.apk Binary XML file line #254
D/PackageManager( 8643): No files in app dir /system/vendor/app
D/PackageManager( 8643): No files in app dir /oem/app
D/PackageManager( 8643): No files in app dir /data/app
D/PackageManager( 8643): No files in app dir /data/app-private
W/PackageManager( 8643): Package com.android.gallery3d desires unavailable shared library com.google.android.media.effects; ignoring!
W/PackageManager( 8643): Package com.android.gallery3d desires unavailable shared library com.google.android.media.effects; ignoring!
W/PackageManager( 8643): Package org.codeaurora.bluetooth desires unavailable shared library com.quicinc.wbc; ignoring!
I/PackageManager( 8643): Adjusting ABI for : com.motorola.motgeofencesvc to armeabi-v7a
I/PackageManager( 8643): Adjusting ABI for : com.android.location.fused to armeabi-v7a
I/PackageManager( 8643): Adjusting ABI for : com.android.keychain to armeabi-v7a
I/PackageManager( 8643): Adjusting ABI for : com.android.inputdevices to armeabi-v7a
I/PackageManager( 8643): Adjusting ABI for : com.qualcomm.location to armeabi-v7a
I/PackageManager( 8643): Adjusting ABI for : com.qualcomm.services.location to armeabi-v7a
I/PackageManager( 8643): Adjusting ABI for : com.android.providers.settings to armeabi-v7a
I/PackageManager( 8643): Adjusting ABI for : com.android.settings to armeabi-v7a
I/PackageManager( 8643): Time to scan packages: 1.284 seconds
W/PackageManager( 8643): Unknown permission com.google.android.googleapps.permission.GOOGLE_AUTH.mail in package com.android.calendar
W/PackageManager( 8643): Unknown permission android.permission.MMS_PUSH in package org.codeaurora.bluetooth
W/PackageManager( 8643): Unknown permission com.google.android.gallery3d.permission.PICASA_STORE in package com.android.dreams.phototable
W/PackageManager( 8643): Unknown permission com.google.android.googleapps.permission.GOOGLE_AUTH in package com.android.settings
W/PackageManager( 8643): Unknown permission com.qualcomm.permission.ACCESS_LOCATION_API in package com.qualcomm.location
W/PackageManager( 8643): Not granting permission android.permission.DELETE_PACKAGES to package com.svox.pico (protectionLevel=18 flags=0x8be45)
W/PackageManager( 8643): Not granting permission android.permission.BIND_WALLPAPER to package com.android.camera2 (protectionLevel=18 flags=0x58bc45)
W/PackageManager( 8643): Unknown permission com.google.android.gallery3d.permission.GALLERY_PROVIDER in package com.android.bluetooth
W/PackageManager( 8643): Unknown permission com.motorola.permission.TELEPHONY_RAW in package com.qualcomm.qcrilmsgtunnel
W/PackageManager( 8643): Not granting permission android.permission.DEVICE_POWER to package com.android.deskclock (protectionLevel=2 flags=0x48be45)
W/PackageManager( 8643): Not granting permission android.permission.GLOBAL_SEARCH to package com.android.quicksearchbox (protectionLevel=18 flags=0x48be45)
W/PackageManager( 8643): Unknown permission com.google.android.googleapps.permission.GOOGLE_AUTH in package com.android.providers.calendar
W/PackageManager( 8643): Unknown permission com.google.android.googleapps.permission.GOOGLE_AUTH.cl in package com.android.providers.calendar
W/PackageManager( 8643): Unknown permission android.permission.INSTALL_DRM in package com.android.mms
W/PackageManager( 8643): Not granting permission android.permission.ACCESS_DOWNLOAD_MANAGER to package com.android.browser (protectionLevel=18 flags=0x9be45)
W/PackageManager( 8643): Not granting permission android.permission.SEND_DOWNLOAD_COMPLETED_INTENTS to package com.android.browser (protectionLevel=2 flags=0x9be45)
I/art     ( 8643): Explicit concurrent mark sweep GC freed 41709(1976KB) AllocSpace objects, 2(32KB) LOS objects, 33% free, 9MB/13MB, paused 614us total 48.062ms
I/SystemServer( 8643): User Service
I/lowmemorykiller(  211): ActivityManager connected
I/SystemServiceManager( 8643): Starting com.android.server.lights.LightsService
I/SystemServiceManager( 8643): Starting com.android.server.BatteryService
I/SystemServiceManager( 8643): Starting com.android.server.usage.UsageStatsService
I/SystemServiceManager( 8643): Starting com.android.server.webkit.WebViewUpdateService
I/SystemServer( 8643): Reading configuration...
I/SystemServer( 8643): Scheduling Policy
I/SystemServer( 8643): Telephony Registry
I/SystemServer( 8643): Entropy Mixer
I/EntropyMixer( 8643): Added HW RNG output to entropy pool
I/EntropyMixer( 8643): Writing entropy...
I/SystemServer( 8643): Account Manager
I/SystemServer( 8643): Content Manager
I/SystemServer( 8643): System Content Providers
W/ActivityManager( 8643): Can't addPackageDependency on system process
W/CoreSettingsObserver( 8643): Cannot find setting "debug_view_attributes"
W/CoreSettingsObserver( 8643): android.provider.Settings$SettingNotFoundException: debug_view_attributes
W/CoreSettingsObserver( 8643): 	at android.provider.Settings$Global.getInt(Settings.java:6884)
W/CoreSettingsObserver( 8643): 	at com.android.server.am.CoreSettingsObserver.populateSettings(CoreSettingsObserver.java:129)
W/CoreSettingsObserver( 8643): 	at com.android.server.am.CoreSettingsObserver.sendCoreSettings(CoreSettingsObserver.java:82)
W/CoreSettingsObserver( 8643): 	at com.android.server.am.CoreSettingsObserver.<init>(CoreSettingsObserver.java:65)
W/CoreSettingsObserver( 8643): 	at com.android.server.am.ActivityManagerService.installSystemProviders(ActivityManagerService.java:9868)
W/CoreSettingsObserver( 8643): 	at com.android.server.SystemServer.startOtherServices(SystemServer.java:463)
W/CoreSettingsObserver( 8643): 	at com.android.server.SystemServer.run(SystemServer.java:264)
W/CoreSettingsObserver( 8643): 	at com.android.server.SystemServer.main(SystemServer.java:178)
W/CoreSettingsObserver( 8643): 	at java.lang.reflect.Method.invoke(Native Method)
W/CoreSettingsObserver( 8643): 	at java.lang.reflect.Method.invoke(Method.java:372)
W/CoreSettingsObserver( 8643): 	at com.android.internal.os.ZygoteInit$MethodAndArgsCaller.run(ZygoteInit.java:898)
W/CoreSettingsObserver( 8643): 	at com.android.internal.os.ZygoteInit.main(ZygoteInit.java:693)
I/SystemServer( 8643): Vibrator Service
I/SystemServer( 8643): Consumer IR Service
E/ConsumerIrService( 8643): Can't open consumer IR HW Module, error: -2
I/SystemServiceManager( 8643): Starting com.android.server.AlarmManagerService
I/SystemServer( 8643): Init Watchdog
I/SystemServer( 8643): Input Manager
I/InputManager( 8643): Initializing input manager, mUseDevInputEventForAudioJack=true
I/SystemServer( 8643): Window Manager
I/WindowManager( 8643): No existing display settings /data/system/display_settings.xml; starting empty
I/InputManager( 8643): Starting input manager
D/EventHub( 8643): No input device configuration file found for device 'msm8226-tapan9302-snd-card Headset Jack'.
I/EventHub( 8643): New device: id=1, fd=80, path='/dev/input/event7', name='msm8226-tapan9302-snd-card Headset Jack', classes=0x80, configuration='', keyLayout='', keyCharacterMap='', builtinKeyboard=false, wakeMechanism=EVIOCSSUSPENDBLOCK, usingClockIoctl=true
D/EventHub( 8643): No input device configuration file found for device 'msm8226-tapan9302-snd-card Button Jack'.
I/SystemServer( 8643): Bluetooth Manager Service
D/BluetoothManagerService( 8643): Loading stored name and address
D/BluetoothManagerService( 8643): Stored bluetooth Name=null,Address=null
I/SystemServer( 8643): Input Method Service
W/EventHub( 8643): Unable to disable kernel key repeat for /dev/input/event6: Function not implemented
I/EventHub( 8643): New device: id=2, fd=81, path='/dev/input/event6', name='msm8226-tapan9302-snd-card Button Jack', classes=0x1, configuration='', keyLayout='/system/usr/keylayout/Generic.kl', keyCharacterMap='/system/usr/keychars/Generic.kcm', builtinKeyboard=false, wakeMechanism=EVIOCSSUSPENDBLOCK, usingClockIoctl=true
D/EventHub( 8643): No input device configuration file found for device 'synaptics_dsx_i2c'.
I/EventHub( 8643): New device: id=3, fd=82, path='/dev/input/event2', name='synaptics_dsx_i2c', classes=0x14, configuration='', keyLayout='', keyCharacterMap='', builtinKeyboard=false, wakeMechanism=EVIOCSSUSPENDBLOCK, usingClockIoctl=true
D/EventHub( 8643): No input device configuration file found for device 'qpnp_pon'.
W/EventHub( 8643): Unable to disable kernel key repeat for /dev/input/event4: Function not implemented
I/EventHub( 8643): New device: id=4, fd=83, path='/dev/input/event4', name='qpnp_pon', classes=0x1, configuration='', keyLayout='/system/usr/keylayout/Generic.kl', keyCharacterMap='/system/usr/keychars/Generic.kcm', builtinKeyboard=false, wakeMechanism=EVIOCSSUSPENDBLOCK, usingClockIoctl=true
D/EventHub( 8643): No input device configuration file found for device 'light-prox'.
W/InputMethodManagerService( 8643): Couldn't create dir.: /data/system/inputmethod
D/EventHub( 8643): No input device configuration file found for device 'accelerometer'.
I/SystemServer( 8643): Accessibility Manager
I/ActivityManager( 8643): Config changes=1df8 {1.0 ?mcc?mnc en_US ldltr sw360dp w360dp h640dp 320dpi nrml long port ?uimode ?night -touch -keyb/v/h -nav/h s.2}
I/ActivityManager( 8643): Config changes=400 {1.0 ?mcc?mnc en_US ldltr sw360dp w360dp h615dp 320dpi nrml long port ?uimode ?night -touch -keyb/v/h -nav/h s.3}
I/SystemServer( 8643): Mount Service
D/EventHub( 8643): No input device configuration file found for device 'compass'.
I/UsageStatsService( 8643): User[0] Rollover scheduled @ 1970-02-04 00:00:00(2937600000)
D/MountService( 8643): got storage path: /storage/sdcard0 description: Internal storage primary: true removable: false emulated: true mtpReserve: 100 allowMassStorage: false maxFileSize: 0 allowMtp: true
D/MountService( 8643): addVolumeLocked() StorageVolume:
D/MountService( 8643):     mStorageId=65537 mPath=/storage/emulated/0 mDescriptionId=17040807 
D/MountService( 8643):     mPrimary=true mRemovable=false mEmulated=true mMtpReserveSpace=100 
D/MountService( 8643):     mAllowMassStorage=false mMaxFileSize=0 mOwner=UserHandle{0} mUuid=null 
D/MountService( 8643):     mUserLabel=null mState=null mAllowMtp=true 
D/MountService( 8643): got storage path: /storage/sdcard1 description: SD card primary: false removable: true emulated: false mtpReserve: 0 allowMassStorage: true maxFileSize: 0 allowMtp: true
D/MountService( 8643): addVolumeLocked() StorageVolume:
D/MountService( 8643):     mStorageId=0 mPath=/storage/sdcard1 mDescriptionId=17040808 mPrimary=false 
D/MountService( 8643):     mRemovable=true mEmulated=false mMtpReserveSpace=0 mAllowMassStorage=true 
D/MountService( 8643):     mMaxFileSize=0 mOwner=null mUuid=null mUserLabel=null mState=null 
D/MountService( 8643):     mAllowMtp=true 
D/EventHub( 8643): No input device configuration file found for device 'gpio-keys'.
I/SystemServer( 8643): LockSettingsService
W/EventHub( 8643): Unable to disable kernel key repeat for /dev/input/event5: Function not implemented
I/EventHub( 8643): New device: id=8, fd=89, path='/dev/input/event5', name='gpio-keys', classes=0x81, configuration='', keyLayout='/system/usr/keylayout/gpio-keys.kl', keyCharacterMap='/system/usr/keychars/Generic.kcm', builtinKeyboard=false, wakeMechanism=EVIOCSSUSPENDBLOCK, usingClockIoctl=true
I/SystemServiceManager( 8643): Starting com.android.server.devicepolicy.DevicePolicyManagerService$Lifecycle
I/InputReader( 8643): Device added: id=-1, name='Virtual', sources=0x00000301
I/InputReader( 8643): Device added: id=8, name='gpio-keys', sources=0x80000101
I/InputReader( 8643): Device added: id=4, name='qpnp_pon', sources=0x00000101
I/InputReader( 8643):   Touch device 'synaptics_dsx_i2c' could not query the properties of its associated display.  The device will be inoperable until the display size becomes available.
I/InputReader( 8643): Device added: id=3, name='synaptics_dsx_i2c', sources=0x00001002
I/InputReader( 8643): Device added: id=2, name='msm8226-tapan9302-snd-card Button Jack', sources=0x00000101
I/InputReader( 8643): Device added: id=1, name='msm8226-tapan9302-snd-card Headset Jack', sources=0x80000000
E/MountService( 8643): Error processing initial volume state
E/MountService( 8643): java.lang.NullPointerException: Attempt to invoke virtual method 'java.lang.String android.os.storage.StorageVolume.getPath()' on a null object reference
E/MountService( 8643): 	at com.android.server.MountService.updatePublicVolumeState(MountService.java:752)
E/MountService( 8643): 	at com.android.server.MountService.access$1700(MountService.java:119)
E/MountService( 8643): 	at com.android.server.MountService$3.run(MountService.java:860)
I/ActivityManager( 8643): Config changes=8 {1.0 ?mcc?mnc en_US ldltr sw360dp w360dp h615dp 320dpi nrml long port ?uimode ?night finger -keyb/v/h -nav/h s.4}
I/InputReader( 8643): Reconfiguring input devices.  changes=0x00000004
I/InputReader( 8643): Device reconfigured: id=3, name='synaptics_dsx_i2c', size 720x1280, orientation 0, mode 1, display id 0
I/SystemServer( 8643): Status Bar
I/PackageManager( 8643): No secure containers found
W/PackageManager( 8643): Unknown permission com.google.android.googleapps.permission.GOOGLE_AUTH.mail in package com.android.calendar
W/PackageManager( 8643): Unknown permission android.permission.MMS_PUSH in package org.codeaurora.bluetooth
W/PackageManager( 8643): Unknown permission com.google.android.gallery3d.permission.PICASA_STORE in package com.android.dreams.phototable
W/PackageManager( 8643): Unknown permission com.google.android.googleapps.permission.GOOGLE_AUTH in package com.android.settings
W/PackageManager( 8643): Unknown permission com.qualcomm.permission.ACCESS_LOCATION_API in package com.qualcomm.location
W/PackageManager( 8643): Not granting permission android.permission.DELETE_PACKAGES to package com.svox.pico (protectionLevel=18 flags=0x8be45)
W/PackageManager( 8643): Not granting permission android.permission.BIND_WALLPAPER to package com.android.camera2 (protectionLevel=18 flags=0x58bc45)
W/PackageManager( 8643): Unknown permission com.google.android.gallery3d.permission.GALLERY_PROVIDER in package com.android.bluetooth
W/PackageManager( 8643): Unknown permission com.motorola.permission.TELEPHONY_RAW in package com.qualcomm.qcrilmsgtunnel
W/PackageManager( 8643): Not granting permission android.permission.DEVICE_POWER to package com.android.deskclock (protectionLevel=2 flags=0x48be45)
W/PackageManager( 8643): Not granting permission android.permission.GLOBAL_SEARCH to package com.android.quicksearchbox (protectionLevel=18 flags=0x48be45)
W/PackageManager( 8643): Unknown permission com.google.android.googleapps.permission.GOOGLE_AUTH in package com.android.providers.calendar
W/PackageManager( 8643): Unknown permission com.google.android.googleapps.permission.GOOGLE_AUTH.cl in package com.android.providers.calendar
W/PackageManager( 8643): Unknown permission android.permission.INSTALL_DRM in package com.android.mms
W/PackageManager( 8643): Not granting permission android.permission.ACCESS_DOWNLOAD_MANAGER to package com.android.browser (protectionLevel=18 flags=0x9be45)
W/PackageManager( 8643): Not granting permission android.permission.SEND_DOWNLOAD_COMPLETED_INTENTS to package com.android.browser (protectionLevel=2 flags=0x9be45)
I/SystemServer( 8643): Clipboard Service
W/ClipboardService( 8643): No security bridge jar found, using default
I/SystemServer( 8643): NetworkManagement Service
I/SystemServer( 8643): Text Service Manager Service
I/SystemServer( 8643): Network Score Service
I/SystemServer( 8643): NetworkStats Service
I/SystemServer( 8643): NetworkPolicy Service
I/SystemServiceManager( 8643): Starting com.android.server.wifi.p2p.WifiP2pService
I/WifiP2pService( 8643): Registering wifip2p
I/SystemServiceManager( 8643): Starting com.android.server.wifi.WifiService
E/WifiConfigStore( 8643): associatedPartialScanPeriodMilli set to 20000
D/WifiController( 8643): isAirplaneModeOn = false, isWifiEnabled = false, isScanningAvailable = false
I/WifiService( 8643): Registering wifi
I/SystemServiceManager( 8643): Starting com.android.server.wifi.WifiScanningService
I/WifiScanningService( 8643): Creating wifiscanner
I/WifiScanningService( 8643): Starting wifiscanner
I/SystemServiceManager( 8643): Starting com.android.server.wifi.RttService
I/RttService( 8643): Creating rttmanager
I/RttService( 8643): Starting rttmanager
I/SystemServer( 8643): Connectivity Service
D/ConnectivityService( 8643): ConnectivityService starting up
D/ConnectivityService( 8643): wifiOnly=false
E/ConnectivityService( 8643): Ignoring protectedNetwork 14
E/ConnectivityService( 8643): Ignoring protectedNetwork 15
I/SystemServer( 8643): Network Service Discovery Service
D/NsdService( 8643): Network service discovery enabled true
I/SystemServer( 8643): DPM Service
I/SystemServer( 8643): DPM configuration set to 0
I/SystemServer( 8643): UpdateLock Service
I/SystemServiceManager( 8643): Starting com.android.server.notification.NotificationManagerService
I/SystemServiceManager( 8643): Starting com.android.server.storage.DeviceStorageMonitorService
I/SystemServer( 8643): Location Manager
I/SystemServer( 8643): Country Detector
I/SystemServer( 8643): Search Service
I/SystemServer( 8643): DropBox Service
I/SystemServer( 8643): Wallpaper Service
W/WallpaperManagerService( 8643): no current wallpaper -- first boot?
I/SystemServer( 8643): Audio Service
W/TelecomManager( 8643): Telecom Service not found.
E/AudioPolicyManager( 8418): getDeviceForStrategy() speaker device not found for STRATEGY_SONIFICATION
E/AudioPolicyManager( 8418): getDeviceForStrategy() speaker device not found for STRATEGY_SONIFICATION
E/AudioPolicyManager( 8418): getDeviceForStrategy() speaker device not found for STRATEGY_SONIFICATION
E/AudioPolicyManager( 8418): getDeviceForStrategy() speaker device not found for STRATEGY_SONIFICATION
E/AudioPolicyManager( 8418): getDeviceForStrategy() speaker device not found for STRATEGY_SONIFICATION
E/AudioPolicyManager( 8418): getDeviceForStrategy() speaker device not found for STRATEGY_SONIFICATION
E/AudioPolicyManager( 8418): getDeviceForStrategy() speaker device not found for STRATEGY_SONIFICATION
E/AudioPolicyManager( 8418): getDeviceForStrategy() speaker device not found for STRATEGY_SONIFICATION
E/AudioPolicyManager( 8418): getDeviceForStrategy() speaker device not found for STRATEGY_SONIFICATION
E/AudioPolicyManager( 8418): getDeviceForStrategy() speaker device not found for STRATEGY_SONIFICATION
E/AudioPolicyManager( 8418): getDeviceForStrategy() speaker device not found for STRATEGY_SONIFICATION
E/AudioPolicyManager( 8418): getDeviceForStrategy() speaker device not found for STRATEGY_SONIFICATION
I/SystemServiceManager( 8643): Starting com.android.server.DockObserver
W/DockObserver( 8643): This kernel does not have dock station support
I/SystemServer( 8643): Wired Accessory Manager
W/WiredAccessoryManager( 8643): This kernel does not have HDMI audio support
I/SystemServiceManager( 8643): Starting com.android.server.usb.UsbService$Lifecycle
I/SystemServer( 8643): Serial Service
I/SystemServiceManager( 8643): Starting com.android.server.twilight.TwilightService
I/SystemServiceManager( 8643): Starting com.android.server.UiModeManagerService
I/SystemServiceManager( 8643): Starting com.android.server.job.JobSchedulerService
I/SystemServiceManager( 8643): Starting com.android.server.backup.BackupManagerService$Lifecycle
I/SELinux ( 8643): SELinux: Loaded file_contexts from /file_contexts
V/BackupManagerService( 8643): No ancestral data
D/BackupManagerService( 8643): Now staging backup of com.android.calendar
D/BackupManagerService( 8643): Now staging backup of com.android.dialer
D/BackupManagerService( 8643): Now staging backup of com.android.providers.userdictionary
D/BackupManagerService( 8643): Now staging backup of com.android.sharedstoragebackup
D/BackupManagerService( 8643): Now staging backup of com.android.providers.settings
D/BackupManagerService( 8643): Now staging backup of android
D/BackupManagerService( 8643): Now staging backup of com.android.mms
D/BackupManagerService( 8643): Now staging backup of com.android.browser
V/BackupManagerService( 8643): Starting with transport android/com.android.internal.backup.LocalTransport
V/BackupManagerService( 8643): Found transports: 1
I/BackupManagerService( 8643): Binding to transport host ComponentInfo{android/com.android.internal.backup.LocalTransportService}
I/BackupManagerService( 8643): Found stale backup journal, scheduling
I/SystemServiceManager( 8643): Starting com.android.server.appwidget.AppWidgetService
I/SystemServiceManager( 8643): Starting com.android.server.voiceinteraction.VoiceInteractionManagerService
W/SoundTriggerHelper( 8643): listModules status=0, # of modules=0
I/SystemServer( 8643): DiskStats Service
I/SystemServer( 8643): SamplingProfiler Service
I/SystemServer( 8643): NetworkTimeUpdateService
I/SystemServer( 8643): CommonTimeManagementService
I/SystemServer( 8643): CertBlacklister
I/SystemServiceManager( 8643): Starting com.android.server.dreams.DreamManagerService
I/SystemServer( 8643): Assets Atlas Service
I/SystemServiceManager( 8643): Starting com.android.server.print.PrintManagerService
D/Atlas   ( 8643): Loaded configuration: SliceShortAxis (1344x1408) flags=0x2 count=410
I/SystemServiceManager( 8643): Starting com.android.server.restrictions.RestrictionsManagerService
I/SystemServiceManager( 8643): Starting com.android.server.media.MediaSessionService
I/SystemServer( 8643): Media Router Service
I/SystemServiceManager( 8643): Starting com.android.server.trust.TrustManagerService
I/SystemServiceManager( 8643): Starting com.android.server.fingerprint.FingerprintService
V/Fingerprint-JNI( 8643): nativeInit()
V/Fingerprint-JNI( 8643): nativeOpenHal()
E/Fingerprint-JNI( 8643): Can't open fingerprint HW Module, error: -2
I/SystemServer( 8643): BackgroundDexOptService
I/SystemServiceManager( 8643): Starting com.android.server.pm.LauncherAppsService
D/SystemServer( 8643): Wipower not supported
I/SystemServer( 8643): Digital Pen Service
W/SystemServer( 8643): ***********************************************
F/SystemServer( 8643): BOOT FAILURE starting DigitalPenService
F/SystemServer( 8643): java.lang.ClassNotFoundException: Didn't find class "com.qti.snapdragon.digitalpen.DigitalPenService" on path: DexPathList[[],nativeLibraryDirectories=[/vendor/lib, /system/lib]]
F/SystemServer( 8643): 	at dalvik.system.BaseDexClassLoader.findClass(BaseDexClassLoader.java:56)
F/SystemServer( 8643): 	at java.lang.ClassLoader.loadClass(ClassLoader.java:511)
F/SystemServer( 8643): 	at java.lang.ClassLoader.loadClass(ClassLoader.java:469)
F/SystemServer( 8643): 	at com.android.server.SystemServer.startOtherServices(SystemServer.java:996)
F/SystemServer( 8643): 	at com.android.server.SystemServer.run(SystemServer.java:264)
F/SystemServer( 8643): 	at com.android.server.SystemServer.main(SystemServer.java:178)
F/SystemServer( 8643): 	at java.lang.reflect.Method.invoke(Native Method)
F/SystemServer( 8643): 	at java.lang.reflect.Method.invoke(Method.java:372)
F/SystemServer( 8643): 	at com.android.internal.os.ZygoteInit$MethodAndArgsCaller.run(ZygoteInit.java:898)
F/SystemServer( 8643): 	at com.android.internal.os.ZygoteInit.main(ZygoteInit.java:693)
F/SystemServer( 8643): 	Suppressed: java.lang.ClassNotFoundException: Didn't find class "com.qti.snapdragon.digitalpen.DigitalPenService" on path: DexPathList[[directory "."],nativeLibraryDirectories=[/vendor/lib, /system/lib]]
F/SystemServer( 8643): 		at dalvik.system.BaseDexClassLoader.findClass(BaseDexClassLoader.java:56)
F/SystemServer( 8643): 		at java.lang.ClassLoader.loadClass(ClassLoader.java:511)
F/SystemServer( 8643): 		at java.lang.ClassLoader.loadClass(ClassLoader.java:504)
F/SystemServer( 8643): 		... 8 more
F/SystemServer( 8643): 		Suppressed: java.lang.ClassNotFoundException: com.qti.snapdragon.digitalpen.DigitalPenService
F/SystemServer( 8643): 			at java.lang.Class.classForName(Native Method)
F/SystemServer( 8643): 			at java.lang.BootClassLoader.findClass(ClassLoader.java:781)
F/SystemServer( 8643): 			at java.lang.BootClassLoader.loadClass(ClassLoader.java:841)
F/SystemServer( 8643): 			at java.lang.ClassLoader.loadClass(ClassLoader.java:504)
F/SystemServer( 8643): 			... 9 more
F/SystemServer( 8643): 		Caused by: java.lang.NoClassDefFoundError: Class not found using the boot class loader; no stack available
I/SystemServiceManager( 8643): Starting com.android.server.media.projection.MediaProjectionManagerService
I/WindowManager( 8643): SAFE MODE not enabled
I/Adreno-EGL( 8643): <qeglDrvAPI_eglInitialize:410>: EGL 1.4 QUALCOMM build: Nondeterministic_AU_msm8974_LA.BF.1.1.1_RB1__release_AU ()
I/Adreno-EGL( 8643): OpenGL ES Shader Compiler Version: E031.25.03.00
I/Adreno-EGL( 8643): Build Date: 12/11/14 Thu
I/Adreno-EGL( 8643): Local Branch: mybranch6275889
I/Adreno-EGL( 8643): Remote Branch: quic/LA.BF.1.1_rb1.16
I/Adreno-EGL( 8643): Local Patches: NONE
I/Adreno-EGL( 8643): Reconstruct Branch: NOTHING
I/SystemServiceManager( 8643): Starting com.android.server.MmsServiceBroker
E/SQLiteLog( 8643): (283) recovered 14 frames from WAL file /data/system/locksettings.db-wal
I/SystemServiceManager( 8643): Starting phase 480
D/Atlas   ( 8643): Rendered atlas in 85.27ms (39.81+45.46ms)
I/SystemServiceManager( 8643): Starting phase 500
I/WifiService( 8643): WifiService starting up with Wi-Fi disabled
D/WifiService( 8643): New client listening to asynchronous messages
I/WifiScanningService( 8643): Registering wifiscanner
