D/WifiScanningService( 8643): New client, channel: null messenger: null
I/RttService( 8643): Registering rttmanager
D/WifiChangeStateMachine( 8643): Entering IdleState
D/WifiScanningService( 8643): DefaultState
I/ActivityManager( 8643): Config changes=200 {1.0 ?mcc?mnc en_US ldltr sw360dp w360dp h615dp 320dpi nrml long port finger -keyb/v/h -nav/h s.5}
I/ActivityManager( 8643): System now ready
I/SystemServer( 8643): Making services ready
I/SystemServiceManager( 8643): Starting phase 550
D/SurfaceFlinger(  214): Set power mode=2, type=0 flinger=0xb84b85e0
D/SurfaceFlinger(  214): Screen type=0 is already mode=2
I/SystemServer( 8643): WebViewFactory preparation
I/Zygote  ( 8643): Process: zygote socket opened, supported ABIS: armeabi-v7a,armeabi
I/ActivityManager( 8643): Start proc WebViewLoader-armeabi-v7a [android.webkit.WebViewFactory$RelroFileCreator] for : pid=8737 uid=1037 gids={} abi=armeabi-v7a
V/WebViewFactory( 8737): RelroFileCreator (64bit = false),  32-bit lib: /system/app/webview/lib/arm/libwebviewchromium.so, 64-bit lib: 
I/ActivityManager( 8643): Start proc com.android.systemui for service com.android.systemui/.SystemUIService: pid=8755 uid=10015 gids={50015, 9997, 1028, 1015, 1035, 3002, 3001, 3006} abi=armeabi-v7a
I/DigitalPenOffScreenDisplayAdapter( 8643): mInfo is null, getting a new one
D/NetworkManagementService( 8643): enabling bandwidth control
I/DisplayManagerService( 8643): Display device added: DisplayDeviceInfo{"Digital Pen off-screen display": 480 x 640, 60.0 fps, supportedRefreshRates [], density 160, 160.0 x 160.0 dpi, appVsyncOff 0, presDeadline 0, touch EXTERNAL, rotation 0, type BUILT_IN, state ON, FLAG_ROTATES_WITH_CONTENT}
I/DisplayManagerService( 8643): Display device changed: DisplayDeviceInfo{"Built-in Screen": 720 x 1280, 60.0 fps, supportedRefreshRates [60.0], density 320, 326.571 x 328.404 dpi, appVsyncOff 0, presDeadline 17666667, touch INTERNAL, rotation 0, type BUILT_IN, state ON, FLAG_DEFAULT_DISPLAY, FLAG_ROTATES_WITH_CONTENT, FLAG_SECURE, FLAG_SUPPORTS_PROTECTED_BUFFERS}
E/MountService( 8643): Boot-time mount failed (-1)
W/MountService( 8643): Duplicate state transition (mounted -> mounted) for /storage/emulated/0
I/ActivityManager( 8643): Start proc android.process.media for broadcast com.android.providers.media/.MtpReceiver: pid=8777 uid=10006 gids={50006, 9997, 1028, 1015, 1023, 1024, 2001, 3003, 3007} abi=armeabi-v7a
I/InputReader( 8643): Reconfiguring input devices.  changes=0x00000004
I/art     ( 8737): System.exit called, status: 0
I/AndroidRuntime( 8737): VM exiting with result code 0, cleanup skipped.
V/SystemUIService( 8755): Starting SystemUI services.
V/FingerprintService( 8643): startListening(android.service.fingerprint.IFingerprintServiceReceiver$Stub$Proxy@3dec537e)
E/SQLiteLog( 8777): (283) recovered 41 frames from WAL file /data/data/com.android.providers.media/databases/external.db-wal
E/OMXMaster( 8418): A component of name 'OMX.qcom.audio.decoder.aac' already exists, ignoring this one.
D/Utils   ( 8418): printFileName fd(11) -> /system/media/audio/ui/Lock.ogg
D/ExtendedUtils( 8418): extended extractor not needed, return default
E/cutils-trace( 8418): Error opening trace file: Permission denied (13)
D/AudioPolicyManager( 8418): isOffloadSupported: stream_type != MUSIC, returning false
E/OMXNodeInstance( 8418): getParameter(100663311) ERROR: 0x8000101a
E/OMXNodeInstance( 8418): getParameter(100663297) ERROR: 0x8000101a
E/OMXNodeInstance( 8418): getParameter(100663311) ERROR: 0x8000101a
E/OMXNodeInstance( 8418): getParameter(100663297) ERROR: 0x8000101a
E/OMXNodeInstance( 8418): getParameter(100663311) ERROR: 0x8000101a
E/OMXNodeInstance( 8418): getParameter(100663297) ERROR: 0x8000101a
E/OMXNodeInstance( 8418): getParameter(100663311) ERROR: 0x8000101a
E/OMXNodeInstance( 8418): getParameter(100663297) ERROR: 0x8000101a
E/OMXNodeInstance( 8418): getParameter(100663311) ERROR: 0x8000101a
E/OMXNodeInstance( 8418): getParameter(100663297) ERROR: 0x8000101a
E/OMXNodeInstance( 8418): getParameter(100663311) ERROR: 0x8000101a
E/OMXNodeInstance( 8418): getParameter(100663297) ERROR: 0x8000101a
E/OMXNodeInstance( 8418): getParameter(100663311) ERROR: 0x8000101a
E/OMXNodeInstance( 8418): getParameter(100663297) ERROR: 0x8000101a
E/OMXNodeInstance( 8418): getParameter(100663311) ERROR: 0x8000101a
E/OMXNodeInstance( 8418): getParameter(100663297) ERROR: 0x8000101a
E/OMXNodeInstance( 8418): getParameter(100663311) ERROR: 0x8000101a
E/OMXNodeInstance( 8418): getParameter(100663297) ERROR: 0x8000101a
E/OMXNodeInstance( 8418): getParameter(100663311) ERROR: 0x8000101a
E/OMXNodeInstance( 8418): getParameter(100663297) ERROR: 0x8000101a
E/OMXNodeInstance( 8418): getParameter(100663311) ERROR: 0x8000101a
E/OMXNodeInstance( 8418): getParameter(100663297) ERROR: 0x8000101a
E/OMXNodeInstance( 8418): getParameter(100663311) ERROR: 0x8000101a
E/OMXNodeInstance( 8418): getParameter(100663297) ERROR: 0x8000101a
E/OMXNodeInstance( 8418): getParameter(100663311) ERROR: 0x8000101a
E/OMXNodeInstance( 8418): getParameter(100663297) ERROR: 0x8000101a
E/OMXNodeInstance( 8418): getParameter(100663311) ERROR: 0x8000101a
E/OMXNodeInstance( 8418): getParameter(100663297) ERROR: 0x8000101a
E/OMX     ( 8418): FAILED to allocate omx component 'OMX.qcom.audio.encoder.evrc'
E/OMX     ( 8418): FAILED to allocate omx component 'OMX.qcom.audio.encoder.qcelp13'
D/MtpService( 8777): updating state; isCurrentUser=true, mMtpLocked=true
D/MtpService( 8777): updating state; isCurrentUser=true, mMtpLocked=true
D/MtpService( 8777): starting MTP server in MTP mode
E/OMX-VENC-720p( 8418): Invalid entry returned from get_supported_profile_level 2130706433, 2048
E/OMXNodeInstance( 8418): getParameter(100663311) ERROR: 0x8000100e
W/ACodec  ( 8418): do not know color format 0x7fa30c04 = 2141391876
W/ACodec  ( 8418): do not know color format 0x7f000789 = 2130708361
E/OMXNodeInstance( 8418): getParameter(100663297) ERROR: 0x8000100e
D/VolumeUI( 8755): Registering volume controller
I/StatusBarManagerService( 8643): registerStatusBar bar=com.android.internal.statusbar.IStatusBar$Stub$Proxy@3caadbaa
D/PermissionMonitor( 8643): Monitoring
D/PermissionMonitor( 8643): Users: 1, Apps: 61
I/SystemServiceManager( 8643): Starting phase 600
D/BluetoothManagerService( 8643): Message: 20
D/BluetoothManagerService( 8643): Added callback: android.bluetooth.BluetoothAdapter$1@390d8ae4:true
D/BluetoothManagerService( 8643): Message: 30
D/BluetoothManagerService( 8643): Message: 30
D/ConditionProviders( 8643): onServiceAdded ManagedServiceInfo[component=ComponentInfo{android/com.android.server.notification.CountdownConditionProvider},userid=0,isSystem=true,targetSdkVersion=21,connection=null,service=android.service.notification.ConditionProviderService$Provider@1ed61705]
D/ConditionProviders( 8643): onServiceAdded ManagedServiceInfo[component=ComponentInfo{android/com.android.server.notification.DowntimeConditionProvider},userid=0,isSystem=true,targetSdkVersion=21,connection=null,service=android.service.notification.ConditionProviderService$Provider@2f09835a]
I/BackupManagerService( 8643): Backup enabled => false
I/BackupManagerService( 8643): Opting out of backup
E/InputMethodManagerService( 8643): Ignoring setImeWindowStatus due to an invalid token. uid:1000 token:null
D/Utils   ( 8418): printFileName fd(16) -> /system/media/audio/ui/Effect_Tick.ogg
D/ExtendedUtils( 8418): extended extractor not needed, return default
D/AudioPolicyManager( 8418): isOffloadSupported: stream_type != MUSIC, returning false
E/OMX-VENC-720p( 8418): get_parameter: OMX_IndexParamVideoProfileLevelQuerySupported nProfileIndex ret NoMore 2
E/OMX-VENC-720p( 8418): Invalid entry returned from get_supported_profile_level 32768, 128
E/OMXNodeInstance( 8418): getParameter(100663311) ERROR: 0x8000100e
W/ACodec  ( 8418): do not know color format 0x7fa30c04 = 2141391876
W/ACodec  ( 8418): do not know color format 0x7f000789 = 2130708361
E/OMXNodeInstance( 8418): getParameter(100663297) ERROR: 0x8000100e
I/ActivityManager( 8643): Start proc com.android.inputmethod.latin for service com.android.inputmethod.latin/.LatinIME: pid=8897 uid=10036 gids={50036, 9997, 1028, 1015} abi=armeabi-v7a
V/InputMethodManagerService( 8643): Adding window token: android.os.Binder@3d3ba629
E/LocSvc_afw( 8643): W/get_extension: Invalid interface passed in
E/LocSvc_afw( 8643): W/const GpsGeofencingInterface* get_geofence_interface(), dlopen for libgeofence.so failed, error = dlopen failed: could not load library "libizat_core.so" needed by "libgeofence.so"; caused by could not load library "libloc_api_v02.so" needed by "libizat_core.so"; caused by could not load library "libloc_ds_api.so" needed by "libloc_api_v02.so"; caused by could not load library "libdsi_netctrl.so" needed by "libloc_ds_api.so"; caused by could not load library "libqdi.so" needed by "libdsi_netctrl.so"; caused by could not load library "libqmi.so" needed by "libqdi.so"; caused by could not load library "l
E/LocSvc_afw( 8643): W/get_extension: Invalid interface passed in
E/LocSvc_afw( 8643): W/get_extension: Invalid interface passed in
E/LocSvc_afw( 8643): W/get_extension: Invalid interface passed in
D/GpsLocationProvider( 8643): Reset GPS properties, previous size = 0
D/GpsLocationProvider( 8643): GpsParamsResource: SUPL_HOST=supl.google.com
D/GpsLocationProvider( 8643): GpsParamsResource: SUPL_PORT=7275
D/GpsLocationProvider( 8643): GpsParamsResource: NTP_SERVER=north-america.pool.ntp.org
D/GpsLocationProvider( 8643): GpsParamsResource: SUPL_VER=0x20000
D/GpsLocationProvider( 8643): GpsParamsResource: SUPL_MODE=1
D/GpsLocationProvider( 8643): GPS properties reloaded, size = 17
E/LocSvc_eng( 8643): W/set_server called before init. save the address, type: 3, hostname: supl.google.com, port: 7276
E/GpsLocationProvider( 8643): no GPS configuration interface in configuraiton_update
D/GpsLocationProvider( 8643): final config = #Tue Feb 03 04:03:15 GMT+00:00 1970
D/GpsLocationProvider( 8643): SUPL_HOST=supl.google.com
D/GpsLocationProvider( 8643): XTRA_SERVER_3=http\://xtra3.gpsonextra.net/xtra2.bin
D/GpsLocationProvider( 8643): XTRA_SERVER_1=http\://xtra1.gpsonextra.net/xtra2.bin
D/GpsLocationProvider( 8643): SUPL_PORT=7276
D/GpsLocationProvider( 8643): DEBUG_LEVEL=2
D/GpsLocationProvider( 8643): XTRA_SERVER_2=http\://xtra2.gpsonextra.net/xtra2.bin
D/GpsLocationProvider( 8643): SUPL_ES=0
D/GpsLocationProvider( 8643): NMEA_PROVIDER=0
D/GpsLocationProvider( 8643): CAPABILITIES=0x37
D/GpsLocationProvider( 8643): SUPL_VER=0x20000
D/GpsLocationProvider( 8643): ERR_ESTIMATE=0
D/GpsLocationProvider( 8643): A_GLONASS_POS_PROTOCOL_SELECT=0
D/GpsLocationProvider( 8643): INTERMEDIATE_POS=0
D/GpsLocationProvider( 8643): SGLTE_TARGET=0
D/GpsLocationProvider( 8643): LPP_PROFILE=0
D/GpsLocationProvider( 8643): NTP_SERVER=north-america.pool.ntp.org
D/GpsLocationProvider( 8643): SUPL_MODE=0
E/LocationManagerService( 8643): no geocoder provider found
W/ContextImpl( 8643): Calling a method in the system process without a qualified user: android.app.ContextImpl.bindService:1750 com.android.server.location.GeoFencerProxy.<init>:86 com.android.server.location.GeoFencerProxy.getGeoFencerProxy:77 com.android.server.LocationManagerService.loadProvidersLocked:520 com.android.server.LocationManagerService.systemRunning:293 
E/FlpHardwareProvider( 8643): Error hw_get_module 'flp': -2
E/LocationManagerService( 8643): FLP HAL not supported
E/LocationManagerService( 8643): Unable to bind FLP Geofence proxy.
E/ActivityRecognitionHardware( 8643): Error hw_get_module: -2
E/LocationManagerService( 8643): Hardware Activity-Recognition not supported.
I/CommonTimeManagementService( 8643): No common time service detected on this platform.  Common time services will be unavailable.
I/InputReader( 8643): Reconfiguring input devices.  changes=0x00000020
I/MmsServiceBroker( 8643): Connecting to MmsService
W/ContextImpl( 8643): Calling a method in the system process without a qualified user: android.app.ContextImpl.bindService:1750 com.android.server.MmsServiceBroker.tryConnecting:134 com.android.server.MmsServiceBroker.systemRunning:121 com.android.server.SystemServer$2.run:1238 com.android.server.am.ActivityManagerService.systemReady:11347 
I/InputReader( 8643): Reconfiguring input devices.  changes=0x00000010
D/GpsLocationProvider( 8643): set_capabilities_callback: 55u
E/OMX-VENC-720p( 8418): get_parameter: OMX_IndexParamVideoProfileLevelQuerySupported nProfileIndex ret NoMore 1
E/OMX-VENC-720p( 8418): Invalid entry returned from get_supported_profile_level 1, 128
E/OMXNodeInstance( 8418): getParameter(100663311) ERROR: 0x8000100e
W/ACodec  ( 8418): do not know color format 0x7fa30c04 = 2141391876
W/ACodec  ( 8418): do not know color format 0x7f000789 = 2130708361
E/OMXNodeInstance( 8418): getParameter(100663297) ERROR: 0x8000100e
I/ActivityManager( 8643): Start proc com.android.phone for service com.android.mms.service/.MmsService: pid=8925 uid=1001 gids={41001, 9997, 3002, 3001, 3003, 1028, 1015} abi=armeabi-v7a
W/VoiceInteractionManagerService( 8643): no available voice interaction services found for user 0
W/VoiceInteractionManagerService( 8643): no available voice recognition services found for user 0
E/QC_WMADEC( 8418):  component init: role = OMX.qcom.audio.decoder.wma
E/QC_WMADEC( 8418): unknown param 0600000f
E/OMXNodeInstance( 8418): getParameter(100663311) ERROR: 0x8000101a
E/QC_WMADEC( 8418): unknown param 06000001
E/OMXNodeInstance( 8418): getParameter(100663297) ERROR: 0x8000101a
E/QC_WMADEC( 8418): COMPONENT DEINIT...
E/QC_WMADEC( 8418): OMX WMA component destroyed
I/ActivityManager( 8643): Start proc com.android.server.telecom for added application com.android.server.telecom: pid=8935 uid=1001 gids={41001, 9997, 3002, 3001, 3003, 1028, 1015} abi=armeabi-v7a
E/QC_WMADEC( 8418):  component init: role = OMX.qcom.audio.decoder.wmaLossLess
E/QC_WMADEC( 8418): unknown param 0600000f
E/OMXNodeInstance( 8418): getParameter(100663311) ERROR: 0x8000101a
E/QC_WMADEC( 8418): unknown param 06000001
E/OMXNodeInstance( 8418): getParameter(100663297) ERROR: 0x8000101a
E/QC_WMADEC( 8418): COMPONENT DEINIT...
E/QC_WMADEC( 8418): OMX WMA component destroyed
I/ActivityManager( 8643): Start proc com.motorola.process.system for added application com.motorola.process.system: pid=8955 uid=1000 gids={41000, 9997, 1028, 1015, 3002, 3001, 3003, 1021, 3004, 3005, 1000, 3009, 1023, 1010} abi=armeabi-v7a
E/QC_WMADEC( 8418):  component init: role = OMX.qcom.audio.decoder.wma10Pro
E/QC_WMADEC( 8418): unknown param 0600000f
E/OMXNodeInstance( 8418): getParameter(100663311) ERROR: 0x8000101a
E/QC_WMADEC( 8418): unknown param 06000001
E/OMXNodeInstance( 8418): getParameter(100663297) ERROR: 0x8000101a
E/QC_WMADEC( 8418): COMPONENT DEINIT...
E/QC_WMADEC( 8418): OMX WMA component destroyed
E/QC_AMRWBPLUSDEC( 8418): unknown param 0600000f
E/OMXNodeInstance( 8418): getParameter(100663311) ERROR: 0x8000101a
E/QC_AMRWBPLUSDEC( 8418): unknown param 06000001
E/OMXNodeInstance( 8418): getParameter(100663297) ERROR: 0x8000101a
I/OMX_QCELP13_DEC( 8418):  Enabling Non-Tunnel mode 
I/OMX_QCELP13_DEC( 8418): MIME type: aud
I/OMX_QCELP13_DEC( 8418):  component init: role = OMX.qcom.audio.decoder.Qcelp13
I/OMX_QCELP13_DEC( 8418): 
I/OMX_QCELP13_DEC( 8418): component_init: Component OMX.qcom.audio.decoder.Qcelp13 LOADED 
I/OMX_QCELP13_DEC( 8418): Created thread for INP 
I/OMX_QCELP13_DEC( 8418): Created thread for CMD 
E/OMX_QCELP13_DEC( 8418): unknown param 0600000f
E/OMXNodeInstance( 8418): getParameter(100663311) ERROR: 0x8000101a
E/OMX_QCELP13_DEC( 8418): unknown param 06000001
E/OMXNodeInstance( 8418): getParameter(100663297) ERROR: 0x8000101a
I/OMX_QCELP13_DEC( 8418): omx_Qcelp13_thread_stop stop server
I/OMX_QCELP13_DEC( 8418): omx_Qcelp13_thread_stop stop server
E/OMX_EVRC_DEC( 8418): COMPONENT INIT OMX.qcom.audio.decoder.evrc
E/OMX_EVRC_DEC( 8418): unknown param 0600000f
E/OMXNodeInstance( 8418): getParameter(100663311) ERROR: 0x8000101a
E/OMX_EVRC_DEC( 8418): unknown param 06000001
E/OMXNodeInstance( 8418): getParameter(100663297) ERROR: 0x8000101a
E/OMX_EVRC_DEC( 8418): COMPONENT DEINIT
I/ActivityManager( 8643): Start proc com.qualcomm.services.location for added application com.qualcomm.services.location: pid=8995 uid=1000 gids={41000, 9997, 1028, 1015, 3002, 3001, 3003, 1021, 3004, 3005, 1000, 3009, 1023, 1010} abi=armeabi-v7a
I/art     ( 8416): Explicit concurrent mark sweep GC freed 707(30KB) AllocSpace objects, 0(0B) LOS objects, 40% free, 6MB/11MB, paused 399us total 21.867ms
I/art     ( 8416): Explicit concurrent mark sweep GC freed 7(240B) AllocSpace objects, 0(0B) LOS objects, 39% free, 6MB/11MB, paused 396us total 18.953ms
I/art     ( 8416): Explicit concurrent mark sweep GC freed 5(160B) AllocSpace objects, 0(0B) LOS objects, 39% free, 6MB/11MB, paused 397us total 19.586ms
E/OMXNodeInstance( 8418): getParameter(100663311) ERROR: 0x8000100e
E/OMX-VDEC-1080P( 8418): Extension: OMX.google.android.index.describeColorFormat not implemented
E/OMX-VDEC-1080P( 8418): Extension: OMX.google.android.index.describeColorFormat not implemented
E/OMX-VDEC-1080P( 8418): Extension: OMX.google.android.index.describeColorFormat not implemented
W/ACodec  ( 8418): do not know color format 0x7fa30c04 = 2141391876
E/OMX-VDEC-1080P( 8418): Extension: OMX.google.android.index.describeColorFormat not implemented
W/ACodec  ( 8418): do not know color format 0x7fa30c05 = 2141391877
E/OMXNodeInstance( 8418): getParameter(100663297) ERROR: 0x8000100e
I/ActivityManager( 8643): Start proc com.android.phone for added application com.android.phone: pid=9028 uid=1001 gids={41001, 9997, 3002, 3001, 3003, 1028, 1015} abi=armeabi-v7a
I/ActivityManager( 8643): START u0 {act=android.intent.action.MAIN cat=[android.intent.category.HOME] flg=0x10000000 cmp=com.android.launcher/com.android.launcher2.Launcher} from uid 0 on display 0
E/        ( 8418): Destroy C2D instance
E/        ( 8418): Destroy C2D instance
I/ActivityManager( 8643): Start proc com.android.launcher for activity com.android.launcher/com.android.launcher2.Launcher: pid=9046 uid=10008 gids={50008, 9997} abi=armeabi-v7a
I/SystemServer( 8643): Enabled StrictMode for system server main thread.
W/art     ( 8643): Long monitor contention event with owner method=void com.android.server.am.ActivityManagerService.systemReady(java.lang.Runnable) from ActivityManagerService.java:11355 waiters=1 for 287ms
I/ActivityManager( 8643): Start proc com.android.printspooler for service com.android.printspooler/.model.PrintSpoolerService: pid=9071 uid=10047 gids={50047, 9997} abi=armeabi-v7a
W/ActivityManager( 8643): No pending application record for pid 8925 (IApplicationThread android.app.ApplicationThreadProxy@fbfedf6); dropping process
W/Settings( 8755): Setting airplane_mode_on has moved from android.provider.Settings.System to android.provider.Settings.Global, returning read-only value.
W/art     ( 8643): Long monitor contention event with owner method=void com.android.server.am.ActivityManagerService.systemReady(java.lang.Runnable) from ActivityManagerService.java:11355 waiters=5 for 193ms
V/ActivityManager( 8643): Display changed displayId=0
V/ActivityManager( 8643): Display changed displayId=0
V/ActivityManager( 8643): Display changed displayId=0
W/Settings( 8755): Setting airplane_mode_on has moved from android.provider.Settings.System to android.provider.Settings.Global, returning read-only value.
E/OMXNodeInstance( 8418): getParameter(100663311) ERROR: 0x8000100e
E/OMX-VDEC-1080P( 8418): Extension: OMX.google.android.index.describeColorFormat not implemented
E/OMX-VDEC-1080P( 8418): Extension: OMX.google.android.index.describeColorFormat not implemented
E/OMX-VDEC-1080P( 8418): Extension: OMX.google.android.index.describeColorFormat not implemented
W/ACodec  ( 8418): do not know color format 0x7fa30c04 = 2141391876
E/OMX-VDEC-1080P( 8418): Extension: OMX.google.android.index.describeColorFormat not implemented
W/ACodec  ( 8418): do not know color format 0x7fa30c05 = 2141391877
E/OMXNodeInstance( 8418): getParameter(100663297) ERROR: 0x8000100e
D/WifiScanningService( 8643): SCAN_AVAILABLE : 1
D/RttService( 8643): SCAN_AVAILABLE : 1
I/Choreographer( 8643): Skipped 74 frames!  The application may be doing too much work on its main thread.
D/WifiScanningService( 8643): DefaultState got{ when=-1ms what=160007 target=com.android.internal.util.StateMachine$SmHandler }
D/RttService( 8643): DefaultState got{ when=-1ms what=160513 target=com.android.internal.util.StateMachine$SmHandler }
W/InputMethodManagerService( 8643): Focus gain on non-focused client android.view.inputmethod.InputMethodManager$1@1e7ba2ca (uid=1000 pid=8643)
E/        ( 8418): Destroy C2D instance
E/        ( 8418): Destroy C2D instance
I/ValidateNoPeople( 8643): skipping global notification
V/ActivityManager( 8643): Display added displayId=1
V/ActivityManager( 8643): Display changed displayId=0
D/Telecom ( 8935): MissedCallNotifier: updateOnStartup()...
W/ResourcesManager( 8643): Asset path '/system/framework/com.android.location.provider.jar' does not exist or contains no resources.
W/ContextImpl( 8643): Calling a method in the system process without a qualified user: android.app.ContextImpl.bindService:1750 android.content.ContextWrapper.bindService:538 com.qualcomm.location.nlp.NlpProxyProvider.bindPackage:549 com.qualcomm.location.nlp.NlpProxyProvider.bind:518 com.qualcomm.location.nlp.NlpProxyProvider.<init>:328 
V/XTWiFiLP( 8995): Constructor
I/LatinIME( 8897): Hardware accelerated drawing: true
I/MQClient( 8995): unable to connect to [/data/misc/location/mq/location-mq-s]:[No such file or directory]
W/XTWiFiLP( 8995): connection failure. count 1
I/ActivityManager( 8643): Start proc android.process.acore for content provider com.android.providers.contacts/.CallLogProvider: pid=9103 uid=10003 gids={50003, 9997, 3003, 1028, 1015} abi=armeabi-v7a
V/UlpService( 8643): +startAdditionalServices
W/ContextImpl( 8643): Calling a method in the system process without a qualified user: android.app.ContextImpl.startService:1686 android.content.ContextWrapper.startService:515 com.qualcomm.location.ulp.UlpService.startAdditionalServices:55 com.qualcomm.location.ulp.UlpService.onBind:28 android.app.ActivityThread.handleBindService:2758 
W/ContextImpl( 8643): Calling a method in the system process without a qualified user: android.app.ContextImpl.startService:1686 android.content.ContextWrapper.startService:515 com.qualcomm.location.ulp.UlpService.startAdditionalServices:59 com.qualcomm.location.ulp.UlpService.onBind:28 android.app.ActivityThread.handleBindService:2758 
W/ContextImpl( 8643): Calling a method in the system process without a qualified user: android.app.ContextImpl.startService:1686 android.content.ContextWrapper.startService:515 com.qualcomm.location.ulp.UlpService.startAdditionalServices:63 com.qualcomm.location.ulp.UlpService.onBind:28 android.app.ActivityThread.handleBindService:2758 
W/ContextImpl( 8643): Implicit intents with startService are not safe: Intent { act=com.qualcomm.location.XT.XTService } android.content.ContextWrapper.startService:515 com.qualcomm.location.ulp.UlpService.startAdditionalServices:63 com.qualcomm.location.ulp.UlpService.onBind:28 
W/ActivityManager( 8643): Unable to start service Intent { act=com.qualcomm.location.XT.XTService } U=0: not found
W/ContextImpl( 8643): Calling a method in the system process without a qualified user: android.app.ContextImpl.startService:1686 android.content.ContextWrapper.startService:515 com.qualcomm.location.ulp.UlpService.startAdditionalServices:67 com.qualcomm.location.ulp.UlpService.onBind:28 android.app.ActivityThread.handleBindService:2758 
W/ContextImpl( 8643): Implicit intents with startService are not safe: Intent { act=com.qualcomm.services.location.xtwifi.XTWiFiOsAgent } android.content.ContextWrapper.startService:515 com.qualcomm.location.ulp.UlpService.startAdditionalServices:67 com.qualcomm.location.ulp.UlpService.onBind:28 
W/ContextImpl( 8643): Calling a method in the system process without a qualified user: android.app.ContextImpl.startService:1686 android.content.ContextWrapper.startService:515 com.qualcomm.location.ulp.UlpService.startAdditionalServices:71 com.qualcomm.location.ulp.UlpService.onBind:28 android.app.ActivityThread.handleBindService:2758 
W/ContextImpl( 8643): Implicit intents with startService are not safe: Intent { act=com.qualcomm.services.location.LocationAlarmService } android.content.ContextWrapper.startService:515 com.qualcomm.location.ulp.UlpService.startAdditionalServices:71 com.qualcomm.location.ulp.UlpService.onBind:28 
V/UlpService( 8643): -startAdditionalServices
D/BluetoothManagerService( 8643): Message: 20
D/BluetoothManagerService( 8643): Added callback: android.bluetooth.IBluetoothManagerCallback$Stub$Proxy@26ad9f56:true
D/BluetoothManagerService( 8643): Message: 30
W/XTWiFiOS( 8995): Constructor
V/XTWiFiOS( 8995): onCreate
V/XTWiFiOS( 8995): iZat premium: true, service mask: 5, WiFi feature: true, WWAN feature: false, PIP feature: true
V/XTWiFiOS( 8995): iZat service mask is non-zero, continue initialization
E/OMXNodeInstance( 8418): getParameter(100663311) ERROR: 0x8000100e
E/OMX-VDEC-1080P( 8418): Extension: OMX.google.android.index.describeColorFormat not implemented
E/OMX-VDEC-1080P( 8418): Extension: OMX.google.android.index.describeColorFormat not implemented
E/OMX-VDEC-1080P( 8418): Extension: OMX.google.android.index.describeColorFormat not implemented
W/ACodec  ( 8418): do not know color format 0x7fa30c04 = 2141391876
E/OMX-VDEC-1080P( 8418): Extension: OMX.google.android.index.describeColorFormat not implemented
W/ACodec  ( 8418): do not know color format 0x7fa30c05 = 2141391877
E/OMXNodeInstance( 8418): getParameter(100663297) ERROR: 0x8000100e
E/OMX-VDEC-1080P( 8418): Failed to enable dynamic buffer mode
E/OMX-VDEC-1080P( 8418): set_parameter: Error: 0x80001019, setting param 0x7f00001c
E/OMXNodeInstance( 8418): OMX_SetParameter() failed for StoreMetaDataInBuffers: 0x80001019
E/        ( 8418): Destroy C2D instance
E/        ( 8418): Destroy C2D instance
E/art     ( 8643): dlopen("/vendor/lib/liblocationservice.so", RTLD_LAZY) failed: dlopen failed: could not load library "libizat_core.so" needed by "liblocationservice.so"; caused by could not load library "libloc_api_v02.so" needed by "libizat_core.so"; caused by could not load library "libloc_ds_api.so" needed by "libloc_api_v02.so"; caused by could not load library "libdsi_netctrl.so" needed by "libloc_ds_api.so"; caused by could not load library "libqdi.so" needed by "libdsi_netctrl.so"; caused by could not load library "libqmi.so" needed by "libqdi.so"; caused by could not load lib
D/AndroidRuntime( 8643): Shutting down VM
E/AndroidRuntime( 8643): *** FATAL EXCEPTION IN SYSTEM PROCESS: main
E/AndroidRuntime( 8643): java.lang.UnsatisfiedLinkError: dlopen failed: could not load library "libizat_core.so" needed by "liblocationservice.so"; caused by could not load library "libloc_api_v02.so" needed by "libizat_core.so"; caused by could not load library "libloc_ds_api.so" needed by "libloc_api_v02.so"; caused by could not load library "libdsi_netctrl.so" needed by "libloc_ds_api.so"; caused by could not load library "libqdi.so" needed by "libdsi_netctrl.so"; caused by could not load library "libqmi.so" needed by "libqdi.so"; caused by could not load lib
E/AndroidRuntime( 8643): 	at java.lang.Runtime.loadLibrary(Runtime.java:371)
E/AndroidRuntime( 8643): 	at java.lang.System.loadLibrary(System.java:989)
E/AndroidRuntime( 8643): 	at com.qualcomm.location.ulp.UlpEngine.<clinit>(UlpEngine.java:1062)
E/AndroidRuntime( 8643): 	at com.qualcomm.location.ulp.UnifiedLocationProvider.<init>(UnifiedLocationProvider.java:53)
E/AndroidRuntime( 8643): 	at com.qualcomm.location.ulp.UlpService.onBind(UlpService.java:29)
E/AndroidRuntime( 8643): 	at android.app.ActivityThread.handleBindService(ActivityThread.java:2758)
E/AndroidRuntime( 8643): 	at android.app.ActivityThread.access$1900(ActivityThread.java:144)
E/AndroidRuntime( 8643): 	at android.app.ActivityThread$H.handleMessage(ActivityThread.java:1366)
E/AndroidRuntime( 8643): 	at android.os.Handler.dispatchMessage(Handler.java:102)
E/AndroidRuntime( 8643): 	at android.os.Looper.loop(Looper.java:135)
E/AndroidRuntime( 8643): 	at com.android.server.SystemServer.run(SystemServer.java:277)
E/AndroidRuntime( 8643): 	at com.android.server.SystemServer.main(SystemServer.java:178)
E/AndroidRuntime( 8643): 	at java.lang.reflect.Method.invoke(Native Method)
E/AndroidRuntime( 8643): 	at java.lang.reflect.Method.invoke(Method.java:372)
E/AndroidRuntime( 8643): 	at com.android.internal.os.ZygoteInit$MethodAndArgsCaller.run(ZygoteInit.java:898)
E/AndroidRuntime( 8643): 	at com.android.internal.os.ZygoteInit.main(ZygoteInit.java:693)
I/PrintSpoolerService( 9071): No existing print spooler state.
I/Process ( 8643): Sending signal. PID: 8643 SIG: 9
D/MmsService( 9028): onCreate
F/MediaSession( 8935): Failure in setFlags.
F/MediaSession( 8935): android.os.DeadObjectException
F/MediaSession( 8935): 	at android.os.BinderProxy.transactNative(Native Method)
F/MediaSession( 8935): 	at android.os.BinderProxy.transact(Binder.java:496)
F/MediaSession( 8935): 	at android.media.session.ISession$Stub$Proxy.setFlags(ISession.java:337)
F/MediaSession( 8935): 	at android.media.session.MediaSession.setFlags(MediaSession.java:246)
F/MediaSession( 8935): 	at com.android.server.telecom.HeadsetMediaButton.<init>(HeadsetMediaButton.java:64)
F/MediaSession( 8935): 	at com.android.server.telecom.CallsManager.<init>(CallsManager.java:191)
F/MediaSession( 8935): 	at com.android.server.telecom.TelecomApp.onCreate(TelecomApp.java:64)
F/MediaSession( 8935): 	at android.app.Instrumentation.callApplicationOnCreate(Instrumentation.java:1011)
F/MediaSession( 8935): 	at android.app.ActivityThread.handleBindApplication(ActivityThread.java:4518)
F/MediaSession( 8935): 	at android.app.ActivityThread.access$1500(ActivityThread.java:144)
F/MediaSession( 8935): 	at android.app.ActivityThread$H.handleMessage(ActivityThread.java:1339)
F/MediaSession( 8935): 	at android.os.Handler.dispatchMessage(Handler.java:102)
F/MediaSession( 8935): 	at android.os.Looper.loop(Looper.java:135)
F/MediaSession( 8935): 	at android.app.ActivityThread.main(ActivityThread.java:5221)
F/MediaSession( 8935): 	at java.lang.reflect.Method.invoke(Native Method)
F/MediaSession( 8935): 	at java.lang.reflect.Method.invoke(Method.java:372)
F/MediaSession( 8935): 	at com.android.internal.os.ZygoteInit$MethodAndArgsCaller.run(ZygoteInit.java:898)
F/MediaSession( 8935): 	at com.android.internal.os.ZygoteInit.main(ZygoteInit.java:693)
E/StrictMode( 9071): RemoteException trying to handle StrictMode violation
E/StrictMode( 9071): android.os.DeadObjectException
E/StrictMode( 9071): 	at android.os.BinderProxy.transactNative(Native Method)
E/StrictMode( 9071): 	at android.os.BinderProxy.transact(Binder.java:496)
E/StrictMode( 9071): 	at android.app.ActivityManagerProxy.handleApplicationStrictModeViolation(ActivityManagerNative.java:4145)
E/StrictMode( 9071): 	at android.os.StrictMode$AndroidBlockGuardPolicy.handleViolation(StrictMode.java:1359)
E/StrictMode( 9071): 	at android.os.StrictMode$AndroidBlockGuardPolicy$1.run(StrictMode.java:1254)
E/StrictMode( 9071): 	at android.os.Handler.handleCallback(Handler.java:739)
E/StrictMode( 9071): 	at android.os.Handler.dispatchMessage(Handler.java:95)
E/StrictMode( 9071): 	at android.os.Looper.loop(Looper.java:135)
E/StrictMode( 9071): 	at android.app.ActivityThread.main(ActivityThread.java:5221)
E/StrictMode( 9071): 	at java.lang.reflect.Method.invoke(Native Method)
E/StrictMode( 9071): 	at java.lang.reflect.Method.invoke(Method.java:372)
E/StrictMode( 9071): 	at com.android.internal.os.ZygoteInit$MethodAndArgsCaller.run(ZygoteInit.java:898)
E/StrictMode( 9071): 	at com.android.internal.os.ZygoteInit.main(ZygoteInit.java:693)
E/StrictMode( 9071): RemoteException trying to handle StrictMode violation
E/StrictMode( 9071): android.os.DeadObjectException
E/StrictMode( 9071): 	at android.os.BinderProxy.transactNative(Native Method)
E/StrictMode( 9071): 	at android.os.BinderProxy.transact(Binder.java:496)
E/StrictMode( 9071): 	at android.app.ActivityManagerProxy.handleApplicationStrictModeViolation(ActivityManagerNative.java:4145)
E/StrictMode( 9071): 	at android.os.StrictMode$AndroidBlockGuardPolicy.handleViolation(StrictMode.java:1359)
E/StrictMode( 9071): 	at android.os.StrictMode$AndroidBlockGuardPolicy$1.run(StrictMode.java:1254)
E/StrictMode( 9071): 	at android.os.Handler.handleCallback(Handler.java:739)
E/StrictMode( 9071): 	at android.os.Handler.dispatchMessage(Handler.java:95)
E/StrictMode( 9071): 	at android.os.Looper.loop(Looper.java:135)
E/StrictMode( 9071): 	at android.app.ActivityThread.main(ActivityThread.java:5221)
E/StrictMode( 9071): 	at java.lang.reflect.Method.invoke(Native Method)
E/StrictMode( 9071): 	at java.lang.reflect.Method.invoke(Method.java:372)
E/StrictMode( 9071): 	at com.android.internal.os.ZygoteInit$MethodAndArgsCaller.run(ZygoteInit.java:898)
E/StrictMode( 9071): 	at com.android.internal.os.ZygoteInit.main(ZygoteInit.java:693)
E/AndroidRuntime( 8935): Error reporting WTF
E/AndroidRuntime( 8935): android.os.DeadObjectException
E/AndroidRuntime( 8935): 	at android.os.BinderProxy.transactNative(Native Method)
E/AndroidRuntime( 8935): 	at android.os.BinderProxy.transact(Binder.java:496)
E/AndroidRuntime( 8935): 	at android.app.ActivityManagerProxy.handleApplicationWtf(ActivityManagerNative.java:4127)
E/AndroidRuntime( 8935): 	at com.android.internal.os.RuntimeInit.wtf(RuntimeInit.java:343)
E/AndroidRuntime( 8935): 	at android.util.Log$1.onTerribleFailure(Log.java:104)
E/AndroidRuntime( 8935): 	at android.util.Log.wtf(Log.java:294)
E/AndroidRuntime( 8935): 	at android.util.Log.wtf(Log.java:286)
E/AndroidRuntime( 8935): 	at android.media.session.MediaSession.setFlags(MediaSession.java:248)
E/AndroidRuntime( 8935): 	at com.android.server.telecom.HeadsetMediaButton.<init>(HeadsetMediaButton.java:64)
E/AndroidRuntime( 8935): 	at com.android.server.telecom.CallsManager.<init>(CallsManager.java:191)
E/AndroidRuntime( 8935): 	at com.android.server.telecom.TelecomApp.onCreate(TelecomApp.java:64)
E/AndroidRuntime( 8935): 	at android.app.Instrumentation.callApplicationOnCreate(Instrumentation.java:1011)
E/AndroidRuntime( 8935): 	at android.app.ActivityThread.handleBindApplication(ActivityThread.java:4518)
E/AndroidRuntime( 8935): 	at android.app.ActivityThread.access$1500(ActivityThread.java:144)
E/AndroidRuntime( 8935): 	at android.app.ActivityThread$H.handleMessage(ActivityThread.java:1339)
E/AndroidRuntime( 8935): 	at android.os.Handler.dispatchMessage(Handler.java:102)
E/AndroidRuntime( 8935): 	at android.os.Looper.loop(Looper.java:135)
E/AndroidRuntime( 8935): 	at android.app.ActivityThread.main(ActivityThread.java:5221)
E/AndroidRuntime( 8935): 	at java.lang.reflect.Method.invoke(Native Method)
E/AndroidRuntime( 8935): 	at java.lang.reflect.Method.invoke(Method.java:372)
E/AndroidRuntime( 8935): 	at com.android.internal.os.ZygoteInit$MethodAndArgsCaller.run(ZygoteInit.java:898)
E/AndroidRuntime( 8935): 	at com.android.internal.os.ZygoteInit.main(ZygoteInit.java:693)
E/AndroidRuntime( 8935): Original WTF:
E/AndroidRuntime( 8935): android.util.Log$TerribleFailure: Failure in setFlags.
E/AndroidRuntime( 8935): 	at android.util.Log.wtf(Log.java:291)
E/AndroidRuntime( 8935): 	at android.util.Log.wtf(Log.java:286)
E/AndroidRuntime( 8935): 	at android.media.session.MediaSession.setFlags(MediaSession.java:248)
E/AndroidRuntime( 8935): 	at com.android.server.telecom.HeadsetMediaButton.<init>(HeadsetMediaButton.java:64)
E/AndroidRuntime( 8935): 	at com.android.server.telecom.CallsManager.<init>(CallsManager.java:191)
E/AndroidRuntime( 8935): 	at com.android.server.telecom.TelecomApp.onCreate(TelecomApp.java:64)
E/AndroidRuntime( 8935): 	at android.app.Instrumentation.callApplicationOnCreate(Instrumentation.java:1011)
E/AndroidRuntime( 8935): 	at android.app.ActivityThread.handleBindApplication(ActivityThread.java:4518)
E/AndroidRuntime( 8935): 	at android.app.ActivityThread.access$1500(ActivityThread.java:144)
E/AndroidRuntime( 8935): 	at android.app.ActivityThread$H.handleMessage(ActivityThread.java:1339)
E/AndroidRuntime( 8935): 	at android.os.Handler.dispatchMessage(Handler.java:102)
E/AndroidRuntime( 8935): 	at android.os.Looper.loop(Looper.java:135)
E/AndroidRuntime( 8935): 	at android.app.ActivityThread.main(ActivityThread.java:5221)
E/AndroidRuntime( 8935): 	at java.lang.reflect.Method.invoke(Native Method)
E/AndroidRuntime( 8935): 	at java.lang.reflect.Method.invoke(Method.java:372)
E/AndroidRuntime( 8935): 	at com.android.internal.os.ZygoteInit$MethodAndArgsCaller.run(ZygoteInit.java:898)
E/AndroidRuntime( 8935): 	at com.android.internal.os.ZygoteInit.main(ZygoteInit.java:693)
E/AndroidRuntime( 8935): Caused by: android.os.DeadObjectException
E/AndroidRuntime( 8935): 	at android.os.BinderProxy.transactNative(Native Method)
E/AndroidRuntime( 8935): 	at android.os.BinderProxy.transact(Binder.java:496)
E/AndroidRuntime( 8935): 	at android.media.session.ISession$Stub$Proxy.setFlags(ISession.java:337)
E/AndroidRuntime( 8935): 	at android.media.session.MediaSession.setFlags(MediaSession.java:246)
E/AndroidRuntime( 8935): 	... 14 more
E/WifiManager( 8995): Channel connection lost
E/StrictMode( 9071): RemoteException trying to handle StrictMode violation
E/StrictMode( 9071): android.os.DeadObjectException
E/StrictMode( 9071): 	at android.os.BinderProxy.transactNative(Native Method)
E/StrictMode( 9071): 	at android.os.BinderProxy.transact(Binder.java:496)
E/StrictMode( 9071): 	at android.app.ActivityManagerProxy.handleApplicationStrictModeViolation(ActivityManagerNative.java:4145)
E/StrictMode( 9071): 	at android.os.StrictMode$AndroidBlockGuardPolicy.handleViolation(StrictMode.java:1359)
E/StrictMode( 9071): 	at android.os.StrictMode$AndroidBlockGuardPolicy$1.run(StrictMode.java:1254)
E/StrictMode( 9071): 	at android.os.Handler.handleCallback(Handler.java:739)
E/StrictMode( 9071): 	at android.os.Handler.dispatchMessage(Handler.java:95)
E/StrictMode( 9071): 	at android.os.Looper.loop(Looper.java:135)
E/StrictMode( 9071): 	at android.app.ActivityThread.main(ActivityThread.java:5221)
E/StrictMode( 9071): 	at java.lang.reflect.Method.invoke(Native Method)
E/StrictMode( 9071): 	at java.lang.reflect.Method.invoke(Method.java:372)
E/StrictMode( 9071): 	at com.android.internal.os.ZygoteInit$MethodAndArgsCaller.run(ZygoteInit.java:898)
E/StrictMode( 9071): 	at com.android.internal.os.ZygoteInit.main(ZygoteInit.java:693)
F/MediaSession( 8935): Failure in setPlaybackToLocal.
F/MediaSession( 8935): android.os.DeadObjectException
F/MediaSession( 8935): 	at android.os.BinderProxy.transactNative(Native Method)
F/MediaSession( 8935): 	at android.os.BinderProxy.transact(Binder.java:496)
F/MediaSession( 8935): 	at android.media.session.ISession$Stub$Proxy.setPlaybackToLocal(ISession.java:612)
F/MediaSession( 8935): 	at android.media.session.MediaSession.setPlaybackToLocal(MediaSession.java:268)
F/MediaSession( 8935): 	at com.android.server.telecom.HeadsetMediaButton.<init>(HeadsetMediaButton.java:66)
F/MediaSession( 8935): 	at com.android.server.telecom.CallsManager.<init>(CallsManager.java:191)
F/MediaSession( 8935): 	at com.android.server.telecom.TelecomApp.onCreate(TelecomApp.java:64)
F/MediaSession( 8935): 	at android.app.Instrumentation.callApplicationOnCreate(Instrumentation.java:1011)
F/MediaSession( 8935): 	at android.app.ActivityThread.handleBindApplication(ActivityThread.java:4518)
F/MediaSession( 8935): 	at android.app.ActivityThread.access$1500(ActivityThread.java:144)
F/MediaSession( 8935): 	at android.app.ActivityThread$H.handleMessage(ActivityThread.java:1339)
F/MediaSession( 8935): 	at android.os.Handler.dispatchMessage(Handler.java:102)
F/MediaSession( 8935): 	at android.os.Looper.loop(Looper.java:135)
F/MediaSession( 8935): 	at android.app.ActivityThread.main(ActivityThread.java:5221)
F/MediaSession( 8935): 	at java.lang.reflect.Method.invoke(Native Method)
F/MediaSession( 8935): 	at java.lang.reflect.Method.invoke(Method.java:372)
F/MediaSession( 8935): 	at com.android.internal.os.ZygoteInit$MethodAndArgsCaller.run(ZygoteInit.java:898)
F/MediaSession( 8935): 	at com.android.internal.os.ZygoteInit.main(ZygoteInit.java:693)
E/StrictMode( 9071): RemoteException trying to handle StrictMode violation
E/StrictMode( 9071): android.os.DeadObjectException
E/StrictMode( 9071): 	at android.os.BinderProxy.transactNative(Native Method)
E/StrictMode( 9071): 	at android.os.BinderProxy.transact(Binder.java:496)
E/StrictMode( 9071): 	at android.app.ActivityManagerProxy.handleApplicationStrictModeViolation(ActivityManagerNative.java:4145)
E/StrictMode( 9071): 	at android.os.StrictMode$AndroidBlockGuardPolicy.handleViolation(StrictMode.java:1359)
E/StrictMode( 9071): 	at android.os.StrictMode$AndroidBlockGuardPolicy$1.run(StrictMode.java:1254)
E/StrictMode( 9071): 	at android.os.Handler.handleCallback(Handler.java:739)
E/StrictMode( 9071): 	at android.os.Handler.dispatchMessage(Handler.java:95)
E/StrictMode( 9071): 	at android.os.Looper.loop(Looper.java:135)
E/StrictMode( 9071): 	at android.app.ActivityThread.main(ActivityThread.java:5221)
E/StrictMode( 9071): 	at java.lang.reflect.Method.invoke(Native Method)
E/StrictMode( 9071): 	at java.lang.reflect.Method.invoke(Method.java:372)
E/StrictMode( 9071): 	at com.android.internal.os.ZygoteInit$MethodAndArgsCaller.run(ZygoteInit.java:898)
E/StrictMode( 9071): 	at com.android.internal.os.ZygoteInit.main(ZygoteInit.java:693)
W/InputMethodManager( 8897): IME died: null
W/InputMethodManager( 8897): android.os.DeadObjectException
W/InputMethodManager( 8897): 	at android.os.BinderProxy.transactNative(Native Method)
W/InputMethodManager( 8897): 	at android.os.BinderProxy.transact(Binder.java:496)
W/InputMethodManager( 8897): 	at com.android.internal.view.IInputMethodManager$Stub$Proxy.setAdditionalInputMethodSubtypes(IInputMethodManager.java:1050)
W/InputMethodManager( 8897): 	at android.view.inputmethod.InputMethodManager.setAdditionalInputMethodSubtypes(InputMethodManager.java:2116)
W/InputMethodManager( 8897): 	at com.android.inputmethod.latin.RichInputMethodManager.setAdditionalInputMethodSubtypes(RichInputMethodManager.java:387)
W/InputMethodManager( 8897): 	at com.android.inputmethod.latin.RichInputMethodManager.initInternal(RichInputMethodManager.java:91)
W/InputMethodManager( 8897): 	at com.android.inputmethod.latin.RichInputMethodManager.init(RichInputMethodManager.java:67)
W/InputMethodManager( 8897): 	at com.android.inputmethod.latin.LatinIME.onCreate(LatinIME.java:531)
W/InputMethodManager( 8897): 	at android.app.ActivityThread.handleCreateService(ActivityThread.java:2731)
W/InputMethodManager( 8897): 	at android.app.ActivityThread.access$1800(ActivityThread.java:144)
W/InputMethodManager( 8897): 	at android.app.ActivityThread$H.handleMessage(ActivityThread.java:1361)
W/InputMethodManager( 8897): 	at android.os.Handler.dispatchMessage(Handler.java:102)
W/InputMethodManager( 8897): 	at android.os.Looper.loop(Looper.java:135)
W/InputMethodManager( 8897): 	at android.app.ActivityThread.main(ActivityThread.java:5221)
W/InputMethodManager( 8897): 	at java.lang.reflect.Method.invoke(Native Method)
W/InputMethodManager( 8897): 	at java.lang.reflect.Method.invoke(Method.java:372)
W/InputMethodManager( 8897): 	at com.android.internal.os.ZygoteInit$MethodAndArgsCaller.run(ZygoteInit.java:898)
W/InputMethodManager( 8897): 	at com.android.internal.os.ZygoteInit.main(ZygoteInit.java:693)
I/ServiceManager(  212): service 'permission' died
I/ServiceManager(  212): service 'sensorservice' died
I/ServiceManager(  212): service 'batterystats' died
I/ServiceManager(  212): service 'appops' died
I/ServiceManager(  212): service 'power' died
I/ServiceManager(  212): service 'display' died
I/ServiceManager(  212): service 'input' died
I/ServiceManager(  212): service 'usb' died
I/ServiceManager(  212): service 'content' died
I/ServiceManager(  212): service 'alarm' died
I/ServiceManager(  212): service 'accessibility' died
I/ServiceManager(  212): service 'procstats' died
I/ServiceManager(  212): service 'battery' died
I/ServiceManager(  212): service 'gfxinfo' died
I/ServiceManager(  212): service 'activity' died
I/ServiceManager(  212): service 'statusbar' died
I/ServiceManager(  212): service 'user' died
I/ServiceManager(  212): service 'meminfo' died
I/ServiceManager(  212): service 'uimode' died
I/ServiceManager(  212): service 'hardware' died
I/ServiceManager(  212): service 'usagestats' died
I/ServiceManager(  212): service 'account' died
I/ServiceManager(  212): service 'telephony.registry' died
I/ServiceManager(  212): service 'scheduling_policy' died
I/ServiceManager(  212): service 'webviewupdate' died
I/ServiceManager(  212): service 'wifip2p' died
I/ServiceManager(  212): service 'servicediscovery' died
I/ServiceManager(  212): service 'serial' died
I/ServiceManager(  212): service 'network_management' died
I/ServiceManager(  212): service 'device_policy' died
I/ServiceManager(  212): service 'package' died
I/ServiceManager(  212): service 'cpuinfo' died
I/ServiceManager(  212): service 'entropy' died
I/ServiceMan