E/AndroidRuntime( 3444): java.lang.RuntimeException: Unable to create service com.qualcomm.services.location.xtwifi.XTWiFiOsAgent: java.lang.NullPointerException: Attempt to invoke interface method 'java.lang.String[] android.database.Cursor.getColumnNames()' on a null object reference
E/AndroidRuntime( 3444): 	at android.app.ActivityThread.handleCreateService(ActivityThread.java:2741)
E/AndroidRuntime( 3444): 	at android.app.ActivityThread.access$1800(ActivityThread.java:144)
E/AndroidRuntime( 3444): 	at android.app.ActivityThread$H.handleMessage(ActivityThread.java:1361)
E/AndroidRuntime( 3444): 	at android.os.Handler.dispatchMessage(Handler.java:102)
E/AndroidRuntime( 3444): 	at android.os.Looper.loop(Looper.java:135)
E/AndroidRuntime( 3444): 	at android.app.ActivityThread.main(ActivityThread.java:5221)
E/AndroidRuntime( 3444): 	at java.lang.reflect.Method.invoke(Native Method)
E/AndroidRuntime( 3444): 	at java.lang.reflect.Method.invoke(Method.java:372)
E/AndroidRuntime( 3444): 	at com.android.internal.os.ZygoteInit$MethodAndArgsCaller.run(ZygoteInit.java:898)
E/AndroidRuntime( 3444): 	at com.android.internal.os.ZygoteInit.main(ZygoteInit.java:693)
E/AndroidRuntime( 3444): Caused by: java.lang.NullPointerException: Attempt to invoke interface method 'java.lang.String[] android.database.Cursor.getColumnNames()' on a null object reference
E/AndroidRuntime( 3444): 	at android.content.ContentQueryMap.<init>(ContentQueryMap.java:65)
E/AndroidRuntime( 3444): 	at com.qualcomm.services.location.xtwifi.XTWiFiOsAgent$ApiLevel17.installObservers(XTWiFiOsAgent.java:143)
E/AndroidRuntime( 3444): 	at com.qualcomm.services.location.xtwifi.XTWiFiOsAgent.installObservers(XTWiFiOsAgent.java:1637)
E/AndroidRuntime( 3444): 	at com.qualcomm.services.location.xtwifi.XTWiFiOsAgent.onCreate(XTWiFiOsAgent.java:376)
E/AndroidRuntime( 3444): 	at android.app.ActivityThread.handleCreateService(ActivityThread.java:2731)
E/AndroidRuntime( 3444): 	... 9 more
E/AndroidRuntime( 3444): Error reporting crash
E/AndroidRuntime( 3444): android.os.DeadObjectException
E/AndroidRuntime( 3444): 	at android.os.BinderProxy.transactNative(Native Method)
E/AndroidRuntime( 3444): 	at android.os.BinderProxy.transact(Binder.java:496)
E/AndroidRuntime( 3444): 	at android.app.ActivityManagerProxy.handleApplicationCrash(ActivityManagerNative.java:4111)
E/AndroidRuntime( 3444): 	at com.android.internal.os.RuntimeInit$UncaughtHandler.uncaughtException(RuntimeInit.java:89)
E/AndroidRuntime( 3444): 	at java.lang.ThreadGroup.uncaughtException(ThreadGroup.java:693)
E/AndroidRuntime( 3444): 	at java.lang.ThreadGroup.uncaughtException(ThreadGroup.java:690)
E/AndroidRuntime( 3506): FATAL EXCEPTION: main
E/AndroidRuntime( 3506): Process: com.android.provision, PID: 3506
E/AndroidRuntime( 3506): java.lang.NullPointerException: Attempt to read from field 'float android.view.DisplayInfo.refreshRate' on a null object reference
E/AndroidRuntime( 3506): 	at android.view.Choreographer.getRefreshRate(Choreographer.java:181)
E/AndroidRuntime( 3506): 	at android.view.Choreographer.<init>(Choreographer.java:170)
E/AndroidRuntime( 3506): 	at android.view.Choreographer.<init>(Choreographer.java:72)
E/AndroidRuntime( 3506): 	at android.view.Choreographer$1.initialValue(Choreographer.java:98)
E/AndroidRuntime( 3506): 	at android.view.Choreographer$1.initialValue(Choreographer.java:91)
E/AndroidRuntime( 3506): 	at java.lang.ThreadLocal$Values.getAfterMiss(ThreadLocal.java:430)
E/AndroidRuntime( 3506): 	at java.lang.ThreadLocal.get(ThreadLocal.java:65)
E/AndroidRuntime( 3506): 	at android.view.Choreographer.getInstance(Choreographer.java:192)
E/AndroidRuntime( 3506): 	at android.view.ViewRootImpl.<init>(ViewRootImpl.java:390)
E/AndroidRuntime( 3506): 	at android.view.WindowManagerGlobal.addView(WindowManagerGlobal.java:261)
E/AndroidRuntime( 3506): 	at android.view.WindowManagerImpl.addView(WindowManagerImpl.java:69)
E/AndroidRuntime( 3506): 	at android.app.ActivityThread.handleResumeActivity(ActivityThread.java:3017)
E/AndroidRuntime( 3506): 	at android.app.ActivityThread.handleLaunchActivity(ActivityThread.java:2365)
E/AndroidRuntime( 3506): 	at android.app.ActivityThread.access$800(ActivityThread.java:144)
E/AndroidRuntime( 3506): 	at android.app.ActivityThread$H.handleMessage(ActivityThread.java:1278)
E/AndroidRuntime( 3506): 	at android.os.Handler.dispatchMessage(Handler.java:102)
E/AndroidRuntime( 3506): 	at android.os.Looper.loop(Looper.java:135)
E/AndroidRuntime( 3506): 	at android.app.ActivityThread.main(ActivityThread.java:5221)
E/AndroidRuntime( 3506): 	at java.lang.reflect.Method.invoke(Native Method)
E/AndroidRuntime( 3506): 	at java.lang.reflect.Method.invoke(Method.java:372)
E/AndroidRuntime( 3506): 	at com.android.internal.os.ZygoteInit$MethodAndArgsCaller.run(ZygoteInit.java:898)
E/AndroidRuntime( 3506): 	at com.android.internal.os.ZygoteInit.main(ZygoteInit.java:693)
E/AndroidRuntime( 3506): Error reporting crash
E/AndroidRuntime( 3506): android.os.DeadObjectException
E/AndroidRuntime( 3506): 	at android.os.BinderProxy.transactNative(Native Method)
E/AndroidRuntime( 3506): 	at android.os.BinderProxy.transact(Binder.java:496)
E/AndroidRuntime( 3506): 	at android.app.ActivityManagerProxy.handleApplicationCrash(ActivityManagerNative.java:4111)
E/AndroidRuntime( 3506): 	at com.android.internal.os.RuntimeInit$UncaughtHandler.uncaughtException(RuntimeInit.java:89)
E/AndroidRuntime( 3506): 	at java.lang.ThreadGroup.uncaughtException(ThreadGroup.java:693)
E/AndroidRuntime( 3506): 	at java.lang.ThreadGroup.uncaughtException(ThreadGroup.java:690)
E/AndroidRuntime( 3219): FATAL EXCEPTION: main
E/AndroidRuntime( 3219): Process: com.android.systemui, PID: 3219
E/AndroidRuntime( 3219): java.lang.NullPointerException: Attempt to invoke interface method 'java.util.List com.android.internal.app.IAppOpsService.getPackagesForOps(int[])' on a null object reference
E/AndroidRuntime( 3219): 	at android.app.AppOpsManager.getPackagesForOps(AppOpsManager.java:1406)
E/AndroidRuntime( 3219): 	at com.android.systemui.statusbar.policy.LocationControllerImpl.areActiveHighPowerLocationRequests(LocationControllerImpl.java:154)
E/AndroidRuntime( 3219): 	at com.android.systemui.statusbar.policy.LocationControllerImpl.updateActiveLocationRequests(LocationControllerImpl.java:194)
E/AndroidRuntime( 3219): 	at com.android.systemui.statusbar.policy.LocationControllerImpl.<init>(LocationControllerImpl.java:85)
E/AndroidRuntime( 3219): 	at com.android.systemui.statusbar.phone.PhoneStatusBar.makeStatusBarView(PhoneStatusBar.java:811)
E/AndroidRuntime( 3219): 	at com.android.systemui.statusbar.phone.PhoneStatusBar.addStatusBarWindow(PhoneStatusBar.java:3105)
E/AndroidRuntime( 3219): 	at com.android.systemui.statusbar.phone.PhoneStatusBar.createAndAddWindows(PhoneStatusBar.java:3101)
E/AndroidRuntime( 3219): 	at com.android.systemui.statusbar.BaseStatusBar.start(BaseStatusBar.java:510)
E/AndroidRuntime( 3219): 	at com.android.systemui.statusbar.phone.PhoneStatusBar.start(PhoneStatusBar.java:589)
E/AndroidRuntime( 3219): 	at com.android.systemui.statusbar.SystemBars.createStatusBarFromConfig(SystemBars.java:106)
E/AndroidRuntime( 3219): 	at com.android.systemui.statusbar.SystemBars.onNoService(SystemBars.java:58)
E/AndroidRuntime( 3219): 	at com.android.systemui.statusbar.ServiceMonitor.startService(ServiceMonitor.java:228)
E/AndroidRuntime( 3219): 	at com.android.systemui.statusbar.ServiceMonitor.access$000(ServiceMonitor.java:49)
E/AndroidRuntime( 3219): 	at com.android.systemui.statusbar.ServiceMonitor$1.handleMessage(ServiceMonitor.java:73)
E/AndroidRuntime( 3219): 	at android.os.Handler.dispatchMessage(Handler.java:102)
E/AndroidRuntime( 3219): 	at android.os.Looper.loop(Looper.java:135)
E/AndroidRuntime( 3219): 	at android.app.ActivityThread.main(ActivityThread.java:5221)
E/AndroidRuntime( 3219): 	at java.lang.reflect.Method.invoke(Native Method)
E/AndroidRuntime( 3219): 	at java.lang.reflect.Method.invoke(Method.java:372)
E/AndroidRuntime( 3219): 	at com.android.internal.os.ZygoteInit$MethodAndArgsCaller.run(ZygoteInit.java:898)
E/AndroidRuntime( 3219): 	at com.android.internal.os.ZygoteInit.main(ZygoteInit.java:693)
E/AndroidRuntime( 3219): Error reporting crash
E/AndroidRuntime( 3219): android.os.DeadObjectException
E/AndroidRuntime( 3219): 	at android.os.BinderProxy.transactNative(Native Method)
E/AndroidRuntime( 3219): 	at android.os.BinderProxy.transact(Binder.java:496)
E/AndroidRuntime( 3219): 	at android.app.ActivityManagerProxy.handleApplicationCrash(ActivityManagerNative.java:4111)
E/AndroidRuntime( 3219): 	at com.android.internal.os.RuntimeInit$UncaughtHandler.uncaughtException(RuntimeInit.java:89)
E/AndroidRuntime( 3219): 	at java.lang.ThreadGroup.uncaughtException(ThreadGroup.java:693)
E/AndroidRuntime( 3219): 	at java.lang.ThreadGroup.uncaughtException(ThreadGroup.java:690)
--------- beginning of system
W/DockObserver( 3921): This kernel does not have dock station support
I/SystemServer( 3921): Wired Accessory Manager
W/WiredAccessoryManager( 3921): This kernel does not have HDMI audio support
I/SystemServiceManager( 3921): Starting com.android.server.usb.UsbService$Lifecycle
I/SystemServer( 3921): Serial Service
I/SystemServiceManager( 3921): Starting com.android.server.twilight.TwilightService
I/SystemServiceManager( 3921): Starting com.android.server.UiModeManagerService
I/SystemServiceManager( 3921): Starting com.android.server.job.JobSchedulerService
I/SystemServiceManager( 3921): Starting com.android.server.backup.BackupManagerService$Lifecycle
V/BackupManagerService( 3921): No ancestral data
D/BackupManagerService( 3921): Now staging backup of com.android.calendar
D/BackupManagerService( 3921): Now staging backup of com.android.dialer
D/BackupManagerService( 3921): Now staging backup of com.android.providers.userdictionary
D/BackupManagerService( 3921): Now staging backup of com.android.sharedstoragebackup
D/BackupManagerService( 3921): Now staging backup of com.android.providers.settings
D/BackupManagerService( 3921): Now staging backup of android
D/BackupManagerService( 3921): Now staging backup of com.android.mms
D/BackupManagerService( 3921): Now staging backup of com.android.browser
V/BackupManagerService( 3921): Starting with transport android/com.android.internal.backup.LocalTransport
V/BackupManagerService( 3921): Found transports: 1
I/BackupManagerService( 3921): Binding to transport host ComponentInfo{android/com.android.internal.backup.LocalTransportService}
I/BackupManagerService( 3921): Found stale backup journal, scheduling
I/SystemServiceManager( 3921): Starting com.android.server.appwidget.AppWidgetService
I/SystemServiceManager( 3921): Starting com.android.server.voiceinteraction.VoiceInteractionManagerService
W/SoundTriggerHelper( 3921): listModules status=0, # of modules=0
I/SystemServer( 3921): DiskStats Service
I/SystemServer( 3921): SamplingProfiler Service
I/SystemServer( 3921): NetworkTimeUpdateService
I/SystemServer( 3921): CommonTimeManagementService
I/SystemServer( 3921): CertBlacklister
I/SystemServiceManager( 3921): Starting com.android.server.dreams.DreamManagerService
I/SystemServer( 3921): Assets Atlas Service
I/SystemServiceManager( 3921): Starting com.android.server.print.PrintManagerService
I/SystemServiceManager( 3921): Starting com.android.server.restrictions.RestrictionsManagerService
I/SystemServiceManager( 3921): Starting com.android.server.media.MediaSessionService
I/SystemServer( 3921): Media Router Service
I/SystemServiceManager( 3921): Starting com.android.server.trust.TrustManagerService
I/SystemServiceManager( 3921): Starting com.android.server.fingerprint.FingerprintService
I/SystemServer( 3921): BackgroundDexOptService
I/SystemServiceManager( 3921): Starting com.android.server.pm.LauncherAppsService
D/SystemServer( 3921): Wipower not supported
I/SystemServer( 3921): Digital Pen Service
W/SystemServer( 3921): ***********************************************
F/SystemServer( 3921): BOOT FAILURE starting DigitalPenService
F/SystemServer( 3921): java.lang.ClassNotFoundException: Didn't find class "com.qti.snapdragon.digitalpen.DigitalPenService" on path: DexPathList[[],nativeLibraryDirectories=[/vendor/lib, /system/lib]]
F/SystemServer( 3921): 	at dalvik.system.BaseDexClassLoader.findClass(BaseDexClassLoader.java:56)
F/SystemServer( 3921): 	at java.lang.ClassLoader.loadClass(ClassLoader.java:511)
F/SystemServer( 3921): 	at java.lang.ClassLoader.loadClass(ClassLoader.java:469)
F/SystemServer( 3921): 	at com.android.server.SystemServer.startOtherServices(SystemServer.java:996)
F/SystemServer( 3921): 	at com.android.server.SystemServer.run(SystemServer.java:264)
F/SystemServer( 3921): 	at com.android.server.SystemServer.main(SystemServer.java:178)
F/SystemServer( 3921): 	at java.lang.reflect.Method.invoke(Native Method)
F/SystemServer( 3921): 	at java.lang.reflect.Method.invoke(Method.java:372)
F/SystemServer( 3921): 	at com.android.internal.os.ZygoteInit$MethodAndArgsCaller.run(ZygoteInit.java:898)
F/SystemServer( 3921): 	at com.android.internal.os.ZygoteInit.main(ZygoteInit.java:693)
F/SystemServer( 3921): 	Suppressed: java.lang.ClassNotFoundException: Didn't find class "com.qti.snapdragon.digitalpen.DigitalPenService" on path: DexPathList[[directory "."],nativeLibraryDirectories=[/vendor/lib, /system/lib]]
F/SystemServer( 3921): 		at dalvik.system.BaseDexClassLoader.findClass(BaseDexClassLoader.java:56)
F/SystemServer( 3921): 		at java.lang.ClassLoader.loadClass(ClassLoader.java:511)
F/SystemServer( 3921): 		at java.lang.ClassLoader.loadClass(ClassLoader.java:504)
F/SystemServer( 3921): 		... 8 more
F/SystemServer( 3921): 		Suppressed: java.lang.ClassNotFoundException: com.qti.snapdragon.digitalpen.DigitalPenService
F/SystemServer( 3921): 			at java.lang.Class.classForName(Native Method)
F/SystemServer( 3921): 			at java.lang.BootClassLoader.findClass(ClassLoader.java:781)
F/SystemServer( 3921): 			at java.lang.BootClassLoader.loadClass(ClassLoader.java:841)
F/SystemServer( 3921): 			at java.lang.ClassLoader.loadClass(ClassLoader.java:504)
F/SystemServer( 3921): 			... 9 more
F/SystemServer( 3921): 		Caused by: java.lang.NoClassDefFoundError: Class not found using the boot class loader; no stack available
I/SystemServiceManager( 3921): Starting com.android.server.media.projection.MediaProjectionManagerService
I/SystemServiceManager( 3921): Starting com.android.server.MmsServiceBroker
I/SystemServiceManager( 3921): Starting phase 480
I/SystemServiceManager( 3921): Starting phase 500
I/WifiService( 3921): WifiService starting up with Wi-Fi disabled
D/WifiService( 3921): New client listening to asynchronous messages
D/WifiScanningService( 3921): New client, channel: null messenger: null
I/ActivityManager( 3921): Config changes=200 {1.0 ?mcc?mnc en_US ldltr sw360dp w360dp h615dp 320dpi nrml long port finger -keyb/v/h -nav/h s.5}
I/ActivityManager( 3921): System now ready
I/SystemServer( 3921): Making services ready
I/SystemServiceManager( 3921): Starting phase 550
I/SystemServer( 3921): WebViewFactory preparation
I/ActivityManager( 3921): Start proc WebViewLoader-armeabi-v7a [android.webkit.WebViewFactory$RelroFileCreator] for : pid=4014 uid=1037 gids={} abi=armeabi-v7a
I/DigitalPenOffScreenDisplayAdapter( 3921): mInfo is null, getting a new one
I/DisplayManagerService( 3921): Display device added: DisplayDeviceInfo{"Digital Pen off-screen display": 480 x 640, 60.0 fps, supportedRefreshRates [], density 160, 160.0 x 160.0 dpi, appVsyncOff 0, presDeadline 0, touch EXTERNAL, rotation 0, type BUILT_IN, state ON, FLAG_ROTATES_WITH_CONTENT}
I/DisplayManagerService( 3921): Display device changed: DisplayDeviceInfo{"Built-in Screen": 720 x 1280, 60.0 fps, supportedRefreshRates [60.0], density 320, 326.571 x 328.404 dpi, appVsyncOff 0, presDeadline 17666667, touch INTERNAL, rotation 0, type BUILT_IN, state ON, FLAG_DEFAULT_DISPLAY, FLAG_ROTATES_WITH_CONTENT, FLAG_SECURE, FLAG_SUPPORTS_PROTECTED_BUFFERS}
I/ActivityManager( 3921): Start proc com.android.systemui for service com.android.systemui/.SystemUIService: pid=4032 uid=10015 gids={50015, 9997, 1028, 1015, 1035, 3002, 3001, 3006} abi=armeabi-v7a
D/NetworkManagementService( 3921): enabling bandwidth control
E/MountService( 3921): Boot-time mount failed (-1)
W/MountService( 3921): Duplicate state transition (mounted -> mounted) for /storage/emulated/0
I/ActivityManager( 3921): Start proc android.process.media for broadcast com.android.providers.media/.MtpReceiver: pid=4042 uid=10006 gids={50006, 9997, 1028, 1015, 1023, 1024, 2001, 3003, 3007} abi=armeabi-v7a
V/FingerprintService( 3921): startListening(android.service.fingerprint.IFingerprintServiceReceiver$Stub$Proxy@333b2c7)
I/StatusBarManagerService( 3921): registerStatusBar bar=com.android.internal.statusbar.IStatusBar$Stub$Proxy@74803
I/SystemServiceManager( 3921): Starting phase 600
D/ConditionProviders( 3921): onServiceAdded ManagedServiceInfo[component=ComponentInfo{android/com.android.server.notification.CountdownConditionProvider},userid=0,isSystem=true,targetSdkVersion=21,connection=null,service=android.service.notification.ConditionProviderService$Provider@1e412c75]
D/ConditionProviders( 3921): onServiceAdded ManagedServiceInfo[component=ComponentInfo{android/com.android.server.notification.DowntimeConditionProvider},userid=0,isSystem=true,targetSdkVersion=21,connection=null,service=android.service.notification.ConditionProviderService$Provider@3d5fb47b]
I/BackupManagerService( 3921): Backup enabled => false
I/BackupManagerService( 3921): Opting out of backup
E/InputMethodManagerService( 3921): Ignoring setImeWindowStatus due to an invalid token. uid:1000 token:null
I/ActivityManager( 3921): Start proc com.android.inputmethod.latin for service com.android.inputmethod.latin/.LatinIME: pid=4172 uid=10036 gids={50036, 9997, 1028, 1015} abi=armeabi-v7a
V/InputMethodManagerService( 3921): Adding window token: android.os.Binder@2abbb836
E/LocationManagerService( 3921): no geocoder provider found
W/ContextImpl( 3921): Calling a method in the system process without a qualified user: android.app.ContextImpl.bindService:1750 com.android.server.location.GeoFencerProxy.<init>:86 com.android.server.location.GeoFencerProxy.getGeoFencerProxy:77 com.android.server.LocationManagerService.loadProvidersLocked:520 com.android.server.LocationManagerService.systemRunning:293 
E/LocationManagerService( 3921): FLP HAL not supported
E/LocationManagerService( 3921): Unable to bind FLP Geofence proxy.
E/LocationManagerService( 3921): Hardware Activity-Recognition not supported.
I/MmsServiceBroker( 3921): Connecting to MmsService
W/ContextImpl( 3921): Calling a method in the system process without a qualified user: android.app.ContextImpl.bindService:1750 com.android.server.MmsServiceBroker.tryConnecting:134 com.android.server.MmsServiceBroker.systemRunning:121 com.android.server.SystemServer$2.run:1238 com.android.server.am.ActivityManagerService.systemReady:11347 
I/ActivityManager( 3921): Start proc com.android.phone for service com.android.mms.service/.MmsService: pid=4199 uid=1001 gids={41001, 9997, 3002, 3001, 3003, 1028, 1015} abi=armeabi-v7a
W/VoiceInteractionManagerService( 3921): no available voice interaction services found for user 0
W/VoiceInteractionManagerService( 3921): no available voice recognition services found for user 0
I/ActivityManager( 3921): Start proc com.android.server.telecom for added application com.android.server.telecom: pid=4210 uid=1001 gids={41001, 9997, 3002, 3001, 3003, 1028, 1015} abi=armeabi-v7a
I/ActivityManager( 3921): Start proc com.motorola.process.system for added application com.motorola.process.system: pid=4230 uid=1000 gids={41000, 9997, 1028, 1015, 3002, 3001, 3003, 1021, 3004, 3005, 1000, 3009, 1023, 1010} abi=armeabi-v7a
I/ActivityManager( 3921): Start proc com.qualcomm.services.location for added application com.qualcomm.services.location: pid=4265 uid=1000 gids={41000, 9997, 1028, 1015, 3002, 3001, 3003, 1021, 3004, 3005, 1000, 3009, 1023, 1010} abi=armeabi-v7a
I/ActivityManager( 3921): Start proc com.android.phone for added application com.android.phone: pid=4304 uid=1001 gids={41001, 9997, 3002, 3001, 3003, 1028, 1015} abi=armeabi-v7a
I/ActivityManager( 3921): START u0 {act=android.intent.action.MAIN cat=[android.intent.category.HOME] flg=0x10000000 cmp=com.android.launcher/com.android.launcher2.Launcher} from uid 0 on display 0
I/ActivityManager( 3921): Start proc com.android.launcher for activity com.android.launcher/com.android.launcher2.Launcher: pid=4326 uid=10008 gids={50008, 9997} abi=armeabi-v7a
I/SystemServer( 3921): Enabled StrictMode for system server main thread.
V/ActivityManager( 3921): Display changed displayId=0
W/ActivityManager( 3921): No pending application record for pid 4199 (IApplicationThread android.app.ApplicationThreadProxy@28a14939); dropping process
V/ActivityManager( 3921): Display changed displayId=0
V/ActivityManager( 3921): Display changed displayId=0
W/InputMethodManagerService( 3921): Focus gain on non-focused client android.view.inputmethod.InputMethodManager$1@1daa2ca3 (uid=1000 pid=3921)
D/Telecom ( 4210): MissedCallNotifier: updateOnStartup()...
I/ActivityManager( 3921): Start proc com.android.printspooler for service com.android.printspooler/.model.PrintSpoolerService: pid=4356 uid=10047 gids={50047, 9997} abi=armeabi-v7a
I/ValidateNoPeople( 3921): skipping global notification
I/ActivityManager( 3921): Start proc android.process.acore for content provider com.android.providers.contacts/.CallLogProvider: pid=4375 uid=10003 gids={50003, 9997, 3003, 1028, 1015} abi=armeabi-v7a
V/ActivityManager( 3921): Display added displayId=1
V/ActivityManager( 3921): Display changed displayId=0
W/ResourcesManager( 3921): Asset path '/system/framework/com.android.location.provider.jar' does not exist or contains no resources.
W/ContextImpl( 3921): Calling a method in the system process without a qualified user: android.app.ContextImpl.bindService:1750 android.content.ContextWrapper.bindService:538 com.qualcomm.location.nlp.NlpProxyProvider.bindPackage:549 com.qualcomm.location.nlp.NlpProxyProvider.bind:518 com.qualcomm.location.nlp.NlpProxyProvider.<init>:328 
W/ContextImpl( 3921): Calling a method in the system process without a qualified user: android.app.ContextImpl.startService:1686 android.content.ContextWrapper.startService:515 com.qualcomm.location.ulp.UlpService.startAdditionalServices:55 com.qualcomm.location.ulp.UlpService.onBind:28 android.app.ActivityThread.handleBindService:2758 
W/ContextImpl( 3921): Calling a method in the system process without a qualified user: android.app.ContextImpl.startService:1686 android.content.ContextWrapper.startService:515 com.qualcomm.location.ulp.UlpService.startAdditionalServices:59 com.qualcomm.location.ulp.UlpService.onBind:28 android.app.ActivityThread.handleBindService:2758 
W/ContextImpl( 3921): Calling a method in the system process without a qualified user: android.app.ContextImpl.startService:1686 android.content.ContextWrapper.startService:515 com.qualcomm.location.ulp.UlpService.startAdditionalServices:63 com.qualcomm.location.ulp.UlpService.onBind:28 android.app.ActivityThread.handleBindService:2758 
W/ActivityManager( 3921): Unable to start service Intent { act=com.qualcomm.location.XT.XTService } U=0: not found
W/ContextImpl( 3921): Calling a method in the system process without a qualified user: android.app.ContextImpl.startService:1686 android.content.ContextWrapper.startService:515 com.qualcomm.location.ulp.UlpService.startAdditionalServices:67 com.qualcomm.location.ulp.UlpService.onBind:28 android.app.ActivityThread.handleBindService:2758 
W/ContextImpl( 3921): Calling a method in the system process without a qualified user: android.app.ContextImpl.startService:1686 android.content.ContextWrapper.startService:515 com.qualcomm.location.ulp.UlpService.startAdditionalServices:71 com.qualcomm.location.ulp.UlpService.onBind:28 android.app.ActivityThread.handleBindService:2758 
D/Telecom ( 4210): ProximitySensorManager: onCreate: mProximityWakeLock: 
E/AndroidRuntime( 3921): *** FATAL EXCEPTION IN SYSTEM PROCESS: main
E/AndroidRuntime( 3921): java.lang.UnsatisfiedLinkError: dlopen failed: could not load library "libizat_core.so" needed by "liblocationservice.so"; caused by could not load library "libloc_api_v02.so" needed by "libizat_core.so"; caused by could not load library "libloc_ds_api.so" needed by "libloc_api_v02.so"; caused by could not load library "libdsi_netctrl.so" needed by "libloc_ds_api.so"; caused by could not load library "libqdi.so" needed by "libdsi_netctrl.so"; caused by could not load library "libqmi.so" needed by "libqdi.so"; caused by could not load lib
E/AndroidRuntime( 3921): 	at java.lang.Runtime.loadLibrary(Runtime.java:371)
E/AndroidRuntime( 3921): 	at java.lang.System.loadLibrary(System.java:989)
E/AndroidRuntime( 3921): 	at com.qualcomm.location.ulp.UlpEngine.<clinit>(UlpEngine.java:1062)
E/AndroidRuntime( 3921): 	at com.qualcomm.location.ulp.UnifiedLocationProvider.<init>(UnifiedLocationProvider.java:53)
E/AndroidRuntime( 3921): 	at com.qualcomm.location.ulp.UlpService.onBind(UlpService.java:29)
E/AndroidRuntime( 3921): 	at android.app.ActivityThread.handleBindService(ActivityThread.java:2758)
E/AndroidRuntime( 3921): 	at android.app.ActivityThread.access$1900(ActivityThread.java:144)
E/AndroidRuntime( 3921): 	at android.app.ActivityThread$H.handleMessage(ActivityThread.java:1366)
E/AndroidRuntime( 3921): 	at android.os.Handler.dispatchMessage(Handler.java:102)
E/AndroidRuntime( 3921): 	at android.os.Looper.loop(Looper.java:135)
E/AndroidRuntime( 3921): 	at com.android.server.SystemServer.run(SystemServer.java:277)
E/AndroidRuntime( 3921): 	at com.android.server.SystemServer.main(SystemServer.java:178)
E/AndroidRuntime( 3921): 	at java.lang.reflect.Method.invoke(Native Method)
E/AndroidRuntime( 3921): 	at java.lang.reflect.Method.invoke(Method.java:372)
E/AndroidRuntime( 3921): 	at com.android.internal.os.ZygoteInit$MethodAndArgsCaller.run(ZygoteInit.java:898)
E/AndroidRuntime( 3921): 	at com.android.internal.os.ZygoteInit.main(ZygoteInit.java:693)
D/Telecom ( 4210): BluetoothPhoneService: onCreate
D/WifiService( 3921): New client listening to asynchronous messages
E/ActivityThread( 4210): Failed to find provider info for call_log
I/ActivityThread( 4265): Removing dead content provider:android.content.ContentProviderProxy@1a5c535
D/Telecom ( 4210): MissedCallNotifier: onQueryComplete()...
E/ActivityThread( 4265): Failed to find provider info for settings
E/ActivityThread( 4172): Failed to find provider info for user_dictionary
E/ActivityThread( 4172): Failed to find provider info for user_dictionary
E/AndroidRuntime( 4172): FATAL EXCEPTION: main
E/AndroidRuntime( 4172): Process: com.android.inputmethod.latin, PID: 4172
E/AndroidRuntime( 4172): java.lang.RuntimeException: Unable to create service com.android.inputmethod.latin.LatinIME: java.lang.RuntimeException: android.os.DeadObjectException
E/AndroidRuntime( 4172): 	at android.app.ActivityThread.handleCreateService(ActivityThread.java:2741)
E/AndroidRuntime( 4172): 	at android.app.ActivityThread.access$1800(ActivityThread.java:144)
E/AndroidRuntime( 4172): 	at android.app.ActivityThread$H.handleMessage(ActivityThread.java:1361)
E/AndroidRuntime( 4172): 	at android.os.Handler.dispatchMessage(Handler.java:102)
E/AndroidRuntime( 4172): 	at android.os.Looper.loop(Looper.java:135)
E/AndroidRuntime( 4172): 	at android.app.ActivityThread.main(ActivityThread.java:5221)
E/AndroidRuntime( 4172): 	at java.lang.reflect.Method.invoke(Native Method)
E/AndroidRuntime( 4172): 	at java.lang.reflect.Method.invoke(Method.java:372)
E/AndroidRuntime( 4172): 	at com.android.internal.os.ZygoteInit$MethodAndArgsCaller.run(ZygoteInit.java:898)
E/AndroidRuntime( 4172): 	at com.android.internal.os.ZygoteInit.main(ZygoteInit.java:693)
E/AndroidRuntime( 4172): Caused by: java.lang.RuntimeException: android.os.DeadObjectException
E/AndroidRuntime( 4172): 	at android.view.inputmethod.InputMethodManager.getEnabledInputMethodList(InputMethodManager.java:661)
E/AndroidRuntime( 4172): 	at com.android.inputmethod.latin.SubtypeSwitcher.isSystemLocaleSameAsLocaleOfAllEnabledSubtypesOfEnabledImes(SubtypeSwitcher.java:261)
E/AndroidRuntime( 4172): 	at com.android.inputmethod.latin.LatinIME.refreshPersonalizationDictionarySession(LatinIME.java:598)
E/AndroidRuntime( 4172): 	at com.android.inputmethod.latin.LatinIME.loadSettings(LatinIME.java:592)
E/AndroidRuntime( 4172): 	at com.android.inputmethod.latin.LatinIME.onCreate(LatinIME.java:545)
E/AndroidRuntime( 4172): 	at android.app.ActivityThread.handleCreateService(ActivityThread.java:2731)
E/AndroidRuntime( 4172): 	... 9 more
E/AndroidRuntime( 4172): Caused by: android.os.DeadObjectException
E/AndroidRuntime( 4172): 	at android.os.BinderProxy.transactNative(Native Method)
E/AndroidRuntime( 4172): 	at android.os.BinderProxy.transact(Binder.java:496)
E/AndroidRuntime( 4172): 	at com.android.internal.view.IInputMethodManager$Stub$Proxy.getEnabledInputMethodList(IInputMethodManager.java:503)
E/AndroidRuntime( 4172): 	at android.view.inputmethod.InputMethodManager.getEnabledInputMethodList(InputMethodManager.java:659)
E/AndroidRuntime( 4172): 	... 14 more
E/AndroidRuntime( 4265): FATAL EXCEPTION: main
E/AndroidRuntime( 4265): Process: com.qualcomm.services.location, PID: 4265
E/AndroidRuntime( 4265): java.lang.RuntimeException: Unable to create service com.qualcomm.services.location.xtwifi.XTWiFiOsAgent: java.lang.NullPointerException: Attempt to invoke interface method 'java.lang.String[] android.database.Cursor.getColumnNames()' on a null object reference
E/AndroidRuntime( 4265): 	at android.app.ActivityThread.handleCreateService(ActivityThread.java:2741)
E/AndroidRuntime( 4265): 	at android.app.ActivityThread.access$1800(ActivityThread.java:144)
E/AndroidRuntime( 4265): 	at android.app.ActivityThread$H.handleMessage(ActivityThread.java:1361)
E/AndroidRuntime( 4265): 	at android.os.Handler.dispatchMessage(Handler.java:102)
E/AndroidRuntime( 4265): 	at android.os.Looper.loop(Looper.java:135)
E/AndroidRuntime( 4265): 	at android.app.ActivityThread.main(ActivityThread.java:5221)
E/AndroidRuntime( 4265): 	at java.lang.reflect.Method.invoke(Native Method)
E/AndroidRuntime( 4265): 	at java.lang.reflect.Method.invoke(Method.java:372)
E/AndroidRuntime( 4265): 	at com.android.internal.os.ZygoteInit$MethodAndArgsCaller.run(ZygoteInit.java:898)
E/AndroidRuntime( 4265): 	at com.android.internal.os.ZygoteInit.main(ZygoteInit.java:693)
E/AndroidRuntime( 4265): Caused by: java.lang.NullPointerException: Attempt to invoke interface method 'java.lang.String[] android.database.Cursor.getColumnNames()' on a null object reference
E/AndroidRuntime( 4265): 	at android.content.ContentQueryMap.<init>(ContentQueryMap.java:65)
E/AndroidRuntime( 4265): 	at com.qualcomm.services.location.xtwifi.XTWiFiOsAgent$ApiLevel17.installObservers(XTWiFiOsAgent.java:153)
E/AndroidRuntime( 4265): 	at com.qualcomm.services.location.xtwifi.XTWiFiOsAgent.installObservers(XTWiFiOsAgent.java:1637)
E/AndroidRuntime( 4265): 	at com.qualcomm.services.location.xtwifi.XTWiFiOsAgent.onCreate(XTWiFiOsAgent.java:376)
E/AndroidRuntime( 4265): 	at android.app.ActivityThread.handleCreateService(ActivityThread.java:2731)
E/AndroidRuntime( 4265): 	... 9 more
E/AndroidRuntime( 4265): Error reporting crash
E/AndroidRuntime( 4265): android.os.DeadObjectException
E/AndroidRuntime( 4265): 	at android.os.BinderProxy.transactNative(Native Method)
E/AndroidRuntime( 4265): 	at android.os.BinderProxy.transact(Binder.java:496)
E/AndroidRuntime( 4265): 	at android.app.ActivityManagerProxy.handleApplicationCrash(ActivityManagerNative.java:4111)
E/AndroidRuntime( 4265): 	at com.android.internal.os.RuntimeInit$UncaughtHandler.uncaughtException(RuntimeInit.java:89)
E/AndroidRuntime( 4265): 	at java.lang.ThreadGroup.uncaughtException(ThreadGroup.java:693)
E/AndroidRuntime( 4265): 	at java.lang.ThreadGroup.uncaughtException(ThreadGroup.java:690)
E/AndroidRuntime( 4326): FATAL EXCEPTION: main
E/AndroidRuntime( 4326): Process: com.android.launcher, PID: 4326
E/AndroidRuntime( 4326): java.lang.RuntimeException: Unable to get provider com.android.launcher2.LauncherProvider: java.lang.RuntimeException: system server dead?
E/AndroidRuntime( 4326): 	at android.app.ActivityThread.installProvider(ActivityThread.java:4967)
E/AndroidRuntime( 4326): 	at android.app.ActivityThread.installContentProviders(ActivityThread.java:4559)
E/AndroidRuntime( 4326): 	at android.app.ActivityThread.handleBindApplication(ActivityThread.java:4499)
E/AndroidRuntime( 4326): 	at android.app.ActivityThread.access$1500(ActivityThread.java:144)
E/AndroidRuntime( 4326): 	at android.app.ActivityThread$H.handleMessage(ActivityThread.java:1339)
E/AndroidRuntime( 4326): 	at android.os.Handler.dispatchMessage(Handler.java:102)
E/AndroidRuntime( 4326): 	at android.os.Looper.loop(Looper.java:135)
E/AndroidRuntime( 4326): 	at android.app.ActivityThread.main(ActivityThread.java:5221)
E/AndroidRuntime( 4326): 	at java.lang.reflect.Method.invoke(Native Method)
E/AndroidRuntime( 4326): 	at java.lang.reflect.Method.invoke(Method.java:372)
E/AndroidRuntime( 4326): 	at com.android.internal.os.ZygoteInit$MethodAndArgsCaller.run(ZygoteInit.java:898)
E/AndroidRuntime( 4326): 	at com.android.internal.os.ZygoteInit.main(ZygoteInit.java:693)
E/AndroidRuntime( 4326): Caused by: java.lang.RuntimeException: system server dead?
E/AndroidRuntime( 4326): 	at android.appwidget.AppWidgetHost.deleteHost(AppWidgetHost.java:286)
E/AndroidRuntime( 4326): 	at com.android.launcher2.LauncherProvider$DatabaseHelper.onCreate(LauncherProvider.java:326)
E/AndroidRuntime( 4326): 	at android.database.sqlite.SQLiteOpenHelper.getDatabaseLocked(SQLiteOpenHelper.java:251)
E/AndroidRuntime( 4326): 	at android.database.sqlite.SQLiteOpenHelper.getWritableDatabase(SQLiteOpenHelper.java:163)
E/AndroidRuntime( 4326): 	at com.android.launcher2.LauncherProvider$DatabaseHelper.<init>(LauncherProvider.java:276)
E/AndroidRuntime( 4326): 	at com.android.launcher2.LauncherProvider.onCreate(LauncherProvider.java:97)
E/AndroidRuntime( 4326): 	at android.content.ContentProvider.attachInfo(ContentProvider.java:1720)
E/AndroidRuntime( 4326): 	at android.content.ContentProvider.attachInfo(ContentProvider.java:1689)
E/AndroidRuntime( 4326): 	at android.app.ActivityThread.installProvider(ActivityThread.java:4964)
E/AndroidRuntime( 4326): 	... 11 more
E/AndroidRuntime( 4326): Caused by: android.os.DeadObjectException
E/AndroidRuntime( 4326): 	at android.os.BinderProxy.transactNative(Native Method)
E/AndroidRuntime( 4326): 	at android.os.BinderProxy.transact(Binder.java:496)
E/AndroidRuntime( 4326): 	at com.android.internal.appwidget.IAppWidgetService$Stub$Proxy.deleteHost(IAppWidgetService.java:509)
E/AndroidRuntime( 4326): 	at android.appwidget.AppWidgetHost.deleteHost(AppWidgetHost.java:283)
E/AndroidRuntime( 4326): 	... 19 more
E/AndroidRuntime( 4326): Error reporting crash
E/AndroidRuntime( 4326): android.os.DeadObjectException
E/AndroidRuntime( 4326): 	at android.os.BinderProxy.transactNative(Native Method)
E/AndroidRuntime( 4326): 	at android.os.BinderProxy.transact(Binder.java:496)
E/AndroidRuntime( 4326): 	at android.app.ActivityManagerProxy.handleApplicationCrash(ActivityManagerNative.java:4111)
E/AndroidRuntime( 4326): 	at com.android.internal.os.RuntimeInit$UncaughtHandler.uncaughtException(RuntimeInit.java:89)
E/AndroidRuntime( 4326): 	at java.lang.ThreadGroup.uncaughtException(ThreadGroup.java:693)
E/AndroidRuntime( 4326): 	at java.lang.ThreadGroup.uncaughtException(ThreadGroup.java:690)
W/ActivityThread( 4375): Unable to get context for package com.android.providers.userdictionary while loading content provider com.android.providers.userdictionary.UserDictionaryProvider
W/ActivityThread( 4375): Unable to get context for package com.android.providers.userdictionary while loading content provider com.android.providers.userdictionary.UserDictionaryProvider
E/AndroidRuntime( 4032): FATAL EXCEPTION: main
E/AndroidRuntime( 4032): Process: com.android.systemui, PID: 4032
E/AndroidRuntime( 4032): java.lang.NullPointerException: Attempt to invoke interface method 'java.util.List com.android.internal.app.IAppOpsService.getPackagesForOps(int[])' on a null object reference
E/AndroidRuntime( 4032): 	at android.app.AppOpsManager.getPackagesForOps(AppOpsManager.java:1406)
E/AndroidRuntime( 4032): 	at com.android.systemui.statusbar.policy.LocationControllerImpl.areActiveHighPowerLocationRequests(LocationControllerImpl.java:154)
E/AndroidRuntime( 4032): 	at com.android.systemui.statusbar.policy.LocationControllerImpl.updateActiveLocationRequests(LocationControllerImpl.java:194)
E/AndroidRuntime( 4032): 	at com.android.systemui.statusbar.policy.LocationControllerImpl.<init>(LocationControllerImpl.java:85)
E/AndroidRuntime( 4032): 	at com.android.systemui.statusbar.phone.PhoneStatusBar.makeStatusBarView(PhoneStatusBar.java:811)
E/AndroidRuntime( 4032): 	at com.android.systemui.statusbar.phone.PhoneStatusBar.addStatusBarWindow(PhoneStatusBar.java:3105)
E/AndroidRuntime( 4032): 	at com.android.systemui.statusbar.phone.PhoneStatusBar.createAndAddWindows(PhoneStatusBar.java:3101)
E/AndroidRuntime( 4032): 	at com.android.systemui.statusbar.BaseStatusBar.start(BaseStatusBar.java:510)
E/AndroidRuntime( 4032): 	at com.android.systemui.statusbar.phone.PhoneStatusBar.start(PhoneStatusBar.java:589)
E/AndroidRuntime( 4032): 	at com.android.systemui.statusbar.SystemBars.createStatusBarFromConfig(SystemBars.java:106)
E/AndroidRuntime( 4032): 	at com.android.systemui.statusbar.SystemBars.onNoService(SystemBars.java:58)
E/AndroidRuntime( 4032): 	at com.android.systemui.statusbar.ServiceMonitor.startService(ServiceMonitor.java:228)
E/AndroidRuntime( 4032): 	at com.android.systemui.statusbar.ServiceMonitor.access$000(ServiceMonitor.java:49)
E/AndroidRuntime( 4032): 	at com.android.systemui.statusbar.ServiceMonitor$1.handleMessage(ServiceMonitor.java:73)
E/AndroidRuntime( 4032): 	at android.os.Handler.dispatchMessage(Handler.java:102)
E/AndroidRuntime( 4032): 	at android.os.Looper.loop(Looper.java:135)
E/AndroidRuntime( 4032): 	at android.app.ActivityThread.main(ActivityThread.java:5221)
E/AndroidRuntime( 4032): 	at java.lang.reflect.Method.invoke(Native Method)
E/AndroidRuntime( 4032): 	at java.lang.reflect.Method.invoke(Method.java:372)
E/AndroidRuntime( 4032): 	at com.android.internal.os.ZygoteInit$MethodAndArgsCaller.run(ZygoteInit.java:898)
E/AndroidRuntime( 4032): 	at com.android.internal.os.ZygoteInit.main(ZygoteInit.java:693)
E/AndroidRuntime( 4032): Error reporting crash
E/AndroidRuntime( 4032): android.os.DeadObjectException
E/AndroidRuntime( 4032): 	at android.os.BinderProxy.transactNative(Native Method)
E/AndroidRuntime( 4032): 	at android.os.BinderProxy.transact(Binder.java:496)
E/AndroidRuntime( 4032): 	at android.app.ActivityManagerProxy.handleApplicationCrash(ActivityManagerNative.java:4111)
E/AndroidRuntime( 4032): 	at com.android.internal.os.RuntimeInit$UncaughtHandler.uncaughtException(RuntimeInit.java:89)
E/AndroidRuntime( 4032): 	at java.lang.ThreadGroup.uncaughtException(ThreadGroup.java:693)
E/AndroidRuntime( 4032): 	at java.lang.ThreadGroup.uncaughtException(ThreadGroup.java:690)
E/AndroidRuntime( 4375): FATAL EXCEPTION: ContactsProviderWorker
E/AndroidRuntime( 4375): Process: android.process.acore, PID: 4375
E/AndroidRuntime( 4375): java.lang.NullPointerException: Attempt to invoke interface method 'android.accounts.Account[] android.accounts.IAccountManager.getAccounts(java.lang.String)' on a null object reference
E/AndroidRuntime( 4375): 	at android.accounts.AccountManager.getAccounts(AccountManager.java:407)
E/AndroidRuntime( 4375): 	at com.android.providers.contacts.ContactsProvider2.performBackgroundTask(ContactsProvider2.java:1667)
E/AndroidRuntime( 4375): 	at com.android.providers.contacts.ContactsProvider2$1.handleMessage(ContactsProvider2.java:1496)
E/AndroidRuntime( 4375): 	at android.os.Handler.dispatchMessage(Handler.java:102)
E/AndroidRuntime( 4375): 	at android.os.Looper.loop(Looper.java:135)
E/AndroidRuntime( 4375): 	at android.os.HandlerThread.run(HandlerThread.java:61)
E/AndroidRuntime( 4375): Error reporting crash
E/AndroidRuntime( 4375): android.os.DeadObjectException
E/AndroidRuntime( 4375): 	at android.os.BinderProxy.transactNative(Native Method)
E/AndroidRuntime( 4375): 	at android.os.BinderProxy.transact(Binder.java:496)
E/AndroidRuntime( 4375): 	at android.app.ActivityManagerProxy.handleApplicationCrash(ActivityManagerNative.java:4111)
E/AndroidRuntime( 4375): 	at com.android.internal.os.RuntimeInit$UncaughtHandler.uncaughtException(RuntimeInit.java:89)
E/AndroidRuntime( 4375): 	at java.lang.ThreadGroup.uncaughtException(ThreadGroup.java:693)
E/AndroidRuntime( 4375): 	at java.lang.ThreadGroup.uncaughtException(ThreadGroup.java:690)
I/InstallerConnection( 4705): disconnecting...
I/SystemServer( 4705): Entered the Android system server!
I/SystemServiceManager( 4705): Starting com.android.server.pm.Installer
I/Installer( 4705): Waiting for installd to be ready.
I/InstallerConnection( 4705): connecting...
I/SystemServiceManager( 4705): Starting com.android.server.am.ActivityManagerService$Lifecycle
I/ActivityManager( 4705): Memory class: 96
I/ServiceThread( 4705): Enabled StrictMode logging for ActivityManager looper.
I/AppOps  ( 4705): No existing app ops /data/system/appops.xml; starting empty
I/IntentFirewall( 4705): Read new rules (A:0 B:0 S:0)
I/ServiceThread( 4705): Enabled StrictMode logging for android.ui looper.
I/ServiceThread( 4705): Enabled StrictMode logging for android.display looper.
D/AppOps  ( 4705): AppOpsService published
I/SystemServiceManager( 4705): Starting com.android.server.power.PowerManagerService
I/ServiceThread( 4705): Enabled StrictMode logging for PowerManagerService looper.
I/SystemServiceManager( 4705): Starting com.android.server.display.DisplayManagerService
I/DisplayManagerService( 4705): Display device added: DisplayDeviceInfo{"Built-in Screen": 720 x 1280, 60.0 fps, supportedRefreshRates [60.0], density 320, 326.571 x 328.404 dpi, appVsyncOff 0, presDeadline 17666667, touch INTERNAL, rotation 0, type BUILT_IN, state UNKNOWN, FLAG_DEFAULT_DISPLAY, FLAG_ROTATES_WITH_CONTENT, FLAG_SECURE, FLAG_SUPPORTS_PROTECTED_BUFFERS}
I/SystemServiceManager( 4705): Starting phase 100
I/SystemServer( 4705): Package Manager
W/PackageManager( 4705): No security bridge jar found, using default
W/SystemConfig( 4705): No directory /system/etc/sysconfig, skipping
D/SELinuxMMAC( 4705): Using policy file /system/etc/security/mac_permissions.xml
W/PackageParser( 4705): No actions in intent filter at /system/priv-app/Contacts/Contacts.apk Binary XML file line #362
W/PackageParser( 4705): No actions in intent filter at /system/priv-app/Dialer/Dialer.apk Binary XML file line #167
W/PackageParser( 4705): No actions in intent filter at /system/app/BTTestApp/BTTestApp.apk Binary XML file line #66
W/PackageParser( 4705): No actions in intent filter at /system/app/Bluetooth/Bluetooth.apk Binary XML file line #229
W/PackageParser( 4705): Unknown element under <application>: uses-feature at /system/app/BluetoothExt/BluetoothExt.apk Binary XML file line #57
W/PackageParser( 4705): No actions in intent filter at /system/app/BluetoothExt/BluetoothExt.apk Binary XML file line #110
W/PackageParser( 4705): No actions in intent filter at /system/app/BluetoothExt/BluetoothExt.apk Binary XML file line #134
W/PackageParser( 4705): No actions in intent filter at /system/app/BluetoothExt/BluetoothExt.apk Binary XML file line #161
W/PackageParser( 4705): Unknown element under <application>: permission at /system/app/Gallery2/Gallery2.apk Binary XML file line #251
W/PackageParser( 4705): Unknown element under <application>: permission at /system/app/Gallery2/Gallery2.apk Binary XML file line #254
W/PackageManager( 4705): Package com.android.gallery3d desires unavailable shared library com.google.android.media.effects; ignoring!
W/PackageManager( 4705): Package com.android.gallery3d desires unavailable shared library com.google.android.media.effects; ignoring!
W/PackageManager( 4705): Package org.codeaurora.bluetooth desires unavailable shared library com.quicinc.wbc; ignoring!
I/PackageManager( 4705): Adjusting ABI for : com.android.inputdevices to armeabi-v7a
I/PackageManager( 4705): Adjusting ABI for : com.qualcomm.location to armeabi-v7a
I/PackageManager( 4705): Adjusting ABI for : com.android.settings to armeabi-v7a
I/PackageManager( 4705): Adjusting ABI for : com.android.providers.settings to armeabi-v7a
I/PackageManager( 4705): Adjusting ABI for : com.android.keychain to armeabi-v7a
I/PackageManager( 4705): Adjusting ABI for : com.android.location.fused to armeabi-v7a
I/PackageManager( 4705): Adjusting ABI for : com.motorola.motgeofencesvc to armeabi-v7a
I/PackageManager( 4705): Adjusting ABI for : com.qualcomm.services.location to armeabi-v7a
I/PackageManager( 4705): Time to scan packages: 1.316 seconds
W/PackageManager( 4705): Unknown permission com.google.android.googleapps.permission.GOOGLE_AUTH.mail in package com.android.calendar
W/PackageManager( 4705): Unknown permission android.permission.MMS_PUSH in package org.codeaurora.bluetooth
W/PackageManager( 4705): Unknown permission com.google.android.gallery3d.permission.PICASA_STORE in package com.android.dreams.phototable
W/PackageManager( 4705): Unknown permission com.google.android.googleapps.permission.GOOGLE_AUTH in package com.android.settings
W/PackageManager( 4705): Unknown permission com.qualcomm.permission.ACCESS_LOCATION_API in package com.qualcomm.location
W/PackageManager( 4705): Not granting permission android.permission.DELETE_PACKAGES to package com.svox.pico (protectionLevel=18 flags=0x8be45)
W/PackageManager( 4705): Not granting permission android.permission.BIND_WALLPAPER to package com.android.camera2 (protectionLevel=18 flags=0x58bc45)
W/PackageManager( 4705): Unknown permission com.google.android.gallery3d.permission.GALLERY_PROVIDER in package com.android.bluetooth
W/PackageManager( 4705): Unknown permission com.motorola.permission.TELEPHONY_RAW in package com.qualcomm.qcrilmsgtunnel
W/PackageManager( 4705): Not granting permission android.permission.DEVICE_POWER to package com.android.deskclock (protectionLevel=2 flags=0x48be45)
W/PackageManager( 4705): Not granting permission android.permission.GLOBAL_SEARCH to package com.android.quicksearchbox (protectionLevel=18 flags=0x48be45)
W/PackageManager( 4705): Unknown permission com.google.android.googleapps.permission.GOOGLE_AUTH in package com.android.providers.calendar
W/PackageManager( 4705): Unknown permission com.google.android.googleapps.permission.GOOGLE_AUTH.cl in package com.android.providers.calendar
W/PackageManager( 4705): Unknown permission android.permission.INSTALL_DRM in package com.android.mms
W/PackageManager( 4705): Not granting permission android.permission.ACCESS_DOWNLOAD_MANAGER to package com.android.browser (protectionLevel=18 flags=0x9be45)
W/PackageManager( 4705): Not granting permission android.permission.SEND_DOWNLOAD_COMPLETED_INTENTS to package com.android.browser (protectionLevel=2 flags=0x9be45)
I/SystemServer( 4705): User Service
I/SystemServiceManager( 4705): Starting com.android.server.lights.LightsService
I/SystemServiceManager( 4705): Starting com.android.server.BatteryService
I/SystemServiceManager( 4705): Starting com.android.server.usage.UsageStatsService
I/SystemServiceManager( 4705): Starting com.android.server.webkit.WebViewUpdateService
I/SystemServer( 4705): Reading configuration...
I/SystemServer( 4705): Scheduling Policy
I/SystemServer( 4705): Telephony Registry
I/SystemServer( 4705): Entropy Mixer
I/EntropyMixer( 4705): Added HW RNG output to entropy pool
I/EntropyMixer( 4705): Writing entropy...
I/SystemServer( 4705): Account Manager
I/SystemServer( 4705): Content Manager
I/SystemServer( 4705): System Content Providers
W/ActivityManager( 4705): Can't addPackageDependency on system process
I/SystemServer( 4705): Vibrator Service
I/SystemServer( 4705): Consumer IR Service
I/SystemServiceManager( 4705): Starting com.android.server.AlarmManagerService
I/SystemServer( 4705): Init Watchdog
I/SystemServer( 4705): Input Manager
I/InputManager( 4705): Initializing input manager, mUseDevInputEventForAudioJack=true
I/SystemServer( 4705): Window Manager
I/WindowManager( 4705): No existing display settings /data/system/display_settings.xml; starting empty
I/InputManager( 4705): Starting input manager
I/SystemServer( 4705): Bluetooth Manager Service
I/SystemServer( 4705): Input Method Service
W/InputMethodManagerService( 4705): Couldn't create dir.: /data/system/inputmethod
I/SystemServer( 4705): Accessibility Manager
I/ActivityManager( 4705): Config changes=1df8 {1.0 ?mcc?mnc en_US ldltr sw360dp w360dp h640dp 320dpi nrml long port ?uimode ?night -touch -keyb/v/h -nav/h s.2}
I/ActivityManager( 4705): Config changes=400 {1.0 ?mcc?mnc en_US ldltr sw360dp w360dp h615dp 320dpi nrml long port ?uimode ?night -touch -keyb/v/h -nav/h s.3}
I/UsageStatsService( 4705): User[0] Rollover scheduled @ 1970-02-04 00:00:00(2937600000)
I/SystemServer( 4705): Mount Service
D/MountService( 4705): got storage path: /storage/sdcard0 description: Internal storage primary: true removable: false emulated: true mtpReserve: 100 allowMassStorage: false maxFileSize: 0 allowMtp: true
D/MountService( 4705): addVolumeLocked() StorageVolume:
D/MountService( 4705):     mStorageId=65537 mPath=/storage/emulated/0 mDescriptionId=17040807 
D/MountService( 4705):     mPrimary=true mRemovable=false mEmulated=true mMtpReserveSpace=100 
D/MountService( 4705):     mAllowMassStorage=false mMaxFileSize=0 mOwner=UserHandle{0} mUuid=null 
D/MountService( 4705):     mUserLabel=null mState=null mAllowMtp=true 
