E/ActivityManager(  650):   0.7% 164/ueventd: 0.3% user + 0.3% kernel / faults: 27 minor
E/ActivityManager(  650):   0.7% 1393/com.android.deskclock: 0.6% user + 0.1% kernel / faults: 2342 minor 2 major
E/ActivityManager(  650):   0.7% 1623/mpdecision: 0.1% user + 0.6% kernel
E/ActivityManager(  650):   0.6% 86/ksmd: 0.6% user + 0% kernel
E/ActivityManager(  650):   0.6% 201/logd: 0.1% user + 0.4% kernel / faults: 40 minor
E/ActivityManager(  650):   0.4% 24/kworker/0:1: 0% user + 0.4% kernel
E/ActivityManager(  650):   0.3% 3/ksoftirqd/0: 0% user + 0.3% kernel
E/ActivityManager(  650):   0.3% 31/kworker/u:1: 0% user + 0.3% kernel
E/ActivityManager(  650):   0.2% 56/system: 0% user + 0.2% kernel
E/ActivityManager(  650):   0.3% 148/kworker/u:3: 0% user + 0.3% kernel
E/ActivityManager(  650):   0.2% 422/mdss_fb0: 0% user + 0.2% kernel
E/ActivityManager(  650):   0.2% 151/kworker/u:4: 0% user + 0.2% kernel
E/ActivityManager(  650):   0% 203/lmkd: 0% user + 0% kernel / faults: 2 minor
E/ActivityManager(  650):   0.1% 204/servicemanager: 0% user + 0.1% kernel
E/ActivityManager(  650):   0.1% 1194/com.android.printspooler: 0% user + 0.1% kernel / faults: 973 minor
E/ActivityManager(  650):   0.1% 7/kworker/u:0H: 0% user + 0.1% kernel
E/ActivityManager(  650):   0% 8/migration/0: 0% user + 0% kernel
E/ActivityManager(  650):   0% 27/kworker/0:1H: 0% user + 0% kernel
E/ActivityManager(  650):   0.1% 33/kworker/u:1H: 0% user + 0.1% kernel
E/ActivityManager(  650):   0% 330/netmgrd: 0% user + 0% kernel
E/ActivityManager(  650):   0.1% 1006/com.android.inputmethod.latin: 0% user + 0.1% kernel / faults: 4 minor
E/ActivityManager(  650):   0.1% 1246/android.process.acore: 0% user + 0.1% kernel / faults: 24 minor
E/ActivityManager(  650):  +0% 1752/migration/1: 0% user + 0% kernel
E/ActivityManager(  650):  +0% 1753/kworker/1:0: 0% user + 0% kernel
E/ActivityManager(  650):  +0% 1754/kworker/1:0H: 0% user + 0% kernel
E/ActivityManager(  650):  +0% 1755/ksoftirqd/1: 0% user + 0% kernel
E/ActivityManager(  650):  +0% 1766/com.android.calendar: 0% user + 0% kernel
E/ActivityManager(  650):  +0% 1785/kworker/1:1: 0% user + 0% kernel
E/ActivityManager(  650):  +0% 1804/com.android.providers.calendar: 0% user + 0% kernel
E/ActivityManager(  650):  +0% 1823/kworker/1:1H: 0% user + 0% kernel
E/ActivityManager(  650):  +0% 1829/com.qualcomm.timeservice: 0% user + 0% kernel
E/ActivityManager(  650):  +0% 1860/kworker/0:3H: 0% user + 0% kernel
E/ActivityManager(  650):  +0% 1861/kworker/1:2H: 0% user + 0% kernel
E/ActivityManager(  650):  +0% 1871/migration/2: 0% user + 0% kernel
E/ActivityManager(  650):  +0% 1872/kworker/2:0: 0% user + 0% kernel
E/ActivityManager(  650):  +0% 1873/kworker/2:0H: 0% user + 0% kernel
E/ActivityManager(  650):  +0% 1874/ksoftirqd/2: 0% user + 0% kernel
E/ActivityManager(  650):  +0% 1884/migration/3: 0% user + 0% kernel
E/ActivityManager(  650):  +0% 1885/kworker/3:0: 0% user + 0% kernel
E/ActivityManager(  650):  +0% 1886/kworker/3:0H: 0% user + 0% kernel
E/ActivityManager(  650):  +0% 1887/ksoftirqd/3: 0% user + 0% kernel
E/ActivityManager(  650):  +0% 1888/kworker/3:1: 0% user + 0% kernel
E/ActivityManager(  650):  +0% 1895/com.android.dialer: 0% user + 0% kernel
E/ActivityManager(  650):  +0% 1915/kworker/2:1H: 0% user + 0% kernel
E/ActivityManager(  650):  +0% 1921/com.android.managedprovisioning: 0% user + 0% kernel
E/ActivityManager(  650):  +0% 1937/kworker/2:1: 0% user + 0% kernel
E/ActivityManager(  650):  +0% 1943/com.android.mms: 0% user + 0% kernel
E/ActivityManager(  650):  +0% 1975/com.android.onetimeinitializer: 0% user + 0% kernel
E/ActivityManager(  650):  +0% 1997/com.android.voicedialer: 0% user + 0% kernel
E/ActivityManager(  650): -46.-7% TOTAL: -29.-3% user + -21.-3% kernel + -3.-1% softirq
E/ActivityManager(  650): CPU usage from 3856ms to 4395ms later:
E/ActivityManager(  650):   209% 1173/com.android.launcher: 183% user + 25% kernel / faults: 4511 minor 2 major
E/ActivityManager(  650):     50% 1893/AsyncTask #5: 50% user + 0% kernel
E/ActivityManager(  650):     36% 1891/AsyncTask #3: 29% user + 7.2% kernel
E/ActivityManager(  650):     32% 1344/AsyncTask #1: 25% user + 7.2% kernel
E/ActivityManager(  650):     32% 1890/AsyncTask #2: 29% user + 3.6% kernel
E/ActivityManager(  650):  
I/ActivityManager(  650): Start proc com.android.email for broadcast com.android.email/.service.EmailBroadcastReceiver: pid=2021 uid=10029 gids={50029, 9997, 3003, 1028, 1015} abi=armeabi-v7a
I/ActivityManager(  650): Killing 866:com.android.systemui/u0a15 (adj -12): bg anr
I/WindowState(  650): WIN DEATH: Window{3ad6b7bd u0 NavigationBar}
W/KeyguardServiceWrapper(  650): Remote Exception
W/KeyguardServiceWrapper(  650): android.os.DeadObjectException
W/KeyguardServiceWrapper(  650): 	at android.os.BinderProxy.transactNative(Native Method)
W/KeyguardServiceWrapper(  650): 	at android.os.BinderProxy.transact(Binder.java:496)
W/KeyguardServiceWrapper(  650): 	at com.android.internal.policy.IKeyguardService$Stub$Proxy.isSecure(IKeyguardService.java:271)
W/KeyguardServiceWrapper(  650): 	at com.android.internal.policy.impl.keyguard.KeyguardServiceWrapper.isSecure(KeyguardServiceWrapper.java:54)
W/KeyguardServiceWrapper(  650): 	at com.android.internal.policy.impl.keyguard.KeyguardServiceDelegate.isSecure(KeyguardServiceDelegate.java:197)
W/KeyguardServiceWrapper(  650): 	at com.android.internal.policy.impl.PhoneWindowManager.isKeyguardSecure(PhoneWindowManager.java:5116)
W/KeyguardServiceWrapper(  650): 	at com.android.internal.policy.impl.PhoneWindowManager.applyPostLayoutPolicyLw(PhoneWindowManager.java:3887)
W/KeyguardServiceWrapper(  650): 	at com.android.server.wm.WindowManagerService.performLayoutAndPlaceSurfacesLockedInner(WindowManagerService.java:9604)
W/KeyguardServiceWrapper(  650): 	at com.android.server.wm.WindowManagerService.performLayoutAndPlaceSurfacesLockedLoop(WindowManagerService.java:8676)
W/KeyguardServiceWrapper(  650): 	at com.android.server.wm.WindowManagerService.performLayoutAndPlaceSurfacesLocked(WindowManagerService.java:8618)
W/KeyguardServiceWrapper(  650): 	at com.android.server.wm.WindowManagerService.removeWindowInnerLocked(WindowManagerService.java:2749)
W/KeyguardServiceWrapper(  650): 	at com.android.server.wm.WindowManagerService.removeWindowLocked(WindowManagerService.java:2641)
W/KeyguardServiceWrapper(  650): 	at com.android.server.wm.WindowState$DeathRecipient.binderDied(WindowState.java:1116)
W/KeyguardServiceWrapper(  650): 	at android.os.BinderProxy.sendDeathNotice(Binder.java:551)
D/WifiService(  650): Client connection lost with reason: 4
W/WallpaperManagerService(  650): Wallpaper service gone: ComponentInfo{com.android.systemui/com.android.systemui.ImageWallpaper}
W/KeyguardServiceWrapper(  650): Remote Exception
W/KeyguardServiceWrapper(  650): android.os.DeadObjectException
W/KeyguardServiceWrapper(  650): 	at android.os.BinderProxy.transactNative(Native Method)
W/KeyguardServiceWrapper(  650): 	at android.os.BinderProxy.transact(Binder.java:496)
W/KeyguardServiceWrapper(  650): 	at com.android.internal.policy.IKeyguardService$Stub$Proxy.isSecure(IKeyguardService.java:271)
W/KeyguardServiceWrapper(  650): 	at com.android.internal.policy.impl.keyguard.KeyguardServiceWrapper.isSecure(KeyguardServiceWrapper.java:54)
W/KeyguardServiceWrapper(  650): 	at com.android.internal.policy.impl.keyguard.KeyguardServiceDelegate.isSecure(KeyguardServiceDelegate.java:197)
W/KeyguardServiceWrapper(  650): 	at com.android.internal.policy.impl.PhoneWindowManager.isKeyguardSecure(PhoneWindowManager.java:5116)
W/KeyguardServiceWrapper(  650): 	at com.android.internal.policy.impl.PhoneWindowManager.applyPostLayoutPolicyLw(PhoneWindowManager.java:3887)
W/KeyguardServiceWrapper(  650): 	at com.android.server.wm.WindowManagerService.performLayoutAndPlaceSurfacesLockedInner(WindowManagerService.java:9604)
W/KeyguardServiceWrapper(  650): 	at com.android.server.wm.WindowManagerService.performLayoutAndPlaceSurfacesLockedLoop(WindowManagerService.java:8676)
W/KeyguardServiceWrapper(  650): 	at com.android.server.wm.WindowManagerService.performLayoutAndPlaceSurfacesLocked(WindowManagerService.java:8618)
W/KeyguardServiceWrapper(  650): 	at com.android.server.wm.WindowManagerService.removeWindowInnerLocked(WindowManagerService.java:2749)
W/KeyguardServiceWrapper(  650): 	at com.android.server.wm.WindowManagerService.removeWindowLocked(WindowManagerService.java:2641)
W/KeyguardServiceWrapper(  650): 	at com.android.server.wm.WindowState$DeathRecipient.binderDied(WindowState.java:1116)
W/KeyguardServiceWrapper(  650): 	at android.os.BinderProxy.sendDeathNotice(Binder.java:551)
I/StatusBarManagerService(  650): binder died for pkg=com.android.systemui
W/KeyguardServiceWrapper(  650): Remote Exception
W/KeyguardServiceWrapper(  650): android.os.DeadObjectException
W/KeyguardServiceWrapper(  650): 	at android.os.BinderProxy.transactNative(Native Method)
W/KeyguardServiceWrapper(  650): 	at android.os.BinderProxy.transact(Binder.java:496)
W/KeyguardServiceWrapper(  650): 	at com.android.internal.policy.IKeyguardService$Stub$Proxy.isSecure(IKeyguardService.java:271)
W/KeyguardServiceWrapper(  650): 	at com.android.internal.policy.impl.keyguard.KeyguardServiceWrapper.isSecure(KeyguardServiceWrapper.java:54)
W/KeyguardServiceWrapper(  650): 	at com.android.internal.policy.impl.keyguard.KeyguardServiceDelegate.isSecure(KeyguardServiceDelegate.java:197)
W/KeyguardServiceWrapper(  650): 	at com.android.internal.policy.impl.PhoneWindowManager.isKeyguardSecure(PhoneWindowManager.java:5116)
W/KeyguardServiceWrapper(  650): 	at com.android.internal.policy.impl.PhoneWindowManager.applyPostLayoutPolicyLw(PhoneWindowManager.java:3887)
W/KeyguardServiceWrapper(  650): 	at com.android.server.wm.WindowManagerService.performLayoutAndPlaceSurfacesLockedInner(WindowManagerService.java:9604)
W/KeyguardServiceWrapper(  650): 	at com.android.server.wm.WindowManagerService.performLayoutAndPlaceSurfacesLockedLoop(WindowManagerService.java:8676)
W/KeyguardServiceWrapper(  650): 	at com.android.server.wm.WindowManagerService.performLayoutAndPlaceSurfacesLocked(WindowManagerService.java:8618)
W/KeyguardServiceWrapper(  650): 	at com.android.server.wm.WindowManagerService.removeWindowInnerLocked(WindowManagerService.java:2749)
W/KeyguardServiceWrapper(  650): 	at com.android.server.wm.WindowManagerService.removeWindowLocked(WindowManagerService.java:2641)
W/KeyguardServiceWrapper(  650): 	at com.android.server.wm.WindowState$DeathRecipient.binderDied(WindowState.java:1116)
W/KeyguardServiceWrapper(  650): 	at android.os.BinderProxy.sendDeathNotice(Binder.java:551)
D/WifiService(  650): Client connection lost with reason: 4
D/ConnectivityService(  650): ConnectivityService NetworkRequestInfo binderDied(NetworkRequest [ id=2, legacyType=-1, [] ], android.os.BinderProxy@325dcb7a)
W/KeyguardServiceWrapper(  650): Remote Exception
W/KeyguardServiceWrapper(  650): android.os.DeadObjectException
W/KeyguardServiceWrapper(  650): 	at android.os.BinderProxy.transactNative(Native Method)
W/KeyguardServiceWrapper(  650): 	at android.os.BinderProxy.transact(Binder.java:496)
W/KeyguardServiceWrapper(  650): 	at com.android.internal.policy.IKeyguardService$Stub$Proxy.setOccluded(IKeyguardService.java:375)
W/KeyguardServiceWrapper(  650): 	at com.android.internal.policy.impl.keyguard.KeyguardServiceWrapper.setOccluded(KeyguardServiceWrapper.java:106)
W/KeyguardServiceWrapper(  650): 	at com.android.internal.policy.impl.keyguard.KeyguardServiceDelegate.setOccluded(KeyguardServiceDelegate.java:183)
W/KeyguardServiceWrapper(  650): 	at com.android.internal.policy.impl.PhoneWindowManager.finishPostLayoutPolicyLw(PhoneWindowManager.java:4074)
W/KeyguardServiceWrapper(  650): 	at com.android.server.wm.WindowManagerService.performLayoutAndPlaceSurfacesLockedInner(WindowManagerService.java:9607)
W/KeyguardServiceWrapper(  650): 	at com.android.server.wm.WindowManagerService.performLayoutAndPlaceSurfacesLockedLoop(WindowManagerService.java:8676)
W/KeyguardServiceWrapper(  650): 	at com.android.server.wm.WindowManagerService.performLayoutAndPlaceSurfacesLocked(WindowManagerService.java:8618)
W/KeyguardServiceWrapper(  650): 	at com.android.server.wm.WindowManagerService.removeWindowInnerLocked(WindowManagerService.java:2749)
W/KeyguardServiceWrapper(  650): 	at com.android.server.wm.WindowManagerService.removeWindowLocked(WindowManagerService.java:2641)
W/KeyguardServiceWrapper(  650): 	at com.android.server.wm.WindowState$DeathRecipient.binderDied(WindowState.java:1116)
W/KeyguardServiceWrapper(  650): 	at android.os.BinderProxy.sendDeathNotice(Binder.java:551)
D/ConnectivityService(  650): releasing NetworkRequest NetworkRequest [ id=2, legacyType=-1, [] ]
E/ConnectivityService(  650): RemoteException caught trying to send a callback msg for NetworkRequest [ id=2, legacyType=-1, [] ]
I/WindowState(  650): WIN DEATH: Window{10a369a4 u0 com.android.systemui.ImageWallpaper}
I/WindowState(  650): WIN DEATH: Window{14e05967 u0 SearchPanel}
I/WindowState(  650): WIN DEATH: Window{17a4a15a u0 StatusBar}
I/WindowState(  650): WIN DEATH: Window{35e86fe u0 Heads Up}
W/libprocessgroup(  650): failed to open /acct/uid_10015/pid_866/cgroup.procs: No such file or directory
I/ActivityManager(  650): Process com.android.systemui (pid 866) has died
W/ActivityManager(  650): Scheduling restart of crashed service com.android.systemui/.keyguard.KeyguardService in 0ms
W/ActivityManager(  650): Scheduling restart of crashed service com.android.systemui/.SystemUIService in 0ms
W/ActivityManager(  650): Scheduling restart of crashed service com.android.systemui/.ImageWallpaper in 0ms
I/ActivityManager(  650): Start proc com.android.systemui for restart com.android.systemui: pid=2053 uid=10015 gids={50015, 9997, 1028, 1015, 1035, 3002, 3001, 3006} abi=armeabi-v7a
D/ActivityThread( 2021): Loading provider com.android.email.provider;com.android.email.notifier: com.android.email.provider.EmailProvider
D/TrustManagerService(  650): Removing dead TrustListener.
V/FingerprintService(  650): startListening(android.service.fingerprint.IFingerprintServiceReceiver$Stub$Proxy@1e9292ef)
D/ActivityThread( 2021): Loading provider com.android.email.provider;com.android.email.notifier: com.android.email.provider.EmailProvider
D/ActivityThread( 2021): Loading provider com.android.email.provider;com.android.email.notifier: com.android.email.provider.EmailProvider
W/ContextImpl(  650): Calling a method in the system process without a qualified user: android.app.ContextImpl.startService:1686 android.content.ContextWrapper.startService:515 android.content.ContextWrapper.startService:515 com.qualcomm.location.LocationServiceReceiver.onReceive:37 android.app.ActivityThread.handleReceiver:2579 
W/ContextImpl(  650): Calling a method in the system process without a qualified user: android.app.ContextImpl.startService:1686 android.content.ContextWrapper.startService:515 android.content.ContextWrapper.startService:515 com.qualcomm.location.LocationServiceReceiver.onReceive:41 android.app.ActivityThread.handleReceiver:2579 
I/ActivityManager(  650): Start proc com.qualcomm.qcrilmsgtunnel for broadcast com.qualcomm.qcrilmsgtunnel/.QcrilMsgTunnelAutoboot: pid=2108 uid=1001 gids={41001, 9997, 3002, 3001, 3003, 1028, 1015} abi=armeabi-v7a
W/ActivityManager(  650): Unable to start service Intent { cmp=com.android.email/.service.AttachmentService } U=0: not found
W/ActivityManager(  650): Unable to start service Intent { cmp=com.android.email/.service.AttachmentService } U=0: not found
W/ActivityManager(  650): Unable to start service Intent { cmp=com.android.email/.service.AttachmentService } U=0: not found
I/ActivityManager(  650): Start proc com.android.exchange for service com.android.exchange/.service.EasService: pid=2131 uid=10030 gids={50030, 9997, 3003, 1028, 1015} abi=armeabi-v7a
W/ActivityManager(  650): Unable to start service Intent { cmp=com.android.email/.service.AttachmentService } U=0: not found
I/ActivityManager(  650): Waited long enough for: ServiceRecord{2b6dd682 u0 com.android.music/.MediaPlaybackService}
E/ActivityThread( 2021): Service com.android.email.service.EmailBroadcastProcessorService has leaked ServiceConnection com.android.emailcommon.service.ServiceProxy$ProxyConnection@20e55a3b that was originally bound here
E/ActivityThread( 2021): android.app.ServiceConnectionLeaked: Service com.android.email.service.EmailBroadcastProcessorService has leaked ServiceConnection com.android.emailcommon.service.ServiceProxy$ProxyConnection@20e55a3b that was originally bound here
E/ActivityThread( 2021): 	at android.app.LoadedApk$ServiceDispatcher.<init>(LoadedApk.java:1072)
E/ActivityThread( 2021): 	at android.app.LoadedApk.getServiceDispatcher(LoadedApk.java:966)
E/ActivityThread( 2021): 	at android.app.ContextImpl.bindServiceCommon(ContextImpl.java:1768)
E/ActivityThread( 2021): 	at android.app.ContextImpl.bindService(ContextImpl.java:1751)
E/ActivityThread( 2021): 	at android.content.ContextWrapper.bindService(ContextWrapper.java:538)
E/ActivityThread( 2021): 	at com.android.emailcommon.service.ServiceProxy.setTask(ServiceProxy.java:176)
E/ActivityThread( 2021): 	at com.android.emailcommon.service.ServiceProxy.test(ServiceProxy.java:219)
E/ActivityThread( 2021): 	at com.android.email.service.EmailServiceUtils.isServiceAvailable(EmailServiceUtils.java:160)
E/ActivityThread( 2021): 	at com.android.email.provider.AccountReconciler.reconcileAccountsInternal(AccountReconciler.java:164)
E/ActivityThread( 2021): 	at com.android.email.provider.AccountReconciler.reconcileAccounts(AccountReconciler.java:113)
E/ActivityThread( 2021): 	at com.android.email.service.EmailBroadcastProcessorService.reconcileAndStartServices(EmailBroadcastProcessorService.java:305)
E/ActivityThread( 2021): 	at com.android.email.service.EmailBroadcastProcessorService.onBootCompleted(EmailBroadcastProcessorService.java:295)
E/ActivityThread( 2021): 	at com.android.email.service.EmailBroadcastProcessorService.onHandleIntent(EmailBroadcastProcessorService.java:130)
E/ActivityThread( 2021): 	at android.app.IntentService$ServiceHandler.handleMessage(IntentService.java:65)
E/ActivityThread( 2021): 	at android.os.Handler.dispatchMessage(Handler.java:102)
E/ActivityThread( 2021): 	at android.os.Looper.loop(Looper.java:135)
E/ActivityThread( 2021): 	at android.os.HandlerThread.run(HandlerThread.java:61)
I/StatusBarManagerService(  650): registerStatusBar bar=com.android.internal.statusbar.IStatusBar$Stub$Proxy@2b7434cf
D/WifiService(  650): New client listening to asynchronous messages
D/ConnectivityService(  650): listenForNetwork for NetworkRequest [ id=3, legacyType=-1, [] ]
D/ConnectivityService(  650): handleRegisterNetworkRequest checking NetworkAgentInfo [WIFI () - 100]
D/ConnectivityService(  650): apparently satisfied.  currentScore=60
W/AppOps  (  650): Bad call: specified package qcamera under uid 1013 but it is really -1
W/AppOps  (  650): Bad call: specified package qcamera under uid 1013 but it is really -1
W/AppOps  (  650): Bad call: specified package qcamera under uid 1013 but it is really -1
W/AppOps  (  650): Bad call: specified package qcamera under uid 1013 but it is really -1
W/AppOps  (  650): Bad call: specified package qcamera under uid 1013 but it is really -1
W/AppOps  (  650): Bad call: specified package qcamera under uid 1013 but it is really -1
W/AppOps  (  650): Bad call: specified package qcamera under uid 1013 but it is really -1
W/AppOps  (  650): Bad call: specified package qcamera under uid 1013 but it is really -1
D/WifiService(  650): New client listening to asynchronous messages
W/InputMethodManagerService(  650): Window already focused, ignoring focus gain of: com.android.internal.view.IInputMethodClient$Stub$Proxy@2979be74 attribute=null, token = android.os.BinderProxy@8ed43ef
W/InputMethodManagerService(  650): Window already focused, ignoring focus gain of: com.android.internal.view.IInputMethodClient$Stub$Proxy@29294f37 attribute=null, token = android.os.BinderProxy@8ed43ef
I/ActivityManager(  650): START u0 {act=android.intent.action.MAIN cat=[android.intent.category.HOME] flg=0x10200000 cmp=com.android.launcher/com.android.launcher2.Launcher} from uid 1000 on display 0
I/ActivityManager(  650): Waited long enough for: ServiceRecord{a587c34 u0 com.android.calendar/.alerts.InitAlarmsService}
I/ActivityManager(  650): Killing 1492:com.android.cellbroadcastreceiver/u0a2 (adj 15): empty #17
W/libprocessgroup(  650): failed to open /acct/uid_10002/pid_1492/cgroup.procs: No such file or directory
I/ActivityManager(  650): Start proc com.android.musicfx for broadcast com.android.musicfx/.ControlPanelReceiver: pid=2310 uid=10011 gids={50011, 9997, 3003, 3002} abi=armeabi-v7a
I/ActivityManager(  650): Killing 1466:com.android.music/u0a37 (adj 15): empty #17
W/libprocessgroup(  650): failed to open /acct/uid_10037/pid_1466/cgroup.procs: No such file or directory
I/ActivityManager(  650): Killing 1565:com.android.keychain/1000 (adj 15): empty #17
W/libprocessgroup(  650): failed to open /acct/uid_1000/pid_1565/cgroup.procs: No such file or directory
I/ActivityManager(  650): START u0 {act=android.intent.action.MAIN cat=[android.intent.category.HOME] flg=0x10200000 cmp=com.android.launcher/com.android.launcher2.Launcher} from uid 1000 on display 0
W/ProcessCpuTracker(  650): Skipping unknown process pid 2423
W/ProcessCpuTracker(  650): Skipping unknown process pid 2424
W/ProcessCpuTracker(  650): Skipping unknown process pid 2425
W/InputMethodManagerService(  650): Window already focused, ignoring focus gain of: com.android.internal.view.IInputMethodClient$Stub$Proxy@3d7cda09 attribute=android.view.inputmethod.EditorInfo@248dc40e, token = android.os.BinderProxy@8ed43ef
I/PowerManagerService(  650): Going to sleep due to screen timeout (uid 1000)...
I/PowerManagerService(  650): Sleeping (uid 1000)...
I/DisplayManagerService(  650): Display device changed: DisplayDeviceInfo{"Built-in Screen": 720 x 1280, 60.0 fps, supportedRefreshRates [60.0], density 320, 326.571 x 328.404 dpi, appVsyncOff 0, presDeadline 17666667, touch INTERNAL, rotation 0, type BUILT_IN, state OFF, FLAG_DEFAULT_DISPLAY, FLAG_ROTATES_WITH_CONTENT, FLAG_SECURE, FLAG_SUPPORTS_PROTECTED_BUFFERS}
V/ActivityManager(  650): Display changed displayId=0
I/PowerManagerService(  650): Waking up from sleep (uid 1000)...
I/DisplayPowerController(  650): Blocking screen on until initial contents have been drawn.
I/DisplayManagerService(  650): Display device changed: DisplayDeviceInfo{"Built-in Screen": 720 x 1280, 60.0 fps, supportedRefreshRates [60.0], density 320, 326.571 x 328.404 dpi, appVsyncOff 0, presDeadline 17666667, touch INTERNAL, rotation 0, type BUILT_IN, state ON, FLAG_DEFAULT_DISPLAY, FLAG_ROTATES_WITH_CONTENT, FLAG_SECURE, FLAG_SUPPORTS_PROTECTED_BUFFERS}
V/ActivityManager(  650): Display changed displayId=0
I/DisplayPowerController(  650): Unblocked screen on after 274 ms
W/InputMethodManagerService(  650): Window already focused, ignoring focus gain of: com.android.internal.view.IInputMethodClient$Stub$Proxy@350eb517 attribute=android.view.inputmethod.EditorInfo@393a4d04, token = android.os.BinderProxy@8ed43ef
I/ActivityManager(  650): START u0 {act=android.intent.action.MAIN cat=[android.intent.category.LAUNCHER] flg=0x10000000 cmp=com.android.settings/.Settings (has extras)} from uid 10008 on display 0
I/ActivityManager(  650): Start proc com.android.settings for activity com.android.settings/.Settings: pid=2693 uid=1000 gids={41000, 9997, 1028, 1015, 3002, 3001, 3003, 1021, 3004, 3005, 1000, 3009, 1023, 1010} abi=armeabi-v7a
I/ActivityManager(  650): Start proc com.android.cellbroadcastreceiver for content provider com.android.cellbroadcastreceiver/.CellBroadcastSearchIndexableProvider: pid=2720 uid=10002 gids={50002, 9997} abi=armeabi-v7a
I/ActivityManager(  650): Killing 1194:com.android.printspooler/u0a44 (adj 15): empty #17
W/libprocessgroup(  650): failed to open /acct/uid_10044/pid_1194/cgroup.procs: No such file or directory
D/TaskPersister(  650): removeObsoleteFile: deleting file=4_task.xml
D/TaskPersister(  650): removeObsoleteFile: deleting file=4_task_thumbnail.png
I/ActivityManager(  650): START u0 {act=android.intent.action.MAIN cmp=com.android.settings/.SubSettings$BluetoothSubSettings (has extras)} from uid 1000 on display 0
I/ActivityManager(  650): Start proc com.android.bluetooth for service com.android.bluetooth/.btservice.AdapterService: pid=2772 uid=1002 gids={41002, 9997, 3002, 3001, 3008, 1028, 1015, 1023, 3003, 3005, 1016} abi=armeabi-v7a
W/ResourcesManager( 2772): Asset path '/system/framework/javax.btobex.jar' does not exist or contains no resources.
D/Telecom ( 1077): BluetoothPhoneService: Bluetooth Adapter state: 11
D/Telecom ( 1077): BluetoothPhoneService: Binding service
I/Telecom ( 1077): BluetoothPhoneService: queryPhoneState
D/Telecom ( 1077): BluetoothPhoneService: handleMessage(7) w/ param 0
I/Telecom ( 1077): BluetoothPhoneService: updateHeadsetWithCallState numActive 0, numHeld 0, callState 6, ringing number [da39a3ee5e6b4b0d3255bfef95601890afd80709], ringing type 128
W/ResourcesManager( 2772): Asset path '/system/framework/javax.obex.jar' does not exist or contains no resources.
D/Telecom ( 1077): BluetoothPhoneService: Bluetooth Adapter state: 12
I/Telecom ( 1077): BluetoothPhoneService: handleMessage: request is null
W/ContextImpl( 2693): Calling a method in the system process without a qualified user: android.app.ContextImpl.startService:1686 android.content.ContextWrapper.startService:515 android.content.ContextWrapper.startService:515 com.android.settings.bluetooth.DockEventReceiver.beginStartingService:134 com.android.settings.bluetooth.DockEventReceiver.onReceive:115 
D/Telecom ( 1077): BluetoothPhoneService: Bluetooth Adapter state: 13
W/ContextImpl( 2693): Calling a method in the system process without a qualified user: android.app.ContextImpl.startService:1686 android.content.ContextWrapper.startService:515 android.content.ContextWrapper.startService:515 com.android.settings.bluetooth.DockEventReceiver.beginStartingService:134 com.android.settings.bluetooth.DockEventReceiver.onReceive:115 
D/Telecom ( 1077): BluetoothPhoneService: Bluetooth Adapter state: 10
W/ContextImpl( 2693): Calling a method in the system process without a qualified user: android.app.ContextImpl.startService:1686 android.content.ContextWrapper.startService:515 android.content.ContextWrapper.startService:515 com.android.settings.bluetooth.DockEventReceiver.beginStartingService:134 com.android.settings.bluetooth.DockEventReceiver.onReceive:115 
I/ActivityManager(  650): START u0 {act=android.intent.action.MAIN cat=[android.intent.category.HOME] flg=0x10200000 cmp=com.android.launcher/com.android.launcher2.Launcher} from uid 1000 on display 0
I/ActivityManager(  650): START u0 {act=android.intent.action.MAIN cat=[android.intent.category.LAUNCHER] flg=0x10200000 cmp=com.android.browser/.BrowserActivity bnds=[552,1040][680,1168] (has extras)} from uid 10008 on display 0
I/ActivityManager(  650): Start proc com.android.browser for activity com.android.browser/.BrowserActivity: pid=3190 uid=10021 gids={50021, 9997, 3003, 1028, 1015} abi=armeabi-v7a
E/ActivityThread( 3190): Failed to find provider info for com.google.settings
E/ActivityThread( 3190): Failed to find provider info for com.google.settings
E/ActivityThread( 3190): Failed to find provider info for com.google.settings
E/ActivityThread( 3190): Failed to find provider info for com.google.settings
E/ActivityThread( 3190): Failed to find provider info for com.google.settings
E/ActivityThread( 3190): Failed to find provider info for com.google.settings
E/ActivityThread( 3190): Failed to find provider info for com.google.settings
E/ActivityThread( 3190): Failed to find provider info for com.google.settings
E/ActivityThread( 3190): Failed to find provider info for com.google.settings
E/ActivityThread( 3190): Failed to find provider info for com.google.settings
E/ActivityThread( 3190): Failed to find provider info for com.google.settings
E/ActivityThread( 3190): Failed to find provider info for com.google.settings
E/ActivityThread( 3190): Failed to find provider info for com.google.settings
E/ActivityThread( 3190): Failed to find provider info for com.google.settings
E/ActivityThread( 3190): Failed to find provider info for com.google.settings
E/ActivityThread( 3190): Failed to find provider info for com.google.settings
I/ActivityManager(  650): START u0 {act=android.intent.action.MAIN cat=[android.intent.category.HOME] flg=0x10200000 cmp=com.android.launcher/com.android.launcher2.Launcher} from uid 1000 on display 0
V/DeadZone( 2053): consuming errant click: (392.45493,17.061646)
I/ActivityManager(  650): START u0 {act=android.intent.action.MAIN cat=[android.intent.category.LAUNCHER] flg=0x10000000 cmp=com.android.settings/.Settings (has extras)} from uid 10008 on display 0
I/ActivityManager(  650): START u0 {act=android.intent.action.MAIN cmp=com.android.settings/.SubSettings$BluetoothSubSettings (has extras)} from uid 1000 on display 0
D/Telecom ( 1077): BluetoothPhoneService: Bluetooth Adapter state: 11
I/Telecom ( 1077): BluetoothPhoneService: queryPhoneState
D/Telecom ( 1077): BluetoothPhoneService: handleMessage(7) w/ param 0
D/Telecom ( 1077): BluetoothPhoneService: Bluetooth Adapter state: 12
I/Telecom ( 1077): BluetoothPhoneService: handleMessage: request is null
W/ContextImpl( 2693): Calling a method in the system process without a qualified user: android.app.ContextImpl.startService:1686 android.content.ContextWrapper.startService:515 android.content.ContextWrapper.startService:515 com.android.settings.bluetooth.DockEventReceiver.beginStartingService:134 com.android.settings.bluetooth.DockEventReceiver.onReceive:115 
D/Telecom ( 1077): BluetoothPhoneService: Bluetooth Adapter state: 13
W/ContextImpl( 2693): Calling a method in the system process without a qualified user: android.app.ContextImpl.startService:1686 android.content.ContextWrapper.startService:515 android.content.ContextWrapper.startService:515 com.android.settings.bluetooth.DockEventReceiver.beginStartingService:134 com.android.settings.bluetooth.DockEventReceiver.onReceive:115 
D/Telecom ( 1077): BluetoothPhoneService: Bluetooth Adapter state: 10
W/ContextImpl( 2693): Calling a method in the system process without a qualified user: android.app.ContextImpl.startService:1686 android.content.ContextWrapper.startService:515 android.content.ContextWrapper.startService:515 com.android.settings.bluetooth.DockEventReceiver.beginStartingService:134 com.android.settings.bluetooth.DockEventReceiver.onReceive:115 
I/ActivityManager(  650): START u0 {act=android.intent.action.MAIN cmp=com.android.settings/.SubSettings (has extras)} from uid 1000 on display 0
I/ActivityManager(  650): START u0 {act=android.intent.action.MAIN cmp=com.android.settings/.SubSettings (has extras)} from uid 1000 on display 0
D/WifiService(  650): New client listening to asynchronous messages
D/WifiService(  650): setWifiEnabled: false pid=2693, uid=1000
E/WifiService(  650): Invoking mWifiStateMachine.setWifiEnabled
D/ConnectivityService(  650): NetworkAgentInfo [WIFI () - 100] EVENT_NETWORK_INFO_CHANGED, going from CONNECTED to DISCONNECTED
D/ConnectivityService(  650): NetworkAgentInfo [WIFI () - 100] got DISCONNECTED, was satisfying 2
D/ConnectivityService(  650): notifyType LOST for NetworkAgentInfo [WIFI () - 100]
D/Nat464Xlat(  650): requiresClat: netType=1, connected=false, hasIPv4Address=true
D/CSLegacyTypeTracker(  650): Sending disconnected broadcast for type 1 NetworkAgentInfo [WIFI () - 100] isDefaultNetwork=true
D/ConnectivityService(  650): sendStickyBroadcast: action=android.net.conn.CONNECTIVITY_CHANGE_IMMEDIATE
D/ConnectivityService(  650): sendStickyBroadcast: action=android.net.conn.CONNECTIVITY_CHANGE_IMMEDIATE
D/ConnectivityService(  650): Checking for replacement network to handle request NetworkRequest [ id=1, legacyType=-1, [ Capabilities: INTERNET&NOT_RESTRICTED&TRUSTED&NOT_VPN] ]
E/ConnectivityService(  650): EVENT_NETWORK_INFO_CHANGED from unknown NetworkAgent
D/ConnectivityService(  650): sendStickyBroadcast: action=android.net.conn.CONNECTIVITY_CHANGE
D/ConnectivityService(  650): sendStickyBroadcast: action=android.net.conn.CONNECTIVITY_CHANGE
W/ProcessCpuTracker(  650): Skipping unknown process pid 3755
W/ProcessCpuTracker(  650): Skipping unknown process pid 3756
W/ProcessCpuTracker(  650): Skipping unknown process pid 3758
W/ProcessCpuTracker(  650): Skipping unknown process pid 3760
W/ContextImpl(  650): Calling a method in the system process without a qualified user: android.app.ContextImpl.sendBroadcast:1321 com.android.server.ConnectivityService.setAirplaneMode:3226 android.net.IConnectivityManager$Stub.onTransact:703 android.os.Binder.execTransact:446 <bottom of call stack> 
W/ContextImpl(  650): Calling a method in the system process without a qualified user: android.app.ContextImpl.sendBroadcast:1321 com.android.server.ConnectivityService.setAirplaneMode:3226 android.net.IConnectivityManager$Stub.onTransact:703 android.os.Binder.execTransact:446 <bottom of call stack> 
D/ConnectivityService(  650): registerNetworkAgent NetworkAgentInfo{ ni{[type: WIFI[], state: CONNECTING/CONNECTING, reason: (unspecified), extra: "wifi_ovh", roaming: false, failover: false, isAvailable: true, isConnectedToProvisioningNetwork: false]}  network{null}  lp{{LinkAddresses: []  Routes: [] DnsAddresses: [] Domains: null MTU: 0 TcpBufferSizes: 524288,1048576,2097152,262144,524288,1048576}}  nc{[ Transports: WIFI Capabilities: INTERNET&NOT_RESTRICTED&TRUSTED&NOT_VPN LinkUpBandwidth>=1048576Kbps LinkDnBandwidth>=1048576Kbps]}  Score{20} validated{false} created{false} explicitlySelected{false} }
D/ConnectivityService(  650): NetworkAgentInfo [WIFI () - 101] EVENT_NETWORK_INFO_CHANGED, going from null to CONNECTING
D/ConnectivityService(  650): updateNetworkScore for NetworkAgentInfo [WIFI () - 101] to 60
D/ConnectivityService(  650): NetworkAgentInfo [WIFI () - 101] EVENT_NETWORK_INFO_CHANGED, going from CONNECTING to CONNECTED
D/ConnectivityService(  650): Adding iface wlan0 to network 101
E/ConnectivityService(  650): Unexpected mtu value: 0, wlan0
D/ConnectivityService(  650): Adding Route [fe80::/64 -> :: wlan0] to network 101
D/ConnectivityService(  650): Adding Route [192.168.1.0/24 -> 0.0.0.0 wlan0] to network 101
D/ConnectivityService(  650): Adding Route [0.0.0.0/0 -> 192.168.1.254 wlan0] to network 101
D/ConnectivityService(  650): Setting Dns servers for network 101 to [/91.121.161.184, /188.165.197.144]
D/Nat464Xlat(  650): requiresClat: netType=1, connected=true, hasIPv4Address=true
D/ConnectivityService(  650): notifyType IP_CHANGED for NetworkAgentInfo [WIFI () - 101]
D/ConnectivityService(  650): notifyType PRECHECK for NetworkAgentInfo [WIFI () - 101]
D/ConnectivityService(  650): rematching NetworkAgentInfo [WIFI () - 101]
D/ConnectivityService(  650):    accepting network in place of null
D/CSLegacyTypeTracker(  650): Sending connected broadcast for type 1 NetworkAgentInfo [WIFI () - 101] isDefaultNetwork=true
D/ConnectivityService(  650): sendStickyBroadcast: action=android.net.conn.CONNECTIVITY_CHANGE_IMMEDIATE
D/ConnectivityService(  650): Switching to new default network: NetworkAgentInfo{ ni{[type: WIFI[], state: CONNECTED/CONNECTED, reason: (unspecified), extra: "wifi_ovh", roaming: false, failover: false, isAvailable: true, isConnectedToProvisioningNetwork: false]}  network{101}  lp{{InterfaceName: wlan0 LinkAddresses: [192.168.1.67/24,]  Routes: [fe80::/64 -> :: wlan0,192.168.1.0/24 -> 0.0.0.0 wlan0,0.0.0.0/0 -> 192.168.1.254 wlan0,] DnsAddresses: [91.121.161.184,188.165.197.144,] Domains: null MTU: 0 TcpBufferSizes: 524288,1048576,2097152,262144,524288,1048576}}  nc{[ Transports: WIFI Capabilities: INTERNET&NOT_RESTRICTED&TRUSTED&NOT_VPN LinkUpBandwidth>=1048576Kbps LinkDnBandwidth>=1048576Kbps]}  Score{20} validated{false} created{true} explicitlySelected{false} }
D/ConnectivityService(  650): notifyType AVAILABLE for NetworkAgentInfo [WIFI () - 101]
D/Nat464Xlat(  650): requiresClat: netType=1, connected=true, hasIPv4Address=true
D/ConnectivityService(  650): notifyType IP_CHANGED for NetworkAgentInfo [WIFI () - 101]
D/ConnectivityService(  650): notifyType IP_CHANGED for NetworkAgentInfo [WIFI () - 101]
D/ConnectivityService(  650): NetTransition Wakelock (NetworkAgentInfo [WIFI () - 100] cleared because we found a replacement network
D/ConnectivityService(  650): Adding Route [::/0 -> fe80::a6b1:e9ff:fed9:7502 wlan0] to network 101
D/Nat464Xlat(  650): requiresClat: netType=1, connected=true, hasIPv4Address=true
D/ConnectivityService(  650): notifyType IP_CHANGED for NetworkAgentInfo [WIFI () - 101]
D/ConnectivityService(  650): notifyType IP_CHANGED for NetworkAgentInfo [WIFI () - 101]
D/ConnectivityService(  650): Adding Route [2001:41d0:fe5d:b200::/64 -> :: wlan0] to network 101
D/Nat464Xlat(  650): requiresClat: netType=1, connected=true, hasIPv4Address=true
D/ConnectivityService(  650): notifyType IP_CHANGED for NetworkAgentInfo [WIFI () - 101]
D/ConnectivityService(  650): notifyType IP_CHANGED for NetworkAgentInfo [WIFI () - 101]
D/ConnectivityService(  650): Setting Dns servers for network 101 to [/2001:41d0:1:e2b8::1, /2001:41d0:3:163::1, /91.121.161.184, /188.165.197.144]
D/Nat464Xlat(  650): requiresClat: netType=1, connected=true, hasIPv4Address=true
D/ConnectivityService(  650): notifyType IP_CHANGED for NetworkAgentInfo [WIFI () - 101]
D/ConnectivityService(  650): notifyType IP_CHANGED for NetworkAgentInfo [WIFI () - 101]
D/Nat464Xlat(  650): requiresClat: netType=1, connected=true, hasIPv4Address=true
D/ConnectivityService(  650): notifyType IP_CHANGED for NetworkAgentInfo [WIFI () - 101]
D/ConnectivityService(  650): notifyType IP_CHANGED for NetworkAgentInfo [WIFI () - 101]
D/Nat464Xlat(  650): requiresClat: netType=1, connected=true, hasIPv4Address=true
D/ConnectivityService(  650): notifyType IP_CHANGED for NetworkAgentInfo [WIFI () - 101]
D/ConnectivityService(  650): notifyType IP_CHANGED for NetworkAgentInfo [WIFI () - 101]
D/ConnectivityService(  650): sendStickyBroadcast: action=android.net.conn.CONNECTIVITY_CHANGE
D/ConnectivityService(  650): Validated NetworkAgentInfo [WIFI () - 101]
D/ConnectivityService(  650): rematching NetworkAgentInfo [WIFI () - 101]
D/ConnectivityService(  650): Network NetworkAgentInfo [WIFI () - 101] was already satisfying request 1. No change.
D/ConnectivityService(  650): notifyType AVAILABLE for NetworkAgentInfo [WIFI () - 101]
D/ConnectivityService(  650): sendStickyBroadcast: action=android.net.conn.INET_CONDITION_ACTION
I/ActivityManager(  650): Waited long enough for: ServiceRecord{3eb643b4 u0 com.android.cellbroadcastreceiver/.CellBroadcastConfigService}
W/InputMethodManagerService(  650): Window already focused, ignoring focus gain of: com.android.internal.view.IInputMethodClient$Stub$Proxy@26ee47fe attribute=null, token = android.os.BinderProxy@2d2a2d3e
I/ActivityManager(  650): START u0 {act=android.intent.action.MAIN cmp=com.android.settings/.SubSettings (has extras)} from uid 1000 on display 0
I/ActivityManager(  650): START u0 {act=android.intent.action.MAIN cmp=com.android.settings/.SubSettings (has extras)} from uid 1000 on display 0
I/ActivityManager(  650): START u0 {act=android.intent.action.MAIN cmp=com.android.settings/.SubSettings (has extras)} from uid 1000 on display 0
I/ActivityManager(  650): Config changes=2004 {1.0 ?mcc?mnc fr_FR ldltr sw360dp w360dp h567dp 320dpi nrml port finger -keyb/v/h -nav/h s.6}
I/InputMethodManagerService(  650): Selected default: com.android.inputmethod.latin/.LatinIME
W/InputMethodManagerService(  650): Illegal subtype state: old subtype = null, new subtype = android.view.inputmethod.InputMethodSubtype@324da12c
I/ActivityManager(  650): START u0 {act=android.intent.action.MAIN cat=[android.intent.category.HOME] flg=0x10200000 cmp=com.android.launcher/com.android.launcher2.Launcher} from uid 1000 on display 0
I/ActivityManager(  650): START u0 {act=android.intent.action.MAIN cat=[android.intent.category.LAUNCHER] flg=0x10000000 cmp=com.android.music/.MusicBrowserActivity (has extras)} from uid 10008 on display 0
I/ActivityManager(  650): Start proc com.android.music for activity com.android.music/.MusicBrowserActivity: pid=4362 uid=10037 gids={50037, 9997, 3003, 1028, 1015, 3002} abi=armeabi-v7a
I/ActivityManager(  650): START u0 {act=android.intent.action.PICK dat= typ=vnd.android.cursor.dir/artistalbum flg=0x4000000 cmp=com.android.music/.ArtistAlbumBrowserActivity (has extras)} from uid 10037 on display 0
I/ActivityManager(  650): START u0 {act=android.intent.action.PICK dat= typ=vnd.android.cursor.dir/track flg=0x4000000 cmp=com.android.music/.TrackBrowserActivity (has extras)} from uid 10037 on display 0
--------- beginning of crash
F/libc    (  258): Fatal signal 6 (SIGABRT), code -6 in tid 4435 (NuPlayerRendere)
I/ActivityManager(  650): START u0 {act=com.android.music.PLAYBACK_VIEWER flg=0x4000000 cmp=com.android.music/.MediaPlaybackActivity} from uid 10037 on display 0
V/KeyguardTouchDelegate( 2053): Connected to keyguard
I/DEBUG   (  252): *** *** *** *** *** *** *** *** *** *** *** *** *** *** *** ***
I/DEBUG   (  252): Build fingerprint: 'motorola/falcon_retgb/falcon_umts:4.4.4/KXB21.14-L1.40/36:user/release-keys'
I/DEBUG   (  252): Revision: '33728'
I/DEBUG   (  252): ABI: 'arm'
I/DEBUG   (  252): pid: 258, tid: 4435, name: NuPlayerRendere  >>> /system/bin/mediaserver <<<
I/DEBUG   (  252): signal 6 (SIGABRT), code -6 (SI_TKILL), fault addr --------
W/NativeCrashListener(  650): Couldn't find ProcessRecord for pid 258
I/DEBUG   (  252): Abort message: 'frameworks/av/media/libmediaplayerservice/nuplayer/NuPlayerRenderer.cpp:1464 CHECK_EQ( mAudioSink->open( sampleRate, numChannels, (audio_channel_mask_t)channelMask, AUDIO_FORMAT_PCM_16_BIT, 8 , __null, __null, (audio_output_flags_t)flags),(status_t)OK) failed: -19 vs. 0'
I/DEBUG   (  252):     r0 00000000  r1 00001153  r2 00000006  r3 00000000
I/DEBUG   (  252):     r4 b5486dd8  r5 00000006  r6 00000016  r7 0000010c
I/DEBUG   (  252):     r8 b67b9308  r9 b5486c64  sl b5486c70  fp b5486dd0
I/DEBUG   (  252):     ip 00001153  sp b54867b8  lr b6f78779  pc b6f9e510  cpsr 600f0010
I/DEBUG   (  252): 
I/DEBUG   (  252): backtrace:
I/DEBUG   (  252):     #00 pc 00039510  /system/lib/libc.so (tgkill+12)
I/DEBUG   (  252):     #01 pc 00013775  /system/lib/libc.so (pthread_kill+52)
I/DEBUG   (  252):     #02 pc 00014393  /system/lib/libc.so (raise+10)
I/DEBUG   (  252):     #03 pc 00010bcd  /system/lib/libc.so (__libc_android_abort+36)
I/DEBUG   (  252):     #04 pc 0000f284  /system/lib/libc.so (abort+4)
I/DEBUG   (  252):     #05 pc 00007805  /system/lib/libcutils.so (__android_log_assert+88)
I/DEBUG   (  252):     #06 pc 0004c0ff  /system/lib/libmediaplayerservice.so (android::NuPlayer::Renderer::onOpenAudioSink(android::sp<android::AMessage> const&, bool, bool, unsigned int)+98)
I/DEBUG   (  252):     #07 pc 0004d303  /system/lib/libmediaplayerservice.so (android::NuPlayer::Renderer::onMessageReceived(android::sp<android::AMessage> const&)+342)
I/DEBUG   (  252):     #08 pc 0000a403  /system/lib/libstagefright_foundation.so (android::ALooperRoster::deliverMessage(android::sp<android::AMessage> const&)+166)
I/DEBUG   (  252):     #09 pc 00009d85  /system/lib/libstagefright_foundation.so (android::ALooper::loop()+220)
I/DEBUG   (  252):     #10 pc 0000ef11  /system/lib/libutils.so (android::Thread::_threadLoop(void*)+112)
I/DEBUG   (  252):     #11 pc 0000ea81  /system/lib/libutils.so
I/DEBUG   (  252):     #12 pc 00012f5f  /system/lib/libc.so (__pthread_start(void*)+30)
I/DEBUG   (  252):     #13 pc 00010f37  /system/lib/libc.so (__start_thread+6)
I/BootReceiver(  650): Copying /data/tombstones/tombstone_00 to DropBox (SYSTEM_TOMBSTONE)
--------- beginning of main
I/Timeline( 4362): Timeline: Activity_idle id: android.os.BinderProxy@306c9296 time:470040
D/ExtendedUtils( 4479): extended extractor not needed, return default
E/MediaPlayer( 4362): Should have subtitle controller already set
V/MusicFXControlPanelReceiver( 2310): onReceive
V/MusicFXControlPanelReceiver( 2310): Action: android.media.action.OPEN_AUDIO_EFFECT_CONTROL_SESSION
V/MusicFXControlPanelReceiver( 2310): Package name: com.android.music
V/MusicFXControlPanelReceiver( 2310): Audio session: 6
V/MusicFXControlPanelEffect( 2310): openSession(android.app.ReceiverRestrictedContext@1ec2f937, com.android.music, 6)
W/AudioFlinger( 4479): session id 10 not found for pid 4362
E/MediaPlayer-JNI( 4362): QCMediaPlayer mediaplayer NOT present
D/ExtendedUtils( 4479): extended extractor not needed, return default
E/MediaPlayer( 4362): Should have subtitle controller already set
V/MusicFXControlPanelReceiver( 2310): onReceive
V/MusicFXControlPanelReceiver( 2310): Action: android.media.action.OPEN_AUDIO_EFFECT_CONTROL_SESSION
V/MusicFXControlPanelReceiver( 2310): Package name: com.android.music
V/MusicFXControlPanelReceiver( 2310): Audio session: 6
V/MusicFXControlPanelEffect( 2310): openSession(android.app.ReceiverRestrictedContext@1ec2f937, com.android.music, 6)
I/MediaFocusControl(  650):  AudioFocus  requestAudioFocus() from android.media.AudioManager@31e6086acom.android.music.MediaPlaybackService$3@17e115b
D/NuPlayerDriver( 4479): start(0xb87971a8)
I/GenericSource( 4479): start
I/str_params( 4479): key: 'SND_CARD_STATUS' value: ''
I/ExtendedUtils( 4479): No channel mask, try channel count
I/ExtendedUtils( 4479): decision 1 mime audio/mpeg
I/NuPlayer( 4479): Could not offload audio decode, pcm offload decided :0
E/OMXMaster( 4479): A component of name 'OMX.qcom.audio.decoder.aac' already exists, ignoring this one.
E/OMXNodeInstance( 4479): getParameter(100663311) ERROR: 0x8000101a
E/OMXNodeInstance( 4479): getParameter(100663297) ERROR: 0x8000101a
E/OMXNodeInstance( 4479): getParameter(100663311) ERROR: 0x8000101a
E/OMXNodeInstance( 4479): getParameter(100663297) ERROR: 0x8000101a
E/OMXNodeInstance( 4479): getParameter(100663311) ERROR: 0x8000101a
E/OMXNodeInstance( 4479): getParameter(100663297) ERROR: 0x8000101a
E/OMXNodeInstance( 4479): getParameter(100663311) ERROR: 0x8000101a
E/OMXNodeInstance( 4479): getParameter(100663297) ERROR: 0x8000101a
E/OMXNodeInstance( 4479): getParameter(100663311) ERROR: 0x8000101a
E/OMXNodeInstance( 4479): getParameter(100663297) ERROR: 0x8000101a
E/OMXNodeInstance( 4479): getParameter(100663311) ERROR: 0x8000101a
E/OMXNodeInstance( 4479): getParameter(100663297) ERROR: 0x8000101a
E/OMXNodeInstance( 4479): getParameter(100663311) ERROR: 0x8000101a
E/OMXNodeInstance( 4479): getParameter(100663297) ERROR: 0x8000101a
E/OMXNodeInstance( 4479): getParameter(100663311) ERROR: 0x8000101a
E/OMXNodeInstance( 4479): getParameter(100663297) ERROR: 0x8000101a
E/OMXNodeInstance( 4479): getParameter(100663311) ERROR: 0x8000101a
E/OMXNodeInstance( 4479): getParameter(100663297) ERROR: 0x8000101a
E/OMXNodeInstance( 4479): getParameter(100663311) ERROR: 0x8000101a
E/OMXNodeInstance( 4479): getParameter(100663297) ERROR: 0x8000101a
E/OMXNodeInstance( 4479): getParameter(100663311) ERROR: 0x8000101a
E/OMXNodeInstance( 4479): getParameter(100663297) ERROR: 0x8000101a
E/OMXNodeInstance( 4479): getParameter(100663311) ERROR: 0x8000101a
E/OMXNodeInstance( 4479): getParameter(100663297) ERROR: 0x8000101a
E/OMXNodeInstance( 4479): getParameter(100663311) ERROR: 0x8000101a
E/OMXNodeInstance( 4479): getParameter(100663297) ERROR: 0x8000101a
E/OMXNodeInstance( 4479): getParameter(100663311) ERROR: 0x8000101a
E/OMXNodeInstance( 4479): getParameter(100663297) ERROR: 0x8000101a
E/OMX     ( 4479): FAILED to allocate omx component 'OMX.qcom.audio.encoder.evrc'
E/OMX     ( 4479): FAILED to allocate omx component 'OMX.qcom.audio.encoder.qcelp13'
D/NuPlayerDriver( 4479): reset(0xb87971a8)
E/OMXNodeInstance( 4479): getParameter(100663311) ERROR: 0x8000100e
W/ACodec  ( 4479): do not know color format 0x7fa30c04 = 2141391876
W/ACodec  ( 4479): do not know color format 0x7f000789 = 2130708361
E/OMXNodeInstance( 4479): getParameter(100663297) ERROR: 0x8000100e
E/OMXNodeInstance( 4479): getParameter(100663311) ERROR: 0x8000100e
W/ACodec  ( 4479): do not know color format 0x7fa30c04 = 2141391876
W/ACodec  ( 4479): do not know color format 0x7f000789 = 2130708361
E/OMXNodeInstance( 4479): getParameter(100663297) ERROR: 0x8000100e
E/OMXNodeInstance( 4479): getParameter(100663311) ERROR: 0x8000100e
W/ACodec  ( 4479): do not know color format 0x7fa30c04 = 2141391876
W/ACodec  ( 4479): do not know color format 0x7f000789 = 2130708361
E/OMXNodeInstance( 4479): getParameter(100663297) ERROR: 0x8000100e
E/QC_WMADEC( 4479):  component init: role = OMX.qcom.audio.decoder.wma
E/QC_WMADEC( 4479): unknown param 0600000f
E/OMXNodeInstance( 4479): getParameter(100663311) ERROR: 0x8000101a
E/QC_WMADEC( 4479): unknown param 06000001
E/OMXNodeInstance( 4479): getParameter(100663297) ERROR: 0x8000101a
E/QC_WMADEC( 4479): COMPONENT DEINIT...
E/QC_WMADEC( 4479): OMX WMA component destroyed
E/QC_WMADEC( 4479):  component init: role = OMX.qcom.audio.decoder.wmaLossLess
E/QC_WMADEC( 4479): unknown param 0600000f
E/OMXNodeInstance( 4479): getParameter(100663311) ERROR: 0x8000101a
E/QC_WMADEC( 4479): unknown param 06000001
E/OMXNodeInstance( 4479): getParameter(100663297) ERROR: 0x8000101a
E/QC_WMADEC( 4479): COMPONENT DEINIT...
E/QC_WMADEC( 4479): OMX WMA component destroyed
E/QC_WMADEC( 4479):  component init: role = OMX.qcom.audio.decoder.wma10Pro
E/QC_WMADEC( 4479): unknown param 0600000f
E/OMXNodeInstance( 4479): getParameter(100663311) ERROR: 0x8000101a
E/QC_WMADEC( 4479): unknown param 06000001
E/OMXNodeInstance( 4479): getParameter(100663297) ERROR: 0x8000101a
E/QC_WMADEC( 4479): COMPONENT DEINIT...
E/QC_WMADEC( 4479): OMX WMA component destroyed
