D/StatusBar.NetworkController( 2053): hasService: mServiceState=1 1 home null null null  Unknown Unknown CSS not supported -1 -1 RoamInd=-1 DefRoamInd=-1 EmergOnly=false retVal=false
D/StatusBar.NetworkController( 2053): refreshViews: Data not connected!! Set no data type icon / Roaming
D/StatusBar.NetworkController( 2053): refreshViews connected={ wifi } level=0 combinedSignalIconId=0x7f020323/com.android.systemui:drawable/stat_sys_wifi_signal_3_fully combinedActivityIconId=0x0 mobileLabel= wifiLabel="wifi_ovh"xxxxXXXXxxxxXXXX emergencyOnly=false combinedLabel="wifi_ovh"xxxxXXXXxxxxXXXX mAirplaneMode=false mDataActivity=0 mPhoneSignalIconId=0x7f02030d/com.android.systemui:drawable/stat_sys_signal_null mQSPhoneSignalIconId=0x7f0200a3/com.android.systemui:drawable/ic_qs_signal_no_signal mDataDirectionIconId=0x0/(null) mDataSignalIconId=0x7f02030d/com.android.systemui:drawable/stat_sys_signal_null mDataTypeIconId=0x0/(null) mQSDataTypeIconId=0x0/(null) mNoSimIconId=0x0/(null) mWifiIconId=0x7f020323/com.android.systemui:drawable/stat_sys_wifi_signal_3_fully mQSWifiIconId=0x7f0200b2/com.android.systemui:drawable/ic_qs_wifi_full_3 mWifiActivityIconId=0x0/(null) mBluetoothTetherIconId=0x108069d/android:drawable/stat_sys_tether_bluetooth
D/StatusBar.NetworkController( 2053): refreshSignalCluster - setMobileDataIndicators:  mHasMobileDataFeature = true mPhoneSignalIconId = com.android.systemui:drawable/stat_sys_signal_null mDataSignalIconId = com.android.systemui:drawable/stat_sys_signal_null mMobileActivityIconId = (null) mDataTypeIconId = (null) mNoSimIconId = (null)
D/StatusBar.NetworkController( 2053): refreshSignalCluster - setMobileDataIndicators:  mHasMobileDataFeature = true mPhoneSignalIconId = com.android.systemui:drawable/stat_sys_signal_null mDataSignalIconId = com.android.systemui:drawable/stat_sys_signal_null mMobileActivityIconId = (null) mDataTypeIconId = (null) mNoSimIconId = (null)
D/StatusBar.NetworkController( 2053): refreshSignalCluster - setMobileDataIndicators:  mHasMobileDataFeature = true mPhoneSignalIconId = com.android.systemui:drawable/stat_sys_signal_null mDataSignalIconId = com.android.systemui:drawable/stat_sys_signal_null mMobileActivityIconId = (null) mDataTypeIconId = (null) mNoSimIconId = (null)
D/StatusBar.NetworkController( 2053): changing data overlay icon id to 0
E/WifiStateMachine(  650): WifiStateMachine CMD_START_SCAN source -2 txSuccessRate=0,00 rxSuccessRate=0,06 targetRoamBSSID=any RSSI=-60
E/WifiStateMachine(  650): WifiStateMachine starting scan for "wifi_ovh"WPA_PSK with 2412
I/wpa_supplicant( 3826): wlan0: CTRL-EVENT-SCAN-STARTED 
I/WifiHAL (  650): Poll result = 1
I/WifiHAL (  650): Found some events!!!
D/WifiHAL (  650): no_seq_check received
I/WifiHAL (  650): event received NL80211_CMD_TRIGGER_SCAN
I/WifiHAL (  650): event received NL80211_CMD_TRIGGER_SCAN, vendor_id = 0x0
I/WifiHAL (  650): event ignored!!
I/WifiHAL (  650): Poll result = 1
I/WifiHAL (  650): Found some events!!!
D/WifiHAL (  650): no_seq_check received
I/WifiHAL (  650): event received NL80211_CMD_NEW_SCAN_RESULTS
I/WifiHAL (  650): event received NL80211_CMD_NEW_SCAN_RESULTS, vendor_id = 0x0
I/WifiHAL (  650): event ignored!!
D/wifi_gbk2utf(  650): parseScanResults, line=id=0
D/wifi_gbk2utf(  650):  
D/wifi_gbk2utf(  650): parseScanResults, line=bssid=a4:b1:e9:d9:75:03
D/wifi_gbk2utf(  650):  
D/wifi_gbk2utf(  650): parseScanResults, line=freq=2412
D/wifi_gbk2utf(  650):  
D/wifi_gbk2utf(  650): parseScanResults, line=level=-60
D/wifi_gbk2utf(  650):  
D/wifi_gbk2utf(  650): parseScanResults, line=tsf=0000000528259808
D/wifi_gbk2utf(  650):  
D/wifi_gbk2utf(  650): parseScanResults, line=flags=[WPA-PSK-TKIP][WPA2-PSK-CCMP][WPS][ESS]
D/wifi_gbk2utf(  650):  
D/wifi_gbk2utf(  650): parseScanResults, line=ssid=wifi_ovh
D/wifi_gbk2utf(  650):  
D/wifi_gbk2utf(  650): parseScanResults, ssid = wifi_ovh, buf = wifi_ovh,isUTF8= 0, isCh = 0
D/wifi_gbk2utf(  650): parseScanResults, line=#### 
D/StatusBar.NetworkController( 2053): hasService: mServiceState=1 1 home null null null  Unknown Unknown CSS not supported -1 -1 RoamInd=-1 DefRoamInd=-1 EmergOnly=false retVal=false
D/StatusBar.NetworkController( 2053): refreshViews: Data not connected!! Set no data type icon / Roaming
D/StatusBar.NetworkController( 2053): refreshViews connected={ wifi } level=0 combinedSignalIconId=0x7f020323/com.android.systemui:drawable/stat_sys_wifi_signal_3_fully combinedActivityIconId=0x7f020319 mobileLabel= wifiLabel="wifi_ovh"xxxxXXXXxxxxXXXX emergencyOnly=false combinedLabel="wifi_ovh"xxxxXXXXxxxxXXXX mAirplaneMode=false mDataActivity=0 mPhoneSignalIconId=0x7f02030d/com.android.systemui:drawable/stat_sys_signal_null mQSPhoneSignalIconId=0x7f0200a3/com.android.systemui:drawable/ic_qs_signal_no_signal mDataDirectionIconId=0x0/(null) mDataSignalIconId=0x7f02030d/com.android.systemui:drawable/stat_sys_signal_null mDataTypeIconId=0x0/(null) mQSDataTypeIconId=0x0/(null) mNoSimIconId=0x0/(null) mWifiIconId=0x7f020323/com.android.systemui:drawable/stat_sys_wifi_signal_3_fully mQSWifiIconId=0x7f0200b2/com.android.systemui:drawable/ic_qs_wifi_full_3 mWifiActivityIconId=0x7f020319/com.android.systemui:drawable/stat_sys_wifi_in mBluetoothTetherIconId=0x108069d/android:drawable/stat_sys_tether_bluetooth
D/StatusBar.NetworkController( 2053): refreshSignalCluster - setMobileDataIndicators:  mHasMobileDataFeature = true mPhoneSignalIconId = com.android.systemui:drawable/stat_sys_signal_null mDataSignalIconId = com.android.systemui:drawable/stat_sys_signal_null mMobileActivityIconId = (null) mDataTypeIconId = (null) mNoSimIconId = (null)
D/StatusBar.NetworkController( 2053): refreshSignalCluster - setMobileDataIndicators:  mHasMobileDataFeature = true mPhoneSignalIconId = com.android.systemui:drawable/stat_sys_signal_null mDataSignalIconId = com.android.systemui:drawable/stat_sys_signal_null mMobileActivityIconId = (null) mDataTypeIconId = (null) mNoSimIconId = (null)
D/StatusBar.NetworkController( 2053): refreshSignalCluster - setMobileDataIndicators:  mHasMobileDataFeature = true mPhoneSignalIconId = com.android.systemui:drawable/stat_sys_signal_null mDataSignalIconId = com.android.systemui:drawable/stat_sys_signal_null mMobileActivityIconId = (null) mDataTypeIconId = (null) mNoSimIconId = (null)
D/StatusBar.NetworkController( 2053): changing data overlay icon id to 2130838297
D/StatusBar.NetworkController( 2053): hasService: mServiceState=1 1 home null null null  Unknown Unknown CSS not supported -1 -1 RoamInd=-1 DefRoamInd=-1 EmergOnly=false retVal=false
D/StatusBar.NetworkController( 2053): refreshViews: Data not connected!! Set no data type icon / Roaming
D/StatusBar.NetworkController( 2053): refreshViews connected={ wifi } level=0 combinedSignalIconId=0x7f020323/com.android.systemui:drawable/stat_sys_wifi_signal_3_fully combinedActivityIconId=0x0 mobileLabel= wifiLabel="wifi_ovh"xxxxXXXXxxxxXXXX emergencyOnly=false combinedLabel="wifi_ovh"xxxxXXXXxxxxXXXX mAirplaneMode=false mDataActivity=0 mPhoneSignalIconId=0x7f02030d/com.android.systemui:drawable/stat_sys_signal_null mQSPhoneSignalIconId=0x7f0200a3/com.android.systemui:drawable/ic_qs_signal_no_signal mDataDirectionIconId=0x0/(null) mDataSignalIconId=0x7f02030d/com.android.systemui:drawable/stat_sys_signal_null mDataTypeIconId=0x0/(null) mQSDataTypeIconId=0x0/(null) mNoSimIconId=0x0/(null) mWifiIconId=0x7f020323/com.android.systemui:drawable/stat_sys_wifi_signal_3_fully mQSWifiIconId=0x7f0200b2/com.android.systemui:drawable/ic_qs_wifi_full_3 mWifiActivityIconId=0x0/(null) mBluetoothTetherIconId=0x108069d/android:drawable/stat_sys_tether_bluetooth
D/StatusBar.NetworkController( 2053): refreshSignalCluster - setMobileDataIndicators:  mHasMobileDataFeature = true mPhoneSignalIconId = com.android.systemui:drawable/stat_sys_signal_null mDataSignalIconId = com.android.systemui:drawable/stat_sys_signal_null mMobileActivityIconId = (null) mDataTypeIconId = (null) mNoSimIconId = (null)
D/StatusBar.NetworkController( 2053): refreshSignalCluster - setMobileDataIndicators:  mHasMobileDataFeature = true mPhoneSignalIconId = com.android.systemui:drawable/stat_sys_signal_null mDataSignalIconId = com.android.systemui:drawable/stat_sys_signal_null mMobileActivityIconId = (null) mDataTypeIconId = (null) mNoSimIconId = (null)
D/StatusBar.NetworkController( 2053): refreshSignalCluster - setMobileDataIndicators:  mHasMobileDataFeature = true mPhoneSignalIconId = com.android.systemui:drawable/stat_sys_signal_null mDataSignalIconId = com.android.systemui:drawable/stat_sys_signal_null mMobileActivityIconId = (null) mDataTypeIconId = (null) mNoSimIconId = (null)
D/StatusBar.NetworkController( 2053): changing data overlay icon id to 0
D/StatusBar.NetworkController( 2053): hasService: mServiceState=1 1 home null null null  Unknown Unknown CSS not supported -1 -1 RoamInd=-1 DefRoamInd=-1 EmergOnly=false retVal=false
D/StatusBar.NetworkController( 2053): refreshViews: Data not connected!! Set no data type icon / Roaming
D/StatusBar.NetworkController( 2053): refreshViews connected={ wifi } level=0 combinedSignalIconId=0x7f020323/com.android.systemui:drawable/stat_sys_wifi_signal_3_fully combinedActivityIconId=0x7f020319 mobileLabel= wifiLabel="wifi_ovh"xxxxXXXXxxxxXXXX emergencyOnly=false combinedLabel="wifi_ovh"xxxxXXXXxxxxXXXX mAirplaneMode=false mDataActivity=0 mPhoneSignalIconId=0x7f02030d/com.android.systemui:drawable/stat_sys_signal_null mQSPhoneSignalIconId=0x7f0200a3/com.android.systemui:drawable/ic_qs_signal_no_signal mDataDirectionIconId=0x0/(null) mDataSignalIconId=0x7f02030d/com.android.systemui:drawable/stat_sys_signal_null mDataTypeIconId=0x0/(null) mQSDataTypeIconId=0x0/(null) mNoSimIconId=0x0/(null) mWifiIconId=0x7f020323/com.android.systemui:drawable/stat_sys_wifi_signal_3_fully mQSWifiIconId=0x7f0200b2/com.android.systemui:drawable/ic_qs_wifi_full_3 mWifiActivityIconId=0x7f020319/com.android.systemui:drawable/stat_sys_wifi_in mBluetoothTetherIconId=0x108069d/android:drawable/stat_sys_tether_bluetooth
D/StatusBar.NetworkController( 2053): refreshSignalCluster - setMobileDataIndicators:  mHasMobileDataFeature = true mPhoneSignalIconId = com.android.systemui:drawable/stat_sys_signal_null mDataSignalIconId = com.android.systemui:drawable/stat_sys_signal_null mMobileActivityIconId = (null) mDataTypeIconId = (null) mNoSimIconId = (null)
D/StatusBar.NetworkController( 2053): refreshSignalCluster - setMobileDataIndicators:  mHasMobileDataFeature = true mPhoneSignalIconId = com.android.systemui:drawable/stat_sys_signal_null mDataSignalIconId = com.android.systemui:drawable/stat_sys_signal_null mMobileActivityIconId = (null) mDataTypeIconId = (null) mNoSimIconId = (null)
D/StatusBar.NetworkController( 2053): refreshSignalCluster - setMobileDataIndicators:  mHasMobileDataFeature = true mPhoneSignalIconId = com.android.systemui:drawable/stat_sys_signal_null mDataSignalIconId = com.android.systemui:drawable/stat_sys_signal_null mMobileActivityIconId = (null) mDataTypeIconId = (null) mNoSimIconId = (null)
D/StatusBar.NetworkController( 2053): changing data overlay icon id to 2130838297
D/StatusBar.NetworkController( 2053): hasService: mServiceState=1 1 home null null null  Unknown Unknown CSS not supported -1 -1 RoamInd=-1 DefRoamInd=-1 EmergOnly=false retVal=false
D/StatusBar.NetworkController( 2053): refreshViews: Data not connected!! Set no data type icon / Roaming
D/StatusBar.NetworkController( 2053): refreshViews connected={ wifi } level=0 combinedSignalIconId=0x7f020323/com.android.systemui:drawable/stat_sys_wifi_signal_3_fully combinedActivityIconId=0x0 mobileLabel= wifiLabel="wifi_ovh"xxxxXXXXxxxxXXXX emergencyOnly=false combinedLabel="wifi_ovh"xxxxXXXXxxxxXXXX mAirplaneMode=false mDataActivity=0 mPhoneSignalIconId=0x7f02030d/com.android.systemui:drawable/stat_sys_signal_null mQSPhoneSignalIconId=0x7f0200a3/com.android.systemui:drawable/ic_qs_signal_no_signal mDataDirectionIconId=0x0/(null) mDataSignalIconId=0x7f02030d/com.android.systemui:drawable/stat_sys_signal_null mDataTypeIconId=0x0/(null) mQSDataTypeIconId=0x0/(null) mNoSimIconId=0x0/(null) mWifiIconId=0x7f020323/com.android.systemui:drawable/stat_sys_wifi_signal_3_fully mQSWifiIconId=0x7f0200b2/com.android.systemui:drawable/ic_qs_wifi_full_3 mWifiActivityIconId=0x0/(null) mBluetoothTetherIconId=0x108069d/android:drawable/stat_sys_tether_bluetooth
D/StatusBar.NetworkController( 2053): refreshSignalCluster - setMobileDataIndicators:  mHasMobileDataFeature = true mPhoneSignalIconId = com.android.systemui:drawable/stat_sys_signal_null mDataSignalIconId = com.android.systemui:drawable/stat_sys_signal_null mMobileActivityIconId = (null) mDataTypeIconId = (null) mNoSimIconId = (null)
D/StatusBar.NetworkController( 2053): refreshSignalCluster - setMobileDataIndicators:  mHasMobileDataFeature = true mPhoneSignalIconId = com.android.systemui:drawable/stat_sys_signal_null mDataSignalIconId = com.android.systemui:drawable/stat_sys_signal_null mMobileActivityIconId = (null) mDataTypeIconId = (null) mNoSimIconId = (null)
D/StatusBar.NetworkController( 2053): refreshSignalCluster - setMobileDataIndicators:  mHasMobileDataFeature = true mPhoneSignalIconId = com.android.systemui:drawable/stat_sys_signal_null mDataSignalIconId = com.android.systemui:drawable/stat_sys_signal_null mMobileActivityIconId = (null) mDataTypeIconId = (null) mNoSimIconId = (null)
D/StatusBar.NetworkController( 2053): changing data overlay icon id to 0
D/StatusBar.NetworkController( 2053): hasService: mServiceState=1 1 home null null null  Unknown Unknown CSS not supported -1 -1 RoamInd=-1 DefRoamInd=-1 EmergOnly=false retVal=false
D/StatusBar.NetworkController( 2053): refreshViews: Data not connected!! Set no data type icon / Roaming
D/StatusBar.NetworkController( 2053): refreshViews connected={ wifi } level=0 combinedSignalIconId=0x7f020323/com.android.systemui:drawable/stat_sys_wifi_signal_3_fully combinedActivityIconId=0x7f020319 mobileLabel= wifiLabel="wifi_ovh"xxxxXXXXxxxxXXXX emergencyOnly=false combinedLabel="wifi_ovh"xxxxXXXXxxxxXXXX mAirplaneMode=false mDataActivity=0 mPhoneSignalIconId=0x7f02030d/com.android.systemui:drawable/stat_sys_signal_null mQSPhoneSignalIconId=0x7f0200a3/com.android.systemui:drawable/ic_qs_signal_no_signal mDataDirectionIconId=0x0/(null) mDataSignalIconId=0x7f02030d/com.android.systemui:drawable/stat_sys_signal_null mDataTypeIconId=0x0/(null) mQSDataTypeIconId=0x0/(null) mNoSimIconId=0x0/(null) mWifiIconId=0x7f020323/com.android.systemui:drawable/stat_sys_wifi_signal_3_fully mQSWifiIconId=0x7f0200b2/com.android.systemui:drawable/ic_qs_wifi_full_3 mWifiActivityIconId=0x7f020319/com.android.systemui:drawable/stat_sys_wifi_in mBluetoothTetherIconId=0x108069d/android:drawable/stat_sys_tether_bluetooth
D/StatusBar.NetworkController( 2053): refreshSignalCluster - setMobileDataIndicators:  mHasMobileDataFeature = true mPhoneSignalIconId = com.android.systemui:drawable/stat_sys_signal_null mDataSignalIconId = com.android.systemui:drawable/stat_sys_signal_null mMobileActivityIconId = (null) mDataTypeIconId = (null) mNoSimIconId = (null)
D/StatusBar.NetworkController( 2053): refreshSignalCluster - setMobileDataIndicators:  mHasMobileDataFeature = true mPhoneSignalIconId = com.android.systemui:drawable/stat_sys_signal_null mDataSignalIconId = com.android.systemui:drawable/stat_sys_signal_null mMobileActivityIconId = (null) mDataTypeIconId = (null) mNoSimIconId = (null)
D/StatusBar.NetworkController( 2053): refreshSignalCluster - setMobileDataIndicators:  mHasMobileDataFeature = true mPhoneSignalIconId = com.android.systemui:drawable/stat_sys_signal_null mDataSignalIconId = com.android.systemui:drawable/stat_sys_signal_null mMobileActivityIconId = (null) mDataTypeIconId = (null) mNoSimIconId = (null)
D/StatusBar.NetworkController( 2053): changing data overlay icon id to 2130838297
D/StatusBar.NetworkController( 2053): hasService: mServiceState=1 1 home null null null  Unknown Unknown CSS not supported -1 -1 RoamInd=-1 DefRoamInd=-1 EmergOnly=false retVal=false
D/StatusBar.NetworkController( 2053): refreshViews: Data not connected!! Set no data type icon / Roaming
D/StatusBar.NetworkController( 2053): refreshViews connected={ wifi } level=0 combinedSignalIconId=0x7f020325/com.android.systemui:drawable/stat_sys_wifi_signal_4_fully combinedActivityIconId=0x7f020319 mobileLabel= wifiLabel="wifi_ovh"xxxxXXXXxxxxXXXX emergencyOnly=false combinedLabel="wifi_ovh"xxxxXXXXxxxxXXXX mAirplaneMode=false mDataActivity=0 mPhoneSignalIconId=0x7f02030d/com.android.systemui:drawable/stat_sys_signal_null mQSPhoneSignalIconId=0x7f0200a3/com.android.systemui:drawable/ic_qs_signal_no_signal mDataDirectionIconId=0x0/(null) mDataSignalIconId=0x7f02030d/com.android.systemui:drawable/stat_sys_signal_null mDataTypeIconId=0x0/(null) mQSDataTypeIconId=0x0/(null) mNoSimIconId=0x0/(null) mWifiIconId=0x7f020325/com.android.systemui:drawable/stat_sys_wifi_signal_4_fully mQSWifiIconId=0x7f0200b3/com.android.systemui:drawable/ic_qs_wifi_full_4 mWifiActivityIconId=0x7f020319/com.android.systemui:drawable/stat_sys_wifi_in mBluetoothTetherIconId=0x108069d/android:drawable/stat_sys_tether_bluetooth
D/StatusBar.NetworkController( 2053): refreshSignalCluster - setMobileDataIndicators:  mHasMobileDataFeature = true mPhoneSignalIconId = com.android.systemui:drawable/stat_sys_signal_null mDataSignalIconId = com.android.systemui:drawable/stat_sys_signal_null mMobileActivityIconId = (null) mDataTypeIconId = (null) mNoSimIconId = (null)
D/StatusBar.NetworkController( 2053): refreshSignalCluster - setMobileDataIndicators:  mHasMobileDataFeature = true mPhoneSignalIconId = com.android.systemui:drawable/stat_sys_signal_null mDataSignalIconId = com.android.systemui:drawable/stat_sys_signal_null mMobileActivityIconId = (null) mDataTypeIconId = (null) mNoSimIconId = (null)
D/StatusBar.NetworkController( 2053): refreshSignalCluster - setMobileDataIndicators:  mHasMobileDataFeature = true mPhoneSignalIconId = com.android.systemui:drawable/stat_sys_signal_null mDataSignalIconId = com.android.systemui:drawable/stat_sys_signal_null mMobileActivityIconId = (null) mDataTypeIconId = (null) mNoSimIconId = (null)
D/StatusBar.NetworkController( 2053): hasService: mServiceState=1 1 home null null null  Unknown Unknown CSS not supported -1 -1 RoamInd=-1 DefRoamInd=-1 EmergOnly=false retVal=false
D/StatusBar.NetworkController( 2053): refreshViews: Data not connected!! Set no data type icon / Roaming
D/StatusBar.NetworkController( 2053): refreshViews connected={ wifi } level=0 combinedSignalIconId=0x7f020325/com.android.systemui:drawable/stat_sys_wifi_signal_4_fully combinedActivityIconId=0x0 mobileLabel= wifiLabel="wifi_ovh"xxxxXXXXxxxxXXXX emergencyOnly=false combinedLabel="wifi_ovh"xxxxXXXXxxxxXXXX mAirplaneMode=false mDataActivity=0 mPhoneSignalIconId=0x7f02030d/com.android.systemui:drawable/stat_sys_signal_null mQSPhoneSignalIconId=0x7f0200a3/com.android.systemui:drawable/ic_qs_signal_no_signal mDataDirectionIconId=0x0/(null) mDataSignalIconId=0x7f02030d/com.android.systemui:drawable/stat_sys_signal_null mDataTypeIconId=0x0/(null) mQSDataTypeIconId=0x0/(null) mNoSimIconId=0x0/(null) mWifiIconId=0x7f020325/com.android.systemui:drawable/stat_sys_wifi_signal_4_fully mQSWifiIconId=0x7f0200b3/com.android.systemui:drawable/ic_qs_wifi_full_4 mWifiActivityIconId=0x0/(null) mBluetoothTetherIconId=0x108069d/android:drawable/stat_sys_tether_bluetooth
D/StatusBar.NetworkController( 2053): refreshSignalCluster - setMobileDataIndicators:  mHasMobileDataFeature = true mPhoneSignalIconId = com.android.systemui:drawable/stat_sys_signal_null mDataSignalIconId = com.android.systemui:drawable/stat_sys_signal_null mMobileActivityIconId = (null) mDataTypeIconId = (null) mNoSimIconId = (null)
D/StatusBar.NetworkController( 2053): refreshSignalCluster - setMobileDataIndicators:  mHasMobileDataFeature = true mPhoneSignalIconId = com.android.systemui:drawable/stat_sys_signal_null mDataSignalIconId = com.android.systemui:drawable/stat_sys_signal_null mMobileActivityIconId = (null) mDataTypeIconId = (null) mNoSimIconId = (null)
D/StatusBar.NetworkController( 2053): refreshSignalCluster - setMobileDataIndicators:  mHasMobileDataFeature = true mPhoneSignalIconId = com.android.systemui:drawable/stat_sys_signal_null mDataSignalIconId = com.android.systemui:drawable/stat_sys_signal_null mMobileActivityIconId = (null) mDataTypeIconId = (null) mNoSimIconId = (null)
D/StatusBar.NetworkController( 2053): changing data overlay icon id to 0
D/StatusBar.NetworkController( 2053): hasService: mServiceState=1 1 home null null null  Unknown Unknown CSS not supported -1 -1 RoamInd=-1 DefRoamInd=-1 EmergOnly=false retVal=false
D/StatusBar.NetworkController( 2053): refreshViews: Data not connected!! Set no data type icon / Roaming
D/StatusBar.NetworkController( 2053): refreshViews connected={ wifi } level=0 combinedSignalIconId=0x7f020325/com.android.systemui:drawable/stat_sys_wifi_signal_4_fully combinedActivityIconId=0x7f020319 mobileLabel= wifiLabel="wifi_ovh"xxxxXXXXxxxxXXXX emergencyOnly=false combinedLabel="wifi_ovh"xxxxXXXXxxxxXXXX mAirplaneMode=false mDataActivity=0 mPhoneSignalIconId=0x7f02030d/com.android.systemui:drawable/stat_sys_signal_null mQSPhoneSignalIconId=0x7f0200a3/com.android.systemui:drawable/ic_qs_signal_no_signal mDataDirectionIconId=0x0/(null) mDataSignalIconId=0x7f02030d/com.android.systemui:drawable/stat_sys_signal_null mDataTypeIconId=0x0/(null) mQSDataTypeIconId=0x0/(null) mNoSimIconId=0x0/(null) mWifiIconId=0x7f020325/com.android.systemui:drawable/stat_sys_wifi_signal_4_fully mQSWifiIconId=0x7f0200b3/com.android.systemui:drawable/ic_qs_wifi_full_4 mWifiActivityIconId=0x7f020319/com.android.systemui:drawable/stat_sys_wifi_in mBluetoothTetherIconId=0x108069d/android:drawable/stat_sys_tether_bluetooth
D/StatusBar.NetworkController( 2053): refreshSignalCluster - setMobileDataIndicators:  mHasMobileDataFeature = true mPhoneSignalIconId = com.android.systemui:drawable/stat_sys_signal_null mDataSignalIconId = com.android.systemui:drawable/stat_sys_signal_null mMobileActivityIconId = (null) mDataTypeIconId = (null) mNoSimIconId = (null)
D/StatusBar.NetworkController( 2053): refreshSignalCluster - setMobileDataIndicators:  mHasMobileDataFeature = true mPhoneSignalIconId = com.android.systemui:drawable/stat_sys_signal_null mDataSignalIconId = com.android.systemui:drawable/stat_sys_signal_null mMobileActivityIconId = (null) mDataTypeIconId = (null) mNoSimIconId = (null)
D/StatusBar.NetworkController( 2053): refreshSignalCluster - setMobileDataIndicators:  mHasMobileDataFeature = true mPhoneSignalIconId = com.android.systemui:drawable/stat_sys_signal_null mDataSignalIconId = com.android.systemui:drawable/stat_sys_signal_null mMobileActivityIconId = (null) mDataTypeIconId = (null) mNoSimIconId = (null)
D/StatusBar.NetworkController( 2053): changing data overlay icon id to 2130838297
W/rild    (  363): type=1400 audit(0.0:46): avc: denied { search } for name="usb" dev="sysfs" ino=14088 scontext=u:r:rild:s0 tcontext=u:object_r:sysfs_usb_supply:s0 tclass=dir
W/rild    (  363): type=1400 audit(0.0:47): avc: denied { read } for name="online" dev="sysfs" ino=14095 scontext=u:r:rild:s0 tcontext=u:object_r:sysfs_usb_supply:s0 tclass=file
W/rild    (  363): type=1400 audit(0.0:48): avc: denied { open } for name="online" dev="sysfs" ino=14095 scontext=u:r:rild:s0 tcontext=u:object_r:sysfs_usb_supply:s0 tclass=file
I/MDMCTBK (  268): NetlinkHandler, power_supply subsys
I/MDMCTBK (  268): NetlinkHandler, usbChargerStateChanged
I/MDMCTBK (  268): checkDefaultInst, current pid is = 268
I/MDMCTBK (  268): checkDefaultInst, pid match
I/MDMCTBK (  268): MdmCutbackHndler,readFromFile = /sys/class/power_supply/usb/online
I/MDMCTBK (  268): MdmCutbackHndler,readFromFile = 
E/MDMCTBK (  268): MdmCutbackHndler,Could not open ''
I/MDMCTBK (  268): NetlinkHandler, power_supply subsys
I/MDMCTBK (  268): NetlinkHandler, usbChargerStateChanged
I/MDMCTBK (  268): checkDefaultInst, current pid is = 268
I/MDMCTBK (  268): checkDefaultInst, pid match
I/MDMCTBK (  268): MdmCutbackHndler,readFromFile = /sys/class/power_supply/usb/online
I/MDMCTBK (  268): MdmCutbackHndler,readFromFile = 
E/MDMCTBK (  268): MdmCutbackHndler,Could not open ''
D/StatusBar.NetworkController( 2053): hasService: mServiceState=1 1 home null null null  Unknown Unknown CSS not supported -1 -1 RoamInd=-1 DefRoamInd=-1 EmergOnly=false retVal=false
D/StatusBar.NetworkController( 2053): refreshViews: Data not connected!! Set no data type icon / Roaming
D/StatusBar.NetworkController( 2053): refreshViews connected={ wifi } level=0 combinedSignalIconId=0x7f020325/com.android.systemui:drawable/stat_sys_wifi_signal_4_fully combinedActivityIconId=0x0 mobileLabel= wifiLabel="wifi_ovh"xxxxXXXXxxxxXXXX emergencyOnly=false combinedLabel="wifi_ovh"xxxxXXXXxxxxXXXX mAirplaneMode=false mDataActivity=0 mPhoneSignalIconId=0x7f02030d/com.android.systemui:drawable/stat_sys_signal_null mQSPhoneSignalIconId=0x7f0200a3/com.android.systemui:drawable/ic_qs_signal_no_signal mDataDirectionIconId=0x0/(null) mDataSignalIconId=0x7f02030d/com.android.systemui:drawable/stat_sys_signal_null mDataTypeIconId=0x0/(null) mQSDataTypeIconId=0x0/(null) mNoSimIconId=0x0/(null) mWifiIconId=0x7f020325/com.android.systemui:drawable/stat_sys_wifi_signal_4_fully mQSWifiIconId=0x7f0200b3/com.android.systemui:drawable/ic_qs_wifi_full_4 mWifiActivityIconId=0x0/(null) mBluetoothTetherIconId=0x108069d/android:drawable/stat_sys_tether_bluetooth
D/StatusBar.NetworkController( 2053): refreshSignalCluster - setMobileDataIndicators:  mHasMobileDataFeature = true mPhoneSignalIconId = com.android.systemui:drawable/stat_sys_signal_null mDataSignalIconId = com.android.systemui:drawable/stat_sys_signal_null mMobileActivityIconId = (null) mDataTypeIconId = (null) mNoSimIconId = (null)
D/StatusBar.NetworkController( 2053): refreshSignalCluster - setMobileDataIndicators:  mHasMobileDataFeature = true mPhoneSignalIconId = com.android.systemui:drawable/stat_sys_signal_null mDataSignalIconId = com.android.systemui:drawable/stat_sys_signal_null mMobileActivityIconId = (null) mDataTypeIconId = (null) mNoSimIconId = (null)
D/StatusBar.NetworkController( 2053): refreshSignalCluster - setMobileDataIndicators:  mHasMobileDataFeature = true mPhoneSignalIconId = com.android.systemui:drawable/stat_sys_signal_null mDataSignalIconId = com.android.systemui:drawable/stat_sys_signal_null mMobileActivityIconId = (null) mDataTypeIconId = (null) mNoSimIconId = (null)
D/StatusBar.NetworkController( 2053): changing data overlay icon id to 0
E/WifiStateMachine(  650): WifiStateMachine CMD_START_SCAN source -2 txSuccessRate=0,00 rxSuccessRate=2,41 targetRoamBSSID=any RSSI=-54
E/WifiStateMachine(  650): WifiStateMachine starting scan for "wifi_ovh"WPA_PSK with 2412
I/wpa_supplicant( 3826): wlan0: CTRL-EVENT-SCAN-STARTED 
I/WifiHAL (  650): Poll result = 1
I/WifiHAL (  650): Found some events!!!
D/WifiHAL (  650): no_seq_check received
I/WifiHAL (  650): event received NL80211_CMD_TRIGGER_SCAN
I/WifiHAL (  650): event received NL80211_CMD_TRIGGER_SCAN, vendor_id = 0x0
I/WifiHAL (  650): event ignored!!
I/WifiHAL (  650): Poll result = 1
I/WifiHAL (  650): Found some events!!!
D/WifiHAL (  650): no_seq_check received
I/WifiHAL (  650): event received NL80211_CMD_NEW_SCAN_RESULTS
I/WifiHAL (  650): event received NL80211_CMD_NEW_SCAN_RESULTS, vendor_id = 0x0
I/WifiHAL (  650): event ignored!!
D/wifi_gbk2utf(  650): parseScanResults, line=id=0
D/wifi_gbk2utf(  650):  
D/wifi_gbk2utf(  650): parseScanResults, line=bssid=a4:b1:e9:d9:75:03
D/wifi_gbk2utf(  650):  
D/wifi_gbk2utf(  650): parseScanResults, line=freq=2412
D/wifi_gbk2utf(  650):  
D/wifi_gbk2utf(  650): parseScanResults, line=level=-54
D/wifi_gbk2utf(  650):  
D/wifi_gbk2utf(  650): parseScanResults, line=tsf=0000000548262412
D/wifi_gbk2utf(  650):  
D/wifi_gbk2utf(  650): parseScanResults, line=flags=[WPA-PSK-TKIP][WPA2-PSK-CCMP][WPS][ESS]
D/wifi_gbk2utf(  650):  
D/wifi_gbk2utf(  650): parseScanResults, line=ssid=wifi_ovh
D/wifi_gbk2utf(  650):  
D/wifi_gbk2utf(  650): parseScanResults, ssid = wifi_ovh, buf = wifi_ovh,isUTF8= 0, isCh = 0
D/wifi_gbk2utf(  650): parseScanResults, line=#### 
D/StatusBar.NetworkController( 2053): hasService: mServiceState=1 1 home null null null  Unknown Unknown CSS not supported -1 -1 RoamInd=-1 DefRoamInd=-1 EmergOnly=false retVal=false
D/StatusBar.NetworkController( 2053): refreshViews: Data not connected!! Set no data type icon / Roaming
D/StatusBar.NetworkController( 2053): refreshViews connected={ wifi } level=0 combinedSignalIconId=0x7f020323/com.android.systemui:drawable/stat_sys_wifi_signal_3_fully combinedActivityIconId=0x0 mobileLabel= wifiLabel="wifi_ovh"xxxxXXXXxxxxXXXX emergencyOnly=false combinedLabel="wifi_ovh"xxxxXXXXxxxxXXXX mAirplaneMode=false mDataActivity=0 mPhoneSignalIconId=0x7f02030d/com.android.systemui:drawable/stat_sys_signal_null mQSPhoneSignalIconId=0x7f0200a3/com.android.systemui:drawable/ic_qs_signal_no_signal mDataDirectionIconId=0x0/(null) mDataSignalIconId=0x7f02030d/com.android.systemui:drawable/stat_sys_signal_null mDataTypeIconId=0x0/(null) mQSDataTypeIconId=0x0/(null) mNoSimIconId=0x0/(null) mWifiIconId=0x7f020323/com.android.systemui:drawable/stat_sys_wifi_signal_3_fully mQSWifiIconId=0x7f0200b2/com.android.systemui:drawable/ic_qs_wifi_full_3 mWifiActivityIconId=0x0/(null) mBluetoothTetherIconId=0x108069d/android:drawable/stat_sys_tether_bluetooth
D/StatusBar.NetworkController( 2053): refreshSignalCluster - setMobileDataIndicators:  mHasMobileDataFeature = true mPhoneSignalIconId = com.android.systemui:drawable/stat_sys_signal_null mDataSignalIconId = com.android.systemui:drawable/stat_sys_signal_null mMobileActivityIconId = (null) mDataTypeIconId = (null) mNoSimIconId = (null)
D/StatusBar.NetworkController( 2053): refreshSignalCluster - setMobileDataIndicators:  mHasMobileDataFeature = true mPhoneSignalIconId = com.android.systemui:drawable/stat_sys_signal_null mDataSignalIconId = com.android.systemui:drawable/stat_sys_signal_null mMobileActivityIconId = (null) mDataTypeIconId = (null) mNoSimIconId = (null)
D/StatusBar.NetworkController( 2053): refreshSignalCluster - setMobileDataIndicators:  mHasMobileDataFeature = true mPhoneSignalIconId = com.android.systemui:drawable/stat_sys_signal_null mDataSignalIconId = com.android.systemui:drawable/stat_sys_signal_null mMobileActivityIconId = (null) mDataTypeIconId = (null) mNoSimIconId = (null)
E/QMI_FW  (  268): QMUXD: WARNING qmi_qmux_if_pwr_up_init failed! rc=-1
E/QMI_FW  (  359): QMUXD: WARNING qmi_qmux_if_pwr_up_init failed! rc=-1
D/StatusBar.NetworkController( 2053): hasService: mServiceState=1 1 home null null null  Unknown Unknown CSS not supported -1 -1 RoamInd=-1 DefRoamInd=-1 EmergOnly=false retVal=false
D/StatusBar.NetworkController( 2053): refreshViews: Data not connected!! Set no data type icon / Roaming
D/StatusBar.NetworkController( 2053): refreshViews connected={ wifi } level=0 combinedSignalIconId=0x7f020325/com.android.systemui:drawable/stat_sys_wifi_signal_4_fully combinedActivityIconId=0x0 mobileLabel= wifiLabel="wifi_ovh"xxxxXXXXxxxxXXXX emergencyOnly=false combinedLabel="wifi_ovh"xxxxXXXXxxxxXXXX mAirplaneMode=false mDataActivity=0 mPhoneSignalIconId=0x7f02030d/com.android.systemui:drawable/stat_sys_signal_null mQSPhoneSignalIconId=0x7f0200a3/com.android.systemui:drawable/ic_qs_signal_no_signal mDataDirectionIconId=0x0/(null) mDataSignalIconId=0x7f02030d/com.android.systemui:drawable/stat_sys_signal_null mDataTypeIconId=0x0/(null) mQSDataTypeIconId=0x0/(null) mNoSimIconId=0x0/(null) mWifiIconId=0x7f020325/com.android.systemui:drawable/stat_sys_wifi_signal_4_fully mQSWifiIconId=0x7f0200b3/com.android.systemui:drawable/ic_qs_wifi_full_4 mWifiActivityIconId=0x0/(null) mBluetoothTetherIconId=0x108069d/android:drawable/stat_sys_tether_bluetooth
D/StatusBar.NetworkController( 2053): refreshSignalCluster - setMobileDataIndicators:  mHasMobileDataFeature = true mPhoneSignalIconId = com.android.systemui:drawable/stat_sys_signal_null mDataSignalIconId = com.android.systemui:drawable/stat_sys_signal_null mMobileActivityIconId = (null) mDataTypeIconId = (null) mNoSimIconId = (null)
D/StatusBar.NetworkController( 2053): refreshSignalCluster - setMobileDataIndicators:  mHasMobileDataFeature = true mPhoneSignalIconId = com.android.systemui:drawable/stat_sys_signal_null mDataSignalIconId = com.android.systemui:drawable/stat_sys_signal_null mMobileActivityIconId = (null) mDataTypeIconId = (null) mNoSimIconId = (null)
D/StatusBar.NetworkController( 2053): refreshSignalCluster - setMobileDataIndicators:  mHasMobileDataFeature = true mPhoneSignalIconId = com.android.systemui:drawable/stat_sys_signal_null mDataSignalIconId = com.android.systemui:drawable/stat_sys_signal_null mMobileActivityIconId = (null) mDataTypeIconId = (null) mNoSimIconId = (null)
D/StatusBar.NetworkController( 2053): hasService: mServiceState=1 1 home null null null  Unknown Unknown CSS not supported -1 -1 RoamInd=-1 DefRoamInd=-1 EmergOnly=false retVal=false
D/StatusBar.NetworkController( 2053): refreshViews: Data not connected!! Set no data type icon / Roaming
D/StatusBar.NetworkController( 2053): refreshViews connected={ wifi } level=0 combinedSignalIconId=0x7f020323/com.android.systemui:drawable/stat_sys_wifi_signal_3_fully combinedActivityIconId=0x0 mobileLabel= wifiLabel="wifi_ovh"xxxxXXXXxxxxXXXX emergencyOnly=false combinedLabel="wifi_ovh"xxxxXXXXxxxxXXXX mAirplaneMode=false mDataActivity=0 mPhoneSignalIconId=0x7f02030d/com.android.systemui:drawable/stat_sys_signal_null mQSPhoneSignalIconId=0x7f0200a3/com.android.systemui:drawable/ic_qs_signal_no_signal mDataDirectionIconId=0x0/(null) mDataSignalIconId=0x7f02030d/com.android.systemui:drawable/stat_sys_signal_null mDataTypeIconId=0x0/(null) mQSDataTypeIconId=0x0/(null) mNoSimIconId=0x0/(null) mWifiIconId=0x7f020323/com.android.systemui:drawable/stat_sys_wifi_signal_3_fully mQSWifiIconId=0x7f0200b2/com.android.systemui:drawable/ic_qs_wifi_full_3 mWifiActivityIconId=0x0/(null) mBluetoothTetherIconId=0x108069d/android:drawable/stat_sys_tether_bluetooth
D/StatusBar.NetworkController( 2053): refreshSignalCluster - setMobileDataIndicators:  mHasMobileDataFeature = true mPhoneSignalIconId = com.android.systemui:drawable/stat_sys_signal_null mDataSignalIconId = com.android.systemui:drawable/stat_sys_signal_null mMobileActivityIconId = (null) mDataTypeIconId = (null) mNoSimIconId = (null)
D/StatusBar.NetworkController( 2053): refreshSignalCluster - setMobileDataIndicators:  mHasMobileDataFeature = true mPhoneSignalIconId = com.android.systemui:drawable/stat_sys_signal_null mDataSignalIconId = com.android.systemui:drawable/stat_sys_signal_null mMobileActivityIconId = (null) mDataTypeIconId = (null) mNoSimIconId = (null)
D/StatusBar.NetworkController( 2053): refreshSignalCluster - setMobileDataIndicators:  mHasMobileDataFeature = true mPhoneSignalIconId = com.android.systemui:drawable/stat_sys_signal_null mDataSignalIconId = com.android.systemui:drawable/stat_sys_signal_null mMobileActivityIconId = (null) mDataTypeIconId = (null) mNoSimIconId = (null)
E/QMI_FW  (  650): QMUXD: WARNING qmi_qmux_if_pwr_up_init failed! rc=-1
D/StatusBar.NetworkController( 2053): hasService: mServiceState=1 1 home null null null  Unknown Unknown CSS not supported -1 -1 RoamInd=-1 DefRoamInd=-1 EmergOnly=false retVal=false
D/StatusBar.NetworkController( 2053): refreshViews: Data not connected!! Set no data type icon / Roaming
D/StatusBar.NetworkController( 2053): refreshViews connected={ wifi } level=0 combinedSignalIconId=0x7f020325/com.android.systemui:drawable/stat_sys_wifi_signal_4_fully combinedActivityIconId=0x0 mobileLabel= wifiLabel="wifi_ovh"xxxxXXXXxxxxXXXX emergencyOnly=false combinedLabel="wifi_ovh"xxxxXXXXxxxxXXXX mAirplaneMode=false mDataActivity=0 mPhoneSignalIconId=0x7f02030d/com.android.systemui:drawable/stat_sys_signal_null mQSPhoneSignalIconId=0x7f0200a3/com.android.systemui:drawable/ic_qs_signal_no_signal mDataDirectionIconId=0x0/(null) mDataSignalIconId=0x7f02030d/com.android.systemui:drawable/stat_sys_signal_null mDataTypeIconId=0x0/(null) mQSDataTypeIconId=0x0/(null) mNoSimIconId=0x0/(null) mWifiIconId=0x7f020325/com.android.systemui:drawable/stat_sys_wifi_signal_4_fully mQSWifiIconId=0x7f0200b3/com.android.systemui:drawable/ic_qs_wifi_full_4 mWifiActivityIconId=0x0/(null) mBluetoothTetherIconId=0x108069d/android:drawable/stat_sys_tether_bluetooth
D/StatusBar.NetworkController( 2053): refreshSignalCluster - setMobileDataIndicators:  mHasMobileDataFeature = true mPhoneSignalIconId = com.android.systemui:drawable/stat_sys_signal_null mDataSignalIconId = com.android.systemui:drawable/stat_sys_signal_null mMobileActivityIconId = (null) mDataTypeIconId = (null) mNoSimIconId = (null)
D/StatusBar.NetworkController( 2053): refreshSignalCluster - setMobileDataIndicators:  mHasMobileDataFeature = true mPhoneSignalIconId = com.android.systemui:drawable/stat_sys_signal_null mDataSignalIconId = com.android.systemui:drawable/stat_sys_signal_null mMobileActivityIconId = (null) mDataTypeIconId = (null) mNoSimIconId = (null)
D/StatusBar.NetworkController( 2053): refreshSignalCluster - setMobileDataIndicators:  mHasMobileDataFeature = true mPhoneSignalIconId = com.android.systemui:drawable/stat_sys_signal_null mDataSignalIconId = com.android.systemui:drawable/stat_sys_signal_null mMobileActivityIconId = (null) mDataTypeIconId = (null) mNoSimIconId = (null)
V/MusicFXControlPanelReceiver( 2310): onReceive
V/MusicFXControlPanelReceiver( 2310): Action: android.media.action.CLOSE_AUDIO_EFFECT_CONTROL_SESSION
V/MusicFXControlPanelReceiver( 2310): Package name: com.android.music
V/MusicFXControlPanelReceiver( 2310): Audio session: 7
V/MusicFXControlPanelEffect( 2310): closeSession(android.app.ReceiverRestrictedContext@1ec2f937, com.android.music, 7)
D/NuPlayerDriver( 5761): reset(0xb8285e20)
D/NuPlayerDriver( 5761): notifyResetComplete(0xb8285e20)
D/NuPlayerDriver( 5761): reset(0xb8285e20)
I/MediaFocusControl(  650):  AudioFocus  abandonAudioFocus() from android.media.AudioManager@38d1d82fcom.android.music.MediaPlaybackService$3@4918e3c
E/WifiStateMachine(  650): WifiStateMachine CMD_START_SCAN source -2 txSuccessRate=0,00 rxSuccessRate=0,02 targetRoamBSSID=any RSSI=-55
I/wpa_supplicant( 3826): wlan0: CTRL-EVENT-SCAN-STARTED 
I/WifiHAL (  650): Poll result = 1
I/WifiHAL (  650): Found some events!!!
D/WifiHAL (  650): no_seq_check received
I/WifiHAL (  650): event received NL80211_CMD_TRIGGER_SCAN
I/WifiHAL (  650): event received NL80211_CMD_TRIGGER_SCAN, vendor_id = 0x0
I/WifiHAL (  650): event ignored!!
W/system_server(  650): type=1400 audit(0.0:49): avc: denied { ioctl } for path="/dev/lis3dh" dev="tmpfs" ino=2480 scontext=u:r:system_server:s0 tcontext=u:object_r:device:s0 tclass=chr_file
I/PowerManagerService(  650): Going to sleep due to screen timeout (uid 1000)...
I/PowerManagerService(  650): Sleeping (uid 1000)...
D/Sensors (  650): AccelerationSensor: Set Sensors state 0x0
I/WifiHAL (  650): Poll result = 1
I/WifiHAL (  650): Found some events!!!
D/WifiHAL (  650): no_seq_check received
I/WifiHAL (  650): event received NL80211_CMD_NEW_SCAN_RESULTS
I/WifiHAL (  650): event received NL80211_CMD_NEW_SCAN_RESULTS, vendor_id = 0x0
I/WifiHAL (  650): event ignored!!
D/wifi_gbk2utf(  650): parseScanResults, line=id=0
D/wifi_gbk2utf(  650):  
D/wifi_gbk2utf(  650): parseScanResults, line=bssid=a4:b1:e9:d9:75:03
D/wifi_gbk2utf(  650):  
D/wifi_gbk2utf(  650): parseScanResults, line=freq=2412
D/wifi_gbk2utf(  650):  
D/wifi_gbk2utf(  650): parseScanResults, line=level=-55
D/wifi_gbk2utf(  650):  
D/wifi_gbk2utf(  650): parseScanResults, line=tsf=0000000569439389
D/wifi_gbk2utf(  650):  
D/wifi_gbk2utf(  650): parseScanResults, line=flags=[WPA-PSK-TKIP][WPA2-PSK-CCMP][WPS][ESS]
D/wifi_gbk2utf(  650):  
D/wifi_gbk2utf(  650): parseScanResults, line=ssid=wifi_ovh
D/wifi_gbk2utf(  650):  
D/wifi_gbk2utf(  650): parseScanResults, ssid = wifi_ovh, buf = wifi_ovh,isUTF8= 0, isCh = 0
D/wifi_gbk2utf(  650): parseScanResults, line=#### 
E/audio_a2dp_hw( 5761): adev_set_parameters: ERROR: set param called even when stream out is null
E/native  (  650): do suspend true
I/DisplayManagerService(  650): Display device changed: DisplayDeviceInfo{"cran intgr": 720 x 1280, 60.0 fps, supportedRefreshRates [60.0], density 320, 326.571 x 328.404 dpi, appVsyncOff 0, presDeadline 17666667, touch INTERNAL, rotation 0, type BUILT_IN, state OFF, FLAG_DEFAULT_DISPLAY, FLAG_ROTATES_WITH_CONTENT, FLAG_SECURE, FLAG_SUPPORTS_PROTECTED_BUFFERS}
D/SurfaceFlinger(  206): Set power mode=0, type=0 flinger=0xb82765e0
V/ActivityManager(  650): Display changed displayId=0
D/qdhwcomposer(  206): hwc_blank: Blanking display: 0
I/qdhwcomposer(  206): handle_blank_event: dpy:0 panel power state: 0
D/qdhwcomposer(  206): hwc_blank: Done blanking display: 0
D/SurfaceControl(  650): Excessive delay in setPowerMode(): 291ms
I/QCOM PowerHAL(  650): Got set_interactive hint
D/PhoneStatusBar( 2053): disable: < expand ICONS* alerts SYSTEM_INFO* back home recent clock search >
D/BluetoothAdapter( 2053): 865735875: getState() :  mService = null. Returning STATE_OFF
D/BluetoothAdapter( 2053): 865735875: getState() :  mService = null. Returning STATE_OFF
D/BluetoothAdapter( 2053): 865735875: getState() :  mService = null. Returning STATE_OFF
D/BluetoothAdapter( 2053): 865735875: getState() :  mService = null. Returning STATE_OFF
W/Settings( 2053): Setting airplane_mode_on has moved from android.provider.Settings.System to android.provider.Settings.Global, returning read-only value.
D/PhoneStatusBar( 2053): disable: < expand ICONS alerts SYSTEM_INFO back HOME* RECENT* clock SEARCH* >
I/MDMCTBK (  268): NetlinkHandler, power_supply subsys
I/MDMCTBK (  268): NetlinkHandler, usbChargerStateChanged
I/MDMCTBK (  268): checkDefaultInst, current pid is = 268
I/MDMCTBK (  268): checkDefaultInst, pid match
I/MDMCTBK (  268): MdmCutbackHndler,readFromFile = /sys/class/power_supply/usb/online
I/MDMCTBK (  268): MdmCutbackHndler,readFromFile = 
E/MDMCTBK (  268): MdmCutbackHndler,Could not open ''
I/MDMCTBK (  268): NetlinkHandler, power_supply subsys
I/MDMCTBK (  268): NetlinkHandler, usbChargerStateChanged
I/MDMCTBK (  268): checkDefaultInst, current pid is = 268
I/MDMCTBK (  268): checkDefaultInst, pid match
I/MDMCTBK (  268): MdmCutbackHndler,readFromFile = /sys/class/power_supply/usb/online
I/MDMCTBK (  268): MdmCutbackHndler,readFromFile = 
E/MDMCTBK (  268): MdmCutbackHndler,Could not open ''
E/QMI_FW  (  268): QMUXD: WARNING qmi_qmux_if_pwr_up_init failed! rc=-1
I/MDMCTBK (  268): mot_sar_qmi_open qmi_client_get_service_list() returned -2, num_entries = 0, num_services = 0
E/MDMCTBK (  268): mot_sar_qmi_open doesn't find QMI service
I/MDMCTBK (  268): mot_sar_qmi_open waiting for QMI service to startup,try 4...
E/QMI_FW  (  359): QMUXD: WARNING qmi_qmux_if_pwr_up_init failed! rc=-1
E/QMI_FW  (  650): QMUXD: WARNING qmi_qmux_if_pwr_up_init failed! rc=-1
W/PowerManagerSer(  678): type=1400 audit(0.0:50): avc: denied { read } for name="lis3dh" dev="tmpfs" ino=2480 scontext=u:r:system_server:s0 tcontext=u:object_r:device:s0 tclass=chr_file
W/PowerManagerSer(  678): type=1400 audit(0.0:51): avc: denied { open } for name="lis3dh" dev="tmpfs" ino=2480 scontext=u:r:system_server:s0 tcontext=u:object_r:device:s0 tclass=chr_file
I/PowerManagerService(  650): Waking up from sleep (uid 1000)...
V/KeyguardServiceDelegate(  650): onScreenTurnedOn(showListener = com.android.internal.policy.impl.PhoneWindowManager$2@3e25503b)
I/DisplayPowerController(  650): Blocking screen on until initial contents have been drawn.
D/Sensors (  650): AccelerationSensor: Set Sensors state 0x1
D/Sensors (  650): AccelerationSensor: set delay 66
D/Sensors (  650): AccelerationSensor: set delay 66
E/audio_a2dp_hw( 5761): adev_set_parameters: ERROR: set param called even when stream out is null
I/QCOM PowerHAL(  650): Got set_interactive hint
D/SurfaceFlinger(  206): Set power mode=2, type=0 flinger=0xb82765e0
D/qdhwcomposer(  206): hwc_blank: Unblanking display: 0
I/DisplayManagerService(  650): Display device changed: DisplayDeviceInfo{"cran intgr": 720 x 1280, 60.0 fps, supportedRefreshRates [60.0], density 320, 326.571 x 328.404 dpi, appVsyncOff 0, presDeadline 17666667, touch INTERNAL, rotation 0, type BUILT_IN, state ON, FLAG_DEFAULT_DISPLAY, FLAG_ROTATES_WITH_CONTENT, FLAG_SECURE, FLAG_SUPPORTS_PROTECTED_BUFFERS}
V/ActivityManager(  650): Display changed displayId=0
E/native  (  650): do suspend false
D/Ulp_jni (  650): JNI:system_update. Event-0
D/Ulp_jni (  650): JNI:system_update. Event-0
V/KeyguardServiceDelegate(  650): **** SHOWN CALLED ****
D/StatusBar.NetworkController( 2053): hasService: mServiceState=1 1 home null null null  Unknown Unknown CSS not supported -1 -1 RoamInd=-1 DefRoamInd=-1 EmergOnly=false retVal=false
D/StatusBar.NetworkController( 2053): refreshViews: Data not connected!! Set no data type icon / Roaming
D/StatusBar.NetworkController( 2053): refreshViews connected={ wifi } level=0 combinedSignalIconId=0x7f020325/com.android.systemui:drawable/stat_sys_wifi_signal_4_fully combinedActivityIconId=0x7f02031a mobileLabel= wifiLabel="wifi_ovh"xxxxXXXXxxxxXXXX emergencyOnly=false combinedLabel="wifi_ovh"xxxxXXXXxxxxXXXX mAirplaneMode=false mDataActivity=0 mPhoneSignalIconId=0x7f02030d/com.android.systemui:drawable/stat_sys_signal_null mQSPhoneSignalIconId=0x7f0200a3/com.android.systemui:drawable/ic_qs_signal_no_signal mDataDirectionIconId=0x0/(null) mDataSignalIconId=0x7f02030d/com.android.systemui:drawable/stat_sys_signal_null mDataTypeIconId=0x0/(null) mQSDataTypeIconId=0x0/(null) mNoSimIconId=0x0/(null) mWifiIconId=0x7f020325/com.android.systemui:drawable/stat_sys_wifi_signal_4_fully mQSWifiIconId=0x7f0200b3/com.android.systemui:drawable/ic_qs_wifi_full_4 mWifiActivityIconId=0x7f02031a/com.android.systemui:drawable/stat_sys_wifi_inout mBluetoothTetherIconId=0x108069d/android:drawable/stat_sys_tether_bluetooth
D/StatusBar.NetworkController( 2053): refreshSignalCluster - setMobileDataIndicators:  mHasMobileDataFeature = true mPhoneSignalIconId = com.android.systemui:drawable/stat_sys_signal_null mDataSignalIconId = com.android.systemui:drawable/stat_sys_signal_null mMobileActivityIconId = (null) mDataTypeIconId = (null) mNoSimIconId = (null)
D/StatusBar.NetworkController( 2053): refreshSignalCluster - setMobileDataIndicators:  mHasMobileDataFeature = true mPhoneSignalIconId = com.android.systemui:drawable/stat_sys_signal_null mDataSignalIconId = com.android.systemui:drawable/stat_sys_signal_null mMobileActivityIconId = (null) mDataTypeIconId = (null) mNoSimIconId = (null)
D/StatusBar.NetworkController( 2053): refreshSignalCluster - setMobileDataIndicators:  mHasMobileDataFeature = true mPhoneSignalIconId = com.android.systemui:drawable/stat_sys_signal_null mDataSignalIconId = com.android.systemui:drawable/stat_sys_signal_null mMobileActivityIconId = (null) mDataTypeIconId = (null) mNoSimIconId = (null)
D/StatusBar.NetworkController( 2053): changing data overlay icon id to 2130838298
D/StatusBar.NetworkController( 2053): hasService: mServiceState=1 1 home null null null  Unknown Unknown CSS not supported -1 -1 RoamInd=-1 DefRoamInd=-1 EmergOnly=false retVal=false
D/StatusBar.NetworkController( 2053): refreshViews: Data not connected!! Set no data type icon / Roaming
D/StatusBar.NetworkController( 2053): refreshViews connected={ wifi } level=0 combinedSignalIconId=0x7f020323/com.android.systemui:drawable/stat_sys_wifi_signal_3_fully combinedActivityIconId=0x7f02031a mobileLabel= wifiLabel="wifi_ovh"xxxxXXXXxxxxXXXX emergencyOnly=false combinedLabel="wifi_ovh"xxxxXXXXxxxxXXXX mAirplaneMode=false mDataActivity=0 mPhoneSignalIconId=0x7f02030d/com.android.systemui:drawable/stat_sys_signal_null mQSPhoneSignalIconId=0x7f0200a3/com.android.systemui:drawable/ic_qs_signal_no_signal mDataDirectionIconId=0x0/(null) mDataSignalIconId=0x7f02030d/com.android.systemui:drawable/stat_sys_signal_null mDataTypeIconId=0x0/(null) mQSDataTypeIconId=0x0/(null) mNoSimIconId=0x0/(null) mWifiIconId=0x7f020323/com.android.systemui:drawable/stat_sys_wifi_signal_3_fully mQSWifiIconId=0x7f0200b2/com.android.systemui:drawable/ic_qs_wifi_full_3 mWifiActivityIconId=0x7f02031a/com.android.systemui:drawable/stat_sys_wifi_inout mBluetoothTetherIconId=0x108069d/android:drawable/stat_sys_tether_bluetooth
D/StatusBar.NetworkController( 2053): refreshSignalCluster - setMobileDataIndicators:  mHasMobileDataFeature = true mPhoneSignalIconId = com.android.systemui:drawable/stat_sys_signal_null mDataSignalIconId = com.android.systemui:drawable/stat_sys_signal_null mMobileActivityIconId = (null) mDataTypeIconId = (null) mNoSimIconId = (null)
D/StatusBar.NetworkController( 2053): refreshSignalCluster - setMobileDataIndicators:  mHasMobileDataFeature = true mPhoneSignalIconId = com.android.systemui:drawable/stat_sys_signal_null mDataSignalIconId = com.android.systemui:drawable/stat_sys_signal_null mMobileActivityIconId = (null) mDataTypeIconId = (null) mNoSimIconId = (null)
D/StatusBar.NetworkController( 2053): refreshSignalCluster - setMobileDataIndicators:  mHasMobileDataFeature = true mPhoneSignalIconId = com.android.systemui:drawable/stat_sys_signal_null mDataSignalIconId = com.android.systemui:drawable/stat_sys_signal_null mMobileActivityIconId = (null) mDataTypeIconId = (null) mNoSimIconId = (null)
I/WifiHAL (  650): Poll result = 1
I/WifiHAL (  650): Found some events!!!
D/WifiHAL (  650): no_seq_check received
I/WifiHAL (  650): event received NL80211_CMD_SET_REKEY_OFFLOAD
I/WifiHAL (  650): event received NL80211_CMD_SET_REKEY_OFFLOAD, vendor_id = 0x0
I/WifiHAL (  650): event ignored!!
E/WifiStateMachine(  650): WifiStateMachine CMD_START_SCAN source -2 txSuccessRate=0,00 rxSuccessRate=0,00 targetRoamBSSID=any RSSI=-56
I/wpa_supplicant( 3826): wlan0: CTRL-EVENT-SCAN-STARTED 
I/WifiHAL (  650): Poll result = 1
I/WifiHAL (  650): Found some events!!!
