D/WifiHAL (  650): no_seq_check received
I/WifiHAL (  650): event received NL80211_CMD_TRIGGER_SCAN
I/WifiHAL (  650): event received NL80211_CMD_TRIGGER_SCAN, vendor_id = 0x0
I/WifiHAL (  650): event ignored!!
I/qdhwcomposer(  206): handle_blank_event: dpy:0 panel power state: 1
D/qdhwcomposer(  206): hwc_blank: Done unblanking display: 0
D/SurfaceControl(  650): Excessive delay in setPowerMode(): 230ms
I/DisplayPowerController(  650): Unblocked screen on after 263 ms
D/PhoneStatusBar( 2053): disable: < expand ICONS alerts SYSTEM_INFO back HOME RECENT clock SEARCH >
W/AudioPolicyManager( 5761): getOutput() could not find output for stream 1, samplingRate 0,format 0, channels 3, flags 0
W/AudioPolicyManager( 5761): getOutput() could not find output for stream 1, samplingRate 0,format 0, channels 3, flags 0
D/AudioTrack( 2053): TrackOffload: AudioTrack Offload disabled by property, returning false
W/AudioPolicyManager( 5761): getOutput() could not find output for stream 1, samplingRate 44100,format 1, channels 3, flags 4
E/AudioTrack( 2053): Could not get audio output for stream type 1, usage 13, sample rate 44100, format 0x1, channel mask 0x3, flags 0x4
E/SoundPool( 2053): Error creating AudioTrack
D/PhoneStatusBar( 2053): disable: < expand icons* alerts system_info* back HOME RECENT clock SEARCH >
V/ActivityManager(  650): Display changed displayId=0
D/Launcher( 1173): Broadcasting Home Idle Screen Intent ...
D/PhoneApp( 1151): getPhone phoneId:0
I/Timeline( 1173): Timeline: Activity_idle id: android.os.BinderProxy@d32fd42 time:636877
W/InputMethodManagerService(  650): Window already focused, ignoring focus gain of: com.android.internal.view.IInputMethodClient$Stub$Proxy@204bd7f7 attribute=android.view.inputmethod.EditorInfo@1c226664, token = android.os.BinderProxy@d205f4
D/PhoneStatusBar( 2053): disable: < expand icons alerts system_info back home* recent* clock search* >
D/StatusBar.NetworkController( 2053): hasService: mServiceState=1 1 home null null null  Unknown Unknown CSS not supported -1 -1 RoamInd=-1 DefRoamInd=-1 EmergOnly=false retVal=false
D/StatusBar.NetworkController( 2053): refreshViews: Data not connected!! Set no data type icon / Roaming
D/StatusBar.NetworkController( 2053): refreshViews connected={ wifi } level=0 combinedSignalIconId=0x7f020323/com.android.systemui:drawable/stat_sys_wifi_signal_3_fully combinedActivityIconId=0x0 mobileLabel= wifiLabel="wifi_ovh"xxxxXXXXxxxxXXXX emergencyOnly=false combinedLabel="wifi_ovh"xxxxXXXXxxxxXXXX mAirplaneMode=false mDataActivity=0 mPhoneSignalIconId=0x7f02030d/com.android.systemui:drawable/stat_sys_signal_null mQSPhoneSignalIconId=0x7f0200a3/com.android.systemui:drawable/ic_qs_signal_no_signal mDataDirectionIconId=0x0/(null) mDataSignalIconId=0x7f02030d/com.android.systemui:drawable/stat_sys_signal_null mDataTypeIconId=0x0/(null) mQSDataTypeIconId=0x0/(null) mNoSimIconId=0x0/(null) mWifiIconId=0x7f020323/com.android.systemui:drawable/stat_sys_wifi_signal_3_fully mQSWifiIconId=0x7f0200b2/com.android.systemui:drawable/ic_qs_wifi_full_3 mWifiActivityIconId=0x0/(null) mBluetoothTetherIconId=0x108069d/android:drawable/stat_sys_tether_bluetooth
D/StatusBar.NetworkController( 2053): refreshSignalCluster - setMobileDataIndicators:  mHasMobileDataFeature = true mPhoneSignalIconId = com.android.systemui:drawable/stat_sys_signal_null mDataSignalIconId = com.android.systemui:drawable/stat_sys_signal_null mMobileActivityIconId = (null) mDataTypeIconId = (null) mNoSimIconId = (null)
D/StatusBar.NetworkController( 2053): refreshSignalCluster - setMobileDataIndicators:  mHasMobileDataFeature = true mPhoneSignalIconId = com.android.systemui:drawable/stat_sys_signal_null mDataSignalIconId = com.android.systemui:drawable/stat_sys_signal_null mMobileActivityIconId = (null) mDataTypeIconId = (null) mNoSimIconId = (null)
D/StatusBar.NetworkController( 2053): refreshSignalCluster - setMobileDataIndicators:  mHasMobileDataFeature = true mPhoneSignalIconId = com.android.systemui:drawable/stat_sys_signal_null mDataSignalIconId = com.android.systemui:drawable/stat_sys_signal_null mMobileActivityIconId = (null) mDataTypeIconId = (null) mNoSimIconId = (null)
D/StatusBar.NetworkController( 2053): changing data overlay icon id to 0
I/WifiHAL (  650): Poll result = 1
I/WifiHAL (  650): Found some events!!!
D/WifiHAL (  650): no_seq_check received
I/WifiHAL (  650): event received NL80211_CMD_NEW_SCAN_RESULTS
I/WifiHAL (  650): event received NL80211_CMD_NEW_SCAN_RESULTS, vendor_id = 0x0
I/WifiHAL (  650): event ignored!!
D/wifi_gbk2utf(  650): parseScanResults, line=id=0
D/wifi_gbk2utf(  650):  
D/wifi_gbk2utf(  650): parseScanResults, line=bssid=a4:b1:e9:d9:75:03
D/wifi_gbk2utf(  650):  
D/wifi_gbk2utf(  650): parseScanResults, line=freq=2412
D/wifi_gbk2utf(  650):  
D/wifi_gbk2utf(  650): parseScanResults, line=level=-56
D/wifi_gbk2utf(  650):  
D/wifi_gbk2utf(  650): parseScanResults, line=tsf=0000000637370205
D/wifi_gbk2utf(  650):  
D/wifi_gbk2utf(  650): parseScanResults, line=flags=[WPA-PSK-TKIP][WPA2-PSK-CCMP][WPS][ESS]
D/wifi_gbk2utf(  650):  
D/wifi_gbk2utf(  650): parseScanResults, line=ssid=wifi_ovh
D/wifi_gbk2utf(  650):  
D/wifi_gbk2utf(  650): parseScanResults, ssid = wifi_ovh, buf = wifi_ovh,isUTF8= 0, isCh = 0
D/wifi_gbk2utf(  650): parseScanResults, line=#### 
I/wpa_supplicant( 3826): wlan0: WPA: Group rekeying completed with a4:b1:e9:d9:75:03 [GTK=TKIP]
D/wifi_gbk2utf(  650): constructEventSsid, SSID = wifi_ovh
D/wifi_gbk2utf(  650): constructEventSsid, SSID = wifi_ovh
E/WifiStateMachine(  650): WifiStateMachine CMD_START_SCAN source -2 txSuccessRate=0,02 rxSuccessRate=0,02 targetRoamBSSID=any RSSI=-58
E/WifiStateMachine(  650): WifiStateMachine starting scan for "wifi_ovh"WPA_PSK with 2412
I/wpa_supplicant( 3826): wlan0: CTRL-EVENT-SCAN-STARTED 
I/WifiHAL (  650): Poll result = 1
I/WifiHAL (  650): Found some events!!!
D/WifiHAL (  650): no_seq_check received
I/WifiHAL (  650): event received NL80211_CMD_TRIGGER_SCAN
I/WifiHAL (  650): event received NL80211_CMD_TRIGGER_SCAN, vendor_id = 0x0
I/WifiHAL (  650): event ignored!!
I/WifiHAL (  650): Poll result = 1
I/WifiHAL (  650): Found some events!!!
D/WifiHAL (  650): no_seq_check received
I/WifiHAL (  650): event received NL80211_CMD_NEW_SCAN_RESULTS
I/WifiHAL (  650): event received NL80211_CMD_NEW_SCAN_RESULTS, vendor_id = 0x0
I/WifiHAL (  650): event ignored!!
D/wifi_gbk2utf(  650): parseScanResults, line=id=0
D/wifi_gbk2utf(  650):  
D/wifi_gbk2utf(  650): parseScanResults, line=bssid=a4:b1:e9:d9:75:03
D/wifi_gbk2utf(  650):  
D/wifi_gbk2utf(  650): parseScanResults, line=freq=2412
D/wifi_gbk2utf(  650):  
D/wifi_gbk2utf(  650): parseScanResults, line=level=-58
D/wifi_gbk2utf(  650):  
D/wifi_gbk2utf(  650): parseScanResults, line=tsf=0000000656310636
D/wifi_gbk2utf(  650):  
D/wifi_gbk2utf(  650): parseScanResults, line=flags=[WPA-PSK-TKIP][WPA2-PSK-CCMP][WPS][ESS]
D/wifi_gbk2utf(  650):  
D/wifi_gbk2utf(  650): parseScanResults, line=ssid=wifi_ovh
D/wifi_gbk2utf(  650):  
D/wifi_gbk2utf(  650): parseScanResults, ssid = wifi_ovh, buf = wifi_ovh,isUTF8= 0, isCh = 0
D/wifi_gbk2utf(  650): parseScanResults, line=#### 
D/PhoneStatusBar( 2053): disable: < expand ICONS* alerts SYSTEM_INFO* back home recent clock search >
D/BluetoothAdapter( 2053): 865735875: getState() :  mService = null. Returning STATE_OFF
D/BluetoothAdapter( 2053): 865735875: getState() :  mService = null. Returning STATE_OFF
D/BluetoothAdapter( 2053): 865735875: getState() :  mService = null. Returning STATE_OFF
D/BluetoothAdapter( 2053): 865735875: getState() :  mService = null. Returning STATE_OFF
D/StatusBar.NetworkController( 2053): hasService: mServiceState=1 1 home null null null  Unknown Unknown CSS not supported -1 -1 RoamInd=-1 DefRoamInd=-1 EmergOnly=false retVal=false
D/StatusBar.NetworkController( 2053): refreshViews: Data not connected!! Set no data type icon / Roaming
D/StatusBar.NetworkController( 2053): refreshViews connected={ wifi } level=0 combinedSignalIconId=0x7f020323/com.android.systemui:drawable/stat_sys_wifi_signal_3_fully combinedActivityIconId=0x7f020319 mobileLabel= wifiLabel="wifi_ovh"xxxxXXXXxxxxXXXX emergencyOnly=false combinedLabel="wifi_ovh"xxxxXXXXxxxxXXXX mAirplaneMode=false mDataActivity=0 mPhoneSignalIconId=0x7f02030d/com.android.systemui:drawable/stat_sys_signal_null mQSPhoneSignalIconId=0x7f0200a3/com.android.systemui:drawable/ic_qs_signal_no_signal mDataDirectionIconId=0x0/(null) mDataSignalIconId=0x7f02030d/com.android.systemui:drawable/stat_sys_signal_null mDataTypeIconId=0x0/(null) mQSDataTypeIconId=0x0/(null) mNoSimIconId=0x0/(null) mWifiIconId=0x7f020323/com.android.systemui:drawable/stat_sys_wifi_signal_3_fully mQSWifiIconId=0x7f0200b2/com.android.systemui:drawable/ic_qs_wifi_full_3 mWifiActivityIconId=0x7f020319/com.android.systemui:drawable/stat_sys_wifi_in mBluetoothTetherIconId=0x108069d/android:drawable/stat_sys_tether_bluetooth
D/StatusBar.NetworkController( 2053): refreshSignalCluster - setMobileDataIndicators:  mHasMobileDataFeature = true mPhoneSignalIconId = com.android.systemui:drawable/stat_sys_signal_null mDataSignalIconId = com.android.systemui:drawable/stat_sys_signal_null mMobileActivityIconId = (null) mDataTypeIconId = (null) mNoSimIconId = (null)
D/StatusBar.NetworkController( 2053): refreshSignalCluster - setMobileDataIndicators:  mHasMobileDataFeature = true mPhoneSignalIconId = com.android.systemui:drawable/stat_sys_signal_null mDataSignalIconId = com.android.systemui:drawable/stat_sys_signal_null mMobileActivityIconId = (null) mDataTypeIconId = (null) mNoSimIconId = (null)
D/StatusBar.NetworkController( 2053): refreshSignalCluster - setMobileDataIndicators:  mHasMobileDataFeature = true mPhoneSignalIconId = com.android.systemui:drawable/stat_sys_signal_null mDataSignalIconId = com.android.systemui:drawable/stat_sys_signal_null mMobileActivityIconId = (null) mDataTypeIconId = (null) mNoSimIconId = (null)
D/StatusBar.NetworkController( 2053): changing data overlay icon id to 2130838297
D/StatusBar.NetworkController( 2053): hasService: mServiceState=1 1 home null null null  Unknown Unknown CSS not supported -1 -1 RoamInd=-1 DefRoamInd=-1 EmergOnly=false retVal=false
D/StatusBar.NetworkController( 2053): refreshViews: Data not connected!! Set no data type icon / Roaming
D/StatusBar.NetworkController( 2053): refreshViews connected={ wifi } level=0 combinedSignalIconId=0x7f020323/com.android.systemui:drawable/stat_sys_wifi_signal_3_fully combinedActivityIconId=0x0 mobileLabel= wifiLabel="wifi_ovh"xxxxXXXXxxxxXXXX emergencyOnly=false combinedLabel="wifi_ovh"xxxxXXXXxxxxXXXX mAirplaneMode=false mDataActivity=0 mPhoneSignalIconId=0x7f02030d/com.android.systemui:drawable/stat_sys_signal_null mQSPhoneSignalIconId=0x7f0200a3/com.android.systemui:drawable/ic_qs_signal_no_signal mDataDirectionIconId=0x0/(null) mDataSignalIconId=0x7f02030d/com.android.systemui:drawable/stat_sys_signal_null mDataTypeIconId=0x0/(null) mQSDataTypeIconId=0x0/(null) mNoSimIconId=0x0/(null) mWifiIconId=0x7f020323/com.android.systemui:drawable/stat_sys_wifi_signal_3_fully mQSWifiIconId=0x7f0200b2/com.android.systemui:drawable/ic_qs_wifi_full_3 mWifiActivityIconId=0x0/(null) mBluetoothTetherIconId=0x108069d/android:drawable/stat_sys_tether_bluetooth
D/StatusBar.NetworkController( 2053): refreshSignalCluster - setMobileDataIndicators:  mHasMobileDataFeature = true mPhoneSignalIconId = com.android.systemui:drawable/stat_sys_signal_null mDataSignalIconId = com.android.systemui:drawable/stat_sys_signal_null mMobileActivityIconId = (null) mDataTypeIconId = (null) mNoSimIconId = (null)
D/StatusBar.NetworkController( 2053): refreshSignalCluster - setMobileDataIndicators:  mHasMobileDataFeature = true mPhoneSignalIconId = com.android.systemui:drawable/stat_sys_signal_null mDataSignalIconId = com.android.systemui:drawable/stat_sys_signal_null mMobileActivityIconId = (null) mDataTypeIconId = (null) mNoSimIconId = (null)
D/StatusBar.NetworkController( 2053): refreshSignalCluster - setMobileDataIndicators:  mHasMobileDataFeature = true mPhoneSignalIconId = com.android.systemui:drawable/stat_sys_signal_null mDataSignalIconId = com.android.systemui:drawable/stat_sys_signal_null mMobileActivityIconId = (null) mDataTypeIconId = (null) mNoSimIconId = (null)
D/StatusBar.NetworkController( 2053): changing data overlay icon id to 0
W/AudioPolicyManager( 5761): getOutput() could not find output for stream 1, samplingRate 0,format 0, channels 3, flags 0
W/AudioPolicyManager( 5761): getOutput() could not find output for stream 1, samplingRate 0,format 0, channels 3, flags 0
D/AudioTrack(  650): TrackOffload: AudioTrack Offload disabled by property, returning false
W/AudioPolicyManager( 5761): getOutput() could not find output for stream 1, samplingRate 48000,format 1, channels 3, flags 4
E/AudioTrack(  650): Could not get audio output for stream type 1, usage 13, sample rate 48000, format 0x1, channel mask 0x3, flags 0x4
E/SoundPool(  650): Error creating AudioTrack
W/InputMethodManagerService(  650): Window already focused, ignoring focus gain of: com.android.internal.view.IInputMethodClient$Stub$Proxy@20ecace7 attribute=null, token = android.os.BinderProxy@d205f4
I/ActivityManager(  650): START u0 {flg=0x14000000 cmp=com.android.settings/.Settings$DataUsageSummaryActivity} from uid 10015 on display 0
I/ActivityManager(  650): Start proc com.android.settings for activity com.android.settings/.Settings$DataUsageSummaryActivity: pid=6249 uid=1000 gids={41000, 9997, 1028, 1015, 3002, 3001, 3003, 1021, 3004, 3005, 1000, 3009, 1023, 1010} abi=armeabi-v7a
D/PhoneStatusBar( 2053): disable: < expand icons* alerts system_info* back home recent clock search >
D/OpenGLRenderer( 6249): Render dirty regions requested: true
D/Atlas   ( 6249): Validating map...
I/Adreno-EGL( 6249): <qeglDrvAPI_eglInitialize:410>: EGL 1.4 QUALCOMM build: Nondeterministic_AU_msm8974_LA.BF.1.1.1_RB1__release_AU ()
I/Adreno-EGL( 6249): OpenGL ES Shader Compiler Version: E031.25.03.00
I/Adreno-EGL( 6249): Build Date: 12/11/14 Thu
I/Adreno-EGL( 6249): Local Branch: mybranch6275889
I/Adreno-EGL( 6249): Remote Branch: quic/LA.BF.1.1_rb1.16
I/Adreno-EGL( 6249): Local Patches: NONE
I/Adreno-EGL( 6249): Reconstruct Branch: NOTHING
I/OpenGLRenderer( 6249): Initialized EGL, version 1.4
D/OpenGLRenderer( 6249): Enabling debug mode 0
I/ActivityManager(  650): Displayed com.android.settings/.Settings$DataUsageSummaryActivity: +1s80ms
I/Timeline(  650): Timeline: Activity_windows_visible id: ActivityRecord{31e3094 u0 com.android.settings/.Settings$DataUsageSummaryActivity t13} time:662983
I/Timeline( 6249): Timeline: Activity_idle id: android.os.BinderProxy@26e81084 time:663025
W/AudioPolicyManager( 5761): getOutput() could not find output for stream 1, samplingRate 0,format 0, channels 3, flags 0
W/AudioPolicyManager( 5761): getOutput() could not find output for stream 1, samplingRate 0,format 0, channels 3, flags 0
D/AudioTrack(  650): TrackOffload: AudioTrack Offload disabled by property, returning false
W/AudioPolicyManager( 5761): getOutput() could not find output for stream 1, samplingRate 48000,format 1, channels 3, flags 4
E/AudioTrack(  650): Could not get audio output for stream type 1, usage 13, sample rate 48000, format 0x1, channel mask 0x3, flags 0x4
E/SoundPool(  650): Error creating AudioTrack
D/Launcher( 1173): Broadcasting Home Idle Screen Intent ...
D/PhoneApp( 1151): getPhone phoneId:0
I/Timeline( 1173): Timeline: Activity_idle id: android.os.BinderProxy@d32fd42 time:664750
I/ActivityManager(  650): Killing 1829:com.qualcomm.timeservice/u0a50 (adj 15): empty #17
I/Timeline(  650): Timeline: Activity_windows_visible id: ActivityRecord{895b82 u0 com.android.launcher/com.android.launcher2.Launcher t6} time:665017
W/libprocessgroup(  650): failed to open /acct/uid_10050/pid_1829/cgroup.procs: No such file or directory
W/OpenGLRenderer( 1173): Incorrectly called buildLayer on View: ShortcutAndWidgetContainer, destroying layer...
W/OpenGLRenderer( 1173): Incorrectly called buildLayer on View: ShortcutAndWidgetContainer, destroying layer...
E/QMI_FW  (  268): QMUXD: WARNING qmi_qmux_if_pwr_up_init failed! rc=-1
E/QMI_FW  (  359): QMUXD: WARNING qmi_qmux_if_pwr_up_init failed! rc=-1
W/rild    (  363): type=1400 audit(0.0:52): avc: denied { search } for name="usb" dev="sysfs" ino=14088 scontext=u:r:rild:s0 tcontext=u:object_r:sysfs_usb_supply:s0 tclass=dir
W/rild    (  363): type=1400 audit(0.0:53): avc: denied { read } for name="online" dev="sysfs" ino=14095 scontext=u:r:rild:s0 tcontext=u:object_r:sysfs_usb_supply:s0 tclass=file
W/rild    (  363): type=1400 audit(0.0:54): avc: denied { open } for name="online" dev="sysfs" ino=14095 scontext=u:r:rild:s0 tcontext=u:object_r:sysfs_usb_supply:s0 tclass=file
I/MDMCTBK (  268): NetlinkHandler, power_supply subsys
I/MDMCTBK (  268): NetlinkHandler, usbChargerStateChanged
I/MDMCTBK (  268): checkDefaultInst, current pid is = 268
I/MDMCTBK (  268): checkDefaultInst, pid match
I/MDMCTBK (  268): MdmCutbackHndler,readFromFile = /sys/class/power_supply/usb/online
I/MDMCTBK (  268): MdmCutbackHndler,readFromFile = 
E/MDMCTBK (  268): MdmCutbackHndler,Could not open ''
I/MDMCTBK (  268): NetlinkHandler, power_supply subsys
I/MDMCTBK (  268): NetlinkHandler, usbChargerStateChanged
I/MDMCTBK (  268): checkDefaultInst, current pid is = 268
I/MDMCTBK (  268): checkDefaultInst, pid match
I/MDMCTBK (  268): MdmCutbackHndler,readFromFile = /sys/class/power_supply/usb/online
I/MDMCTBK (  268): MdmCutbackHndler,usb, new_state =1
I/MDMCTBK (  268): MdmCutbackHndler Status: Qmi =1, cg=0, ep=0, vc=0, dc=0, cn=0, wf=0, mf=0, wfd=0, apm=1, usb=1, stopqmi=0
I/MDMCTBK (  268): set_property_value, Enter
I/MDMCTBK (  268): set_property_value, Values updated in the property=1,0,0,0,0,0,0,0,0,1,1,0
I/MDMCTBK (  268): set_property_value, Values updated in the property file Successfully
I/MDMCTBK (  268): set_property_value, Exit
E/MDMCTBK (  268): MdmCutbackHndler,Airplane Mode Enabled !! =1
I/MDMCTBK (  268): MdmCutbackHndler,readFromFile = 
E/MDMCTBK (  268): MdmCutbackHndler,Could not open ''
I/MDMCTBK (  268): NetlinkHandler, power_supply subsys
I/MDMCTBK (  268): NetlinkHandler, usbChargerStateChanged
I/MDMCTBK (  268): checkDefaultInst, current pid is = 268
I/MDMCTBK (  268): checkDefaultInst, pid match
I/MDMCTBK (  268): MdmCutbackHndler,readFromFile = /sys/class/power_supply/usb/online
I/MDMCTBK (  268): MdmCutbackHndler,readFromFile = 
E/MDMCTBK (  268): MdmCutbackHndler,Could not open ''
I/MDMCTBK (  268): NetlinkHandler, power_supply subsys
I/MDMCTBK (  268): NetlinkHandler, usbChargerStateChanged
I/MDMCTBK (  268): checkDefaultInst, current pid is = 268
I/MDMCTBK (  268): checkDefaultInst, pid match
I/MDMCTBK (  268): MdmCutbackHndler,readFromFile = /sys/class/power_supply/usb/online
I/MDMCTBK (  268): MdmCutbackHndler,readFromFile = 
E/MDMCTBK (  268): MdmCutbackHndler,Could not open ''
I/MDMCTBK (  268): NetlinkHandler, power_supply subsys
I/MDMCTBK (  268): NetlinkHandler, usbChargerStateChanged
I/MDMCTBK (  268): checkDefaultInst, current pid is = 268
I/MDMCTBK (  268): checkDefaultInst, pid match
I/MDMCTBK (  268): MdmCutbackHndler,readFromFile = /sys/class/power_supply/usb/online
I/MDMCTBK (  268): MdmCutbackHndler,readFromFile = 
E/MDMCTBK (  268): MdmCutbackHndler,Could not open ''
I/EntropyMixer(  650): Writing entropy...
D/Ulp_jni (  650): JNI:system_update. Event-2
D/LBSSystemMonitorService(  650): handleMessage what - 8
D/DeviceContext(  650): handleMessage what - 1
D/Ulp_jni (  650): JNI:system_update. Event-2
E/LocSvc_libulp(  650): W/int ulp_brain_select_providers(), return when ulp_started = 0, phone context_type = 0x0
E/LocSvc_libulp(  650): ,
E/LocSvc_libulp(  650): W/int ulp_brain_select_providers(), return when ulp_started = 0, phone context_type = 0x0
E/LocSvc_libulp(  650): ,
I/ValidateNoPeople(  650): skipping global notification
I/ValidateNoPeople(  650): skipping global notification
D/MtpService(  823): updating state; isCurrentUser=true, mMtpLocked=false
D/MtpService(  823): updating state; isCurrentUser=true, mMtpLocked=false
D/MtpService(  823): starting MTP server in MTP mode
D/StatusBar.NetworkController( 2053): hasService: mServiceState=1 1 home null null null  Unknown Unknown CSS not supported -1 -1 RoamInd=-1 DefRoamInd=-1 EmergOnly=false retVal=false
D/StatusBar.NetworkController( 2053): refreshViews: Data not connected!! Set no data type icon / Roaming
D/StatusBar.NetworkController( 2053): refreshViews connected={ wifi } level=0 combinedSignalIconId=0x7f020323/com.android.systemui:drawable/stat_sys_wifi_signal_3_fully combinedActivityIconId=0x7f020319 mobileLabel= wifiLabel="wifi_ovh"xxxxXXXXxxxxXXXX emergencyOnly=false combinedLabel="wifi_ovh"xxxxXXXXxxxxXXXX mAirplaneMode=false mDataActivity=0 mPhoneSignalIconId=0x7f02030d/com.android.systemui:drawable/stat_sys_signal_null mQSPhoneSignalIconId=0x7f0200a3/com.android.systemui:drawable/ic_qs_signal_no_signal mDataDirectionIconId=0x0/(null) mDataSignalIconId=0x7f02030d/com.android.systemui:drawable/stat_sys_signal_null mDataTypeIconId=0x0/(null) mQSDataTypeIconId=0x0/(null) mNoSimIconId=0x0/(null) mWifiIconId=0x7f020323/com.android.systemui:drawable/stat_sys_wifi_signal_3_fully mQSWifiIconId=0x7f0200b2/com.android.systemui:drawable/ic_qs_wifi_full_3 mWifiActivityIconId=0x7f020319/com.android.systemui:drawable/stat_sys_wifi_in mBluetoothTetherIconId=0x108069d/android:drawable/stat_sys_tether_bluetooth
D/StatusBar.NetworkController( 2053): refreshSignalCluster - setMobileDataIndicators:  mHasMobileDataFeature = true mPhoneSignalIconId = com.android.systemui:drawable/stat_sys_signal_null mDataSignalIconId = com.android.systemui:drawable/stat_sys_signal_null mMobileActivityIconId = (null) mDataTypeIconId = (null) mNoSimIconId = (null)
D/StatusBar.NetworkController( 2053): refreshSignalCluster - setMobileDataIndicators:  mHasMobileDataFeature = true mPhoneSignalIconId = com.android.systemui:drawable/stat_sys_signal_null mDataSignalIconId = com.android.systemui:drawable/stat_sys_signal_null mMobileActivityIconId = (null) mDataTypeIconId = (null) mNoSimIconId = (null)
D/StatusBar.NetworkController( 2053): refreshSignalCluster - setMobileDataIndicators:  mHasMobileDataFeature = true mPhoneSignalIconId = com.android.systemui:drawable/stat_sys_signal_null mDataSignalIconId = com.android.systemui:drawable/stat_sys_signal_null mMobileActivityIconId = (null) mDataTypeIconId = (null) mNoSimIconId = (null)
D/StatusBar.NetworkController( 2053): changing data overlay icon id to 2130838297
E/WifiStateMachine(  650): WifiStateMachine CMD_START_SCAN source -2 txSuccessRate=0,00 rxSuccessRate=4,03 targetRoamBSSID=any RSSI=-62
I/wpa_supplicant( 3826): wlan0: CTRL-EVENT-SCAN-STARTED 
I/WifiHAL (  650): Poll result = 1
I/WifiHAL (  650): Found some events!!!
D/WifiHAL (  650): no_seq_check received
I/WifiHAL (  650): event received NL80211_CMD_TRIGGER_SCAN
I/WifiHAL (  650): event received NL80211_CMD_TRIGGER_SCAN, vendor_id = 0x0
I/WifiHAL (  650): event ignored!!
I/art     (  650): Explicit concurrent mark sweep GC freed 62825(3MB) AllocSpace objects, 14(2MB) LOS objects, 33% free, 17MB/25MB, paused 1.552ms total 91.413ms
I/art     (  650): Explicit concurrent mark sweep GC freed 7580(343KB) AllocSpace objects, 1(36KB) LOS objects, 33% free, 16MB/25MB, paused 1.542ms total 70.569ms
I/art     (  823): Explicit concurrent mark sweep GC freed 8914(510KB) AllocSpace objects, 0(0B) LOS objects, 24% free, 7MB/9MB, paused 596us total 32.805ms
I/art     (  650): Explicit concurrent mark sweep GC freed 3270(112KB) AllocSpace objects, 0(0B) LOS objects, 33% free, 16MB/25MB, paused 1.512ms total 69.472ms
I/WifiHAL (  650): Poll result = 1
I/WifiHAL (  650): Found some events!!!
D/WifiHAL (  650): no_seq_check received
I/WifiHAL (  650): event received NL80211_CMD_NEW_SCAN_RESULTS
I/WifiHAL (  650): event received NL80211_CMD_NEW_SCAN_RESULTS, vendor_id = 0x0
I/WifiHAL (  650): event ignored!!
D/wifi_gbk2utf(  650): parseScanResults, line=id=0
D/wifi_gbk2utf(  650):  
D/wifi_gbk2utf(  650): parseScanResults, line=bssid=a4:b1:e9:d9:75:03
D/wifi_gbk2utf(  650):  
D/wifi_gbk2utf(  650): parseScanResults, line=freq=2412
D/wifi_gbk2utf(  650):  
D/wifi_gbk2utf(  650): parseScanResults, line=level=-62
D/wifi_gbk2utf(  650):  
D/wifi_gbk2utf(  650): parseScanResults, line=tsf=0000000677348588
D/wifi_gbk2utf(  650):  
D/wifi_gbk2utf(  650): parseScanResults, line=flags=[WPA-PSK-TKIP][WPA2-PSK-CCMP][WPS][ESS]
D/wifi_gbk2utf(  650):  
D/wifi_gbk2utf(  650): parseScanResults, line=ssid=wifi_ovh
D/wifi_gbk2utf(  650):  
D/wifi_gbk2utf(  650): parseScanResults, ssid = wifi_ovh, buf = wifi_ovh,isUTF8= 0, isCh = 0
D/wifi_gbk2utf(  650): parseScanResults, line=#### 
D/StatusBar.NetworkController( 2053): hasService: mServiceState=1 1 home null null null  Unknown Unknown CSS not supported -1 -1 RoamInd=-1 DefRoamInd=-1 EmergOnly=false retVal=false
D/StatusBar.NetworkController( 2053): refreshViews: Data not connected!! Set no data type icon / Roaming
D/StatusBar.NetworkController( 2053): refreshViews connected={ wifi } level=0 combinedSignalIconId=0x7f020323/com.android.systemui:drawable/stat_sys_wifi_signal_3_fully combinedActivityIconId=0x0 mobileLabel= wifiLabel="wifi_ovh"xxxxXXXXxxxxXXXX emergencyOnly=false combinedLabel="wifi_ovh"xxxxXXXXxxxxXXXX mAirplaneMode=false mDataActivity=0 mPhoneSignalIconId=0x7f02030d/com.android.systemui:drawable/stat_sys_signal_null mQSPhoneSignalIconId=0x7f0200a3/com.android.systemui:drawable/ic_qs_signal_no_signal mDataDirectionIconId=0x0/(null) mDataSignalIconId=0x7f02030d/com.android.systemui:drawable/stat_sys_signal_null mDataTypeIconId=0x0/(null) mQSDataTypeIconId=0x0/(null) mNoSimIconId=0x0/(null) mWifiIconId=0x7f020323/com.android.systemui:drawable/stat_sys_wifi_signal_3_fully mQSWifiIconId=0x7f0200b2/com.android.systemui:drawable/ic_qs_wifi_full_3 mWifiActivityIconId=0x0/(null) mBluetoothTetherIconId=0x108069d/android:drawable/stat_sys_tether_bluetooth
D/StatusBar.NetworkController( 2053): refreshSignalCluster - setMobileDataIndicators:  mHasMobileDataFeature = true mPhoneSignalIconId = com.android.systemui:drawable/stat_sys_signal_null mDataSignalIconId = com.android.systemui:drawable/stat_sys_signal_null mMobileActivityIconId = (null) mDataTypeIconId = (null) mNoSimIconId = (null)
D/StatusBar.NetworkController( 2053): refreshSignalCluster - setMobileDataIndicators:  mHasMobileDataFeature = true mPhoneSignalIconId = com.android.systemui:drawable/stat_sys_signal_null mDataSignalIconId = com.android.systemui:drawable/stat_sys_signal_null mMobileActivityIconId = (null) mDataTypeIconId = (null) mNoSimIconId = (null)
D/StatusBar.NetworkController( 2053): refreshSignalCluster - setMobileDataIndicators:  mHasMobileDataFeature = true mPhoneSignalIconId = com.android.systemui:drawable/stat_sys_signal_null mDataSignalIconId = com.android.systemui:drawable/stat_sys_signal_null mMobileActivityIconId = (null) mDataTypeIconId = (null) mNoSimIconId = (null)
D/StatusBar.NetworkController( 2053): changing data overlay icon id to 0
D/StatusBar.NetworkController( 2053): hasService: mServiceState=1 1 home null null null  Unknown Unknown CSS not supported -1 -1 RoamInd=-1 DefRoamInd=-1 EmergOnly=false retVal=false
D/StatusBar.NetworkController( 2053): refreshViews: Data not connected!! Set no data type icon / Roaming
D/StatusBar.NetworkController( 2053): refreshViews connected={ wifi } level=0 combinedSignalIconId=0x7f020323/com.android.systemui:drawable/stat_sys_wifi_signal_3_fully combinedActivityIconId=0x7f020319 mobileLabel= wifiLabel="wifi_ovh"xxxxXXXXxxxxXXXX emergencyOnly=false combinedLabel="wifi_ovh"xxxxXXXXxxxxXXXX mAirplaneMode=false mDataActivity=0 mPhoneSignalIconId=0x7f02030d/com.android.systemui:drawable/stat_sys_signal_null mQSPhoneSignalIconId=0x7f0200a3/com.android.systemui:drawable/ic_qs_signal_no_signal mDataDirectionIconId=0x0/(null) mDataSignalIconId=0x7f02030d/com.android.systemui:drawable/stat_sys_signal_null mDataTypeIconId=0x0/(null) mQSDataTypeIconId=0x0/(null) mNoSimIconId=0x0/(null) mWifiIconId=0x7f020323/com.android.systemui:drawable/stat_sys_wifi_signal_3_fully mQSWifiIconId=0x7f0200b2/com.android.systemui:drawable/ic_qs_wifi_full_3 mWifiActivityIconId=0x7f020319/com.android.systemui:drawable/stat_sys_wifi_in mBluetoothTetherIconId=0x108069d/android:drawable/stat_sys_tether_bluetooth
D/StatusBar.NetworkController( 2053): refreshSignalCluster - setMobileDataIndicators:  mHasMobileDataFeature = true mPhoneSignalIconId = com.android.systemui:drawable/stat_sys_signal_null mDataSignalIconId = com.android.systemui:drawable/stat_sys_signal_null mMobileActivityIconId = (null) mDataTypeIconId = (null) mNoSimIconId = (null)
D/StatusBar.NetworkController( 2053): refreshSignalCluster - setMobileDataIndicators:  mHasMobileDataFeature = true mPhoneSignalIconId = com.android.systemui:drawable/stat_sys_signal_null mDataSignalIconId = com.android.systemui:drawable/stat_sys_signal_null mMobileActivityIconId = (null) mDataTypeIconId = (null) mNoSimIconId = (null)
D/StatusBar.NetworkController( 2053): refreshSignalCluster - setMobileDataIndicators:  mHasMobileDataFeature = true mPhoneSignalIconId = com.android.systemui:drawable/stat_sys_signal_null mDataSignalIconId = com.android.systemui:drawable/stat_sys_signal_null mMobileActivityIconId = (null) mDataTypeIconId = (null) mNoSimIconId = (null)
D/StatusBar.NetworkController( 2053): changing data overlay icon id to 2130838297
D/StatusBar.NetworkController( 2053): hasService: mServiceState=1 1 home null null null  Unknown Unknown CSS not supported -1 -1 RoamInd=-1 DefRoamInd=-1 EmergOnly=false retVal=false
D/StatusBar.NetworkController( 2053): refreshViews: Data not connected!! Set no data type icon / Roaming
D/StatusBar.NetworkController( 2053): refreshViews connected={ wifi } level=0 combinedSignalIconId=0x7f020323/com.android.systemui:drawable/stat_sys_wifi_signal_3_fully combinedActivityIconId=0x0 mobileLabel= wifiLabel="wifi_ovh"xxxxXXXXxxxxXXXX emergencyOnly=false combinedLabel="wifi_ovh"xxxxXXXXxxxxXXXX mAirplaneMode=false mDataActivity=0 mPhoneSignalIconId=0x7f02030d/com.android.systemui:drawable/stat_sys_signal_null mQSPhoneSignalIconId=0x7f0200a3/com.android.systemui:drawable/ic_qs_signal_no_signal mDataDirectionIconId=0x0/(null) mDataSignalIconId=0x7f02030d/com.android.systemui:drawable/stat_sys_signal_null mDataTypeIconId=0x0/(null) mQSDataTypeIconId=0x0/(null) mNoSimIconId=0x0/(null) mWifiIconId=0x7f020323/com.android.systemui:drawable/stat_sys_wifi_signal_3_fully mQSWifiIconId=0x7f0200b2/com.android.systemui:drawable/ic_qs_wifi_full_3 mWifiActivityIconId=0x0/(null) mBluetoothTetherIconId=0x108069d/android:drawable/stat_sys_tether_bluetooth
D/StatusBar.NetworkController( 2053): refreshSignalCluster - setMobileDataIndicators:  mHasMobileDataFeature = true mPhoneSignalIconId = com.android.systemui:drawable/stat_sys_signal_null mDataSignalIconId = com.android.systemui:drawable/stat_sys_signal_null mMobileActivityIconId = (null) mDataTypeIconId = (null) mNoSimIconId = (null)
D/StatusBar.NetworkController( 2053): refreshSignalCluster - setMobileDataIndicators:  mHasMobileDataFeature = true mPhoneSignalIconId = com.android.systemui:drawable/stat_sys_signal_null mDataSignalIconId = com.android.systemui:drawable/stat_sys_signal_null mMobileActivityIconId = (null) mDataTypeIconId = (null) mNoSimIconId = (null)
D/StatusBar.NetworkController( 2053): refreshSignalCluster - setMobileDataIndicators:  mHasMobileDataFeature = true mPhoneSignalIconId = com.android.systemui:drawable/stat_sys_signal_null mDataSignalIconId = com.android.systemui:drawable/stat_sys_signal_null mMobileActivityIconId = (null) mDataTypeIconId = (null) mNoSimIconId = (null)
D/StatusBar.NetworkController( 2053): changing data overlay icon id to 0
D/StatusBar.NetworkController( 2053): hasService: mServiceState=1 1 home null null null  Unknown Unknown CSS not supported -1 -1 RoamInd=-1 DefRoamInd=-1 EmergOnly=false retVal=false
D/StatusBar.NetworkController( 2053): refreshViews: Data not connected!! Set no data type icon / Roaming
D/StatusBar.NetworkController( 2053): refreshViews connected={ wifi } level=0 combinedSignalIconId=0x7f020325/com.android.systemui:drawable/stat_sys_wifi_signal_4_fully combinedActivityIconId=0x0 mobileLabel= wifiLabel="wifi_ovh"xxxxXXXXxxxxXXXX emergencyOnly=false combinedLabel="wifi_ovh"xxxxXXXXxxxxXXXX mAirplaneMode=false mDataActivity=0 mPhoneSignalIconId=0x7f02030d/com.android.systemui:drawable/stat_sys_signal_null mQSPhoneSignalIconId=0x7f0200a3/com.android.systemui:drawable/ic_qs_signal_no_signal mDataDirectionIconId=0x0/(null) mDataSignalIconId=0x7f02030d/com.android.systemui:drawable/stat_sys_signal_null mDataTypeIconId=0x0/(null) mQSDataTypeIconId=0x0/(null) mNoSimIconId=0x0/(null) mWifiIconId=0x7f020325/com.android.systemui:drawable/stat_sys_wifi_signal_4_fully mQSWifiIconId=0x7f0200b3/com.android.systemui:drawable/ic_qs_wifi_full_4 mWifiActivityIconId=0x0/(null) mBluetoothTetherIconId=0x108069d/android:drawable/stat_sys_tether_bluetooth
D/StatusBar.NetworkController( 2053): refreshSignalCluster - setMobileDataIndicators:  mHasMobileDataFeature = true mPhoneSignalIconId = com.android.systemui:drawable/stat_sys_signal_null mDataSignalIconId = com.android.systemui:drawable/stat_sys_signal_null mMobileActivityIconId = (null) mDataTypeIconId = (null) mNoSimIconId = (null)
D/StatusBar.NetworkController( 2053): refreshSignalCluster - setMobileDataIndicators:  mHasMobileDataFeature = true mPhoneSignalIconId = com.android.systemui:drawable/stat_sys_signal_null mDataSignalIconId = com.android.systemui:drawable/stat_sys_signal_null mMobileActivityIconId = (null) mDataTypeIconId = (null) mNoSimIconId = (null)
D/StatusBar.NetworkController( 2053): refreshSignalCluster - setMobileDataIndicators:  mHasMobileDataFeature = true mPhoneSignalIconId = com.android.systemui:drawable/stat_sys_signal_null mDataSignalIconId = com.android.systemui:drawable/stat_sys_signal_null mMobileActivityIconId = (null) mDataTypeIconId = (null) mNoSimIconId = (null)
E/QMI_FW  (  650): QMUXD: WARNING qmi_qmux_if_pwr_up_init failed! rc=-1
E/WifiStateMachine(  650): WifiStateMachine CMD_START_SCAN source -2 txSuccessRate=0,00 rxSuccessRate=0,14 targetRoamBSSID=any RSSI=-55
E/WifiStateMachine(  650): WifiStateMachine starting scan for "wifi_ovh"WPA_PSK with 2412
I/wpa_supplicant( 3826): wlan0: CTRL-EVENT-SCAN-STARTED 
I/WifiHAL (  650): Poll result = 1
I/WifiHAL (  650): Found some events!!!
D/WifiHAL (  650): no_seq_check received
I/WifiHAL (  650): event received NL80211_CMD_TRIGGER_SCAN
I/WifiHAL (  650): event received NL80211_CMD_TRIGGER_SCAN, vendor_id = 0x0
I/WifiHAL (  650): event ignored!!
I/WifiHAL (  650): Poll result = 1
I/WifiHAL (  650): Found some events!!!
D/WifiHAL (  650): no_seq_check received
I/WifiHAL (  650): event received NL80211_CMD_NEW_SCAN_RESULTS
I/WifiHAL (  650): event received NL80211_CMD_NEW_SCAN_RESULTS, vendor_id = 0x0
I/WifiHAL (  650): event ignored!!
D/wifi_gbk2utf(  650): parseScanResults, line=id=0
D/wifi_gbk2utf(  650):  
D/wifi_gbk2utf(  650): parseScanResults, line=bssid=a4:b1:e9:d9:75:03
D/wifi_gbk2utf(  650):  
D/wifi_gbk2utf(  650): parseScanResults, line=freq=2412
D/wifi_gbk2utf(  650):  
D/wifi_gbk2utf(  650): parseScanResults, line=level=-55
D/wifi_gbk2utf(  650):  
D/wifi_gbk2utf(  650): parseScanResults, line=tsf=0000000696319070
D/wifi_gbk2utf(  650):  
D/wifi_gbk2utf(  650): parseScanResults, line=flags=[WPA-PSK-TKIP][WPA2-PSK-CCMP][WPS][ESS]
D/wifi_gbk2utf(  650):  
D/wifi_gbk2utf(  650): parseScanResults, line=ssid=wifi_ovh
D/wifi_gbk2utf(  650):  
D/wifi_gbk2utf(  650): parseScanResults, ssid = wifi_ovh, buf = wifi_ovh,isUTF8= 0, isCh = 0
D/wifi_gbk2utf(  650): parseScanResults, line=#### 
D/StatusBar.NetworkController( 2053): hasService: mServiceState=1 1 home null null null  Unknown Unknown CSS not supported -1 -1 RoamInd=-1 DefRoamInd=-1 EmergOnly=false retVal=false
D/StatusBar.NetworkController( 2053): refreshViews: Data not connected!! Set no data type icon / Roaming
D/StatusBar.NetworkController( 2053): refreshViews connected={ wifi } level=0 combinedSignalIconId=0x7f020325/com.android.systemui:drawable/stat_sys_wifi_signal_4_fully combinedActivityIconId=0x7f020319 mobileLabel= wifiLabel="wifi_ovh"xxxxXXXXxxxxXXXX emergencyOnly=false combinedLabel="wifi_ovh"xxxxXXXXxxxxXXXX mAirplaneMode=false mDataActivity=0 mPhoneSignalIconId=0x7f02030d/com.android.systemui:drawable/stat_sys_signal_null mQSPhoneSignalIconId=0x7f0200a3/com.android.systemui:drawable/ic_qs_signal_no_signal mDataDirectionIconId=0x0/(null) mDataSignalIconId=0x7f02030d/com.android.systemui:drawable/stat_sys_signal_null mDataTypeIconId=0x0/(null) mQSDataTypeIconId=0x0/(null) mNoSimIconId=0x0/(null) mWifiIconId=0x7f020325/com.android.systemui:drawable/stat_sys_wifi_signal_4_fully mQSWifiIconId=0x7f0200b3/com.android.systemui:drawable/ic_qs_wifi_full_4 mWifiActivityIconId=0x7f020319/com.android.systemui:drawable/stat_sys_wifi_in mBluetoothTetherIconId=0x108069d/android:drawable/stat_sys_tether_bluetooth
D/StatusBar.NetworkController( 2053): refreshSignalCluster - setMobileDataIndicators:  mHasMobileDataFeature = true mPhoneSignalIconId = com.android.systemui:drawable/stat_sys_signal_null mDataSignalIconId = com.android.systemui:drawable/stat_sys_signal_null mMobileActivityIconId = (null) mDataTypeIconId = (null) mNoSimIconId = (null)
D/StatusBar.NetworkController( 2053): refreshSignalCluster - setMobileDataIndicators:  mHasMobileDataFeature = true mPhoneSignalIconId = com.android.systemui:drawable/stat_sys_signal_null mDataSignalIconId = com.android.systemui:drawable/stat_sys_signal_null mMobileActivityIconId = (null) mDataTypeIconId = (null) mNoSimIconId = (null)
D/StatusBar.NetworkController( 2053): refreshSignalCluster - setMobileDataIndicators:  mHasMobileDataFeature = true mPhoneSignalIconId = com.android.systemui:drawable/stat_sys_signal_null mDataSignalIconId = com.android.systemui:drawable/stat_sys_signal_null mMobileActivityIconId = (null) mDataTypeIconId = (null) mNoSimIconId = (null)
D/StatusBar.NetworkController( 2053): changing data overlay icon id to 2130838297
D/StatusBar.NetworkController( 2053): hasService: mServiceState=1 1 home null null null  Unknown Unknown CSS not supported -1 -1 RoamInd=-1 DefRoamInd=-1 EmergOnly=false retVal=false
D/StatusBar.NetworkController( 2053): refreshViews: Data not connected!! Set no data type icon / Roaming
D/StatusBar.NetworkController( 2053): refreshViews connected={ wifi } level=0 combinedSignalIconId=0x7f020325/com.android.systemui:drawable/stat_sys_wifi_signal_4_fully combinedActivityIconId=0x0 mobileLabel= wifiLabel="wifi_ovh"xxxxXXXXxxxxXXXX emergencyOnly=false combinedLabel="wifi_ovh"xxxxXXXXxxxxXXXX mAirplaneMode=false mDataActivity=0 mPhoneSignalIconId=0x7f02030d/com.android.systemui:drawable/stat_sys_signal_null mQSPhoneSignalIconId=0x7f0200a3/com.android.systemui:drawable/ic_qs_signal_no_signal mDataDirectionIconId=0x0/(null) mDataSignalIconId=0x7f02030d/com.android.systemui:drawable/stat_sys_signal_null mDataTypeIconId=0x0/(null) mQSDataTypeIconId=0x0/(null) mNoSimIconId=0x0/(null) mWifiIconId=0x7f020325/com.android.systemui:drawable/stat_sys_wifi_signal_4_fully mQSWifiIconId=0x7f0200b3/com.android.systemui:drawable/ic_qs_wifi_full_4 mWifiActivityIconId=0x0/(null) mBluetoothTetherIconId=0x108069d/android:drawable/stat_sys_tether_bluetooth
D/StatusBar.NetworkController( 2053): refreshSignalCluster - setMobileDataIndicators:  mHasMobileDataFeature = true mPhoneSignalIconId = com.android.systemui:drawable/stat_sys_signal_null mDataSignalIconId = com.android.systemui:drawable/stat_sys_signal_null mMobileActivityIconId = (null) mDataTypeIconId = (null) mNoSimIconId = (null)
D/StatusBar.NetworkController( 2053): refreshSignalCluster - setMobileDataIndicators:  mHasMobileDataFeature = true mPhoneSignalIconId = com.android.systemui:drawable/stat_sys_signal_null mDataSignalIconId = com.android.systemui:drawable/stat_sys_signal_null mMobileActivityIconId = (null) mDataTypeIconId = (null) mNoSimIconId = (null)
D/StatusBar.NetworkController( 2053): refreshSignalCluster - setMobileDataIndicators:  mHasMobileDataFeature = true mPhoneSignalIconId = com.android.systemui:drawable/stat_sys_signal_null mDataSignalIconId = com.android.systemui:drawable/stat_sys_signal_null mMobileActivityIconId = (null) mDataTypeIconId = (null) mNoSimIconId = (null)
D/StatusBar.NetworkController( 2053): changing data overlay icon id to 0
I/MDMCTBK (  268): NetlinkHandler, power_supply subsys
I/MDMCTBK (  268): NetlinkHandler, usbChargerStateChanged
I/MDMCTBK (  268): checkDefaultInst, current pid is = 268
I/MDMCTBK (  268): checkDefaultInst, pid match
I/MDMCTBK (  268): MdmCutbackHndler,readFromFile = /sys/class/power_supply/usb/online
I/MDMCTBK (  268): MdmCutbackHndler,readFromFile = 
E/MDMCTBK (  268): MdmCutbackHndler,Could not open ''
I/MDMCTBK (  268): NetlinkHandler, power_supply subsys
I/MDMCTBK (  268): NetlinkHandler, usbChargerStateChanged
I/MDMCTBK (  268): checkDefaultInst, current pid is = 268
I/MDMCTBK (  268): checkDefaultInst, pid match
I/MDMCTBK (  268): MdmCutbackHndler,readFromFile = /sys/class/power_supply/usb/online
I/MDMCTBK (  268): MdmCutbackHndler,readFromFile = 
E/MDMCTBK (  268): MdmCutbackHndler,Could not open ''
D/StatusBar.NetworkController( 2053): hasService: mServiceState=1 1 home null null null  Unknown Unknown CSS not supported -1 -1 RoamInd=-1 DefRoamInd=-1 EmergOnly=false retVal=false
D/StatusBar.NetworkController( 2053): refreshViews: Data not connected!! Set no data type icon / Roaming
D/StatusBar.NetworkController( 2053): refreshViews connected={ wifi } level=0 combinedSignalIconId=0x7f020325/com.android.systemui:drawable/stat_sys_wifi_signal_4_fully combinedActivityIconId=0x7f020319 mobileLabel= wifiLabel="wifi_ovh"xxxxXXXXxxxxXXXX emergencyOnly=false combinedLabel="wifi_ovh"xxxxXXXXxxxxXXXX mAirplaneMode=false mDataActivity=0 mPhoneSignalIconId=0x7f02030d/com.android.systemui:drawable/stat_sys_signal_null mQSPhoneSignalIconId=0x7f0200a3/com.android.systemui:drawable/ic_qs_signal_no_signal mDataDirectionIconId=0x0/(null) mDataSignalIconId=0x7f02030d/com.android.systemui:drawable/stat_sys_signal_null mDataTypeIconId=0x0/(null) mQSDataTypeIconId=0x0/(null) mNoSimIconId=0x0/(null) mWifiIconId=0x7f020325/com.android.systemui:drawable/stat_sys_wifi_signal_4_fully mQSWifiIconId=0x7f0200b3/com.android.systemui:drawable/ic_qs_wifi_full_4 mWifiActivityIconId=0x7f020319/com.android.systemui:drawable/stat_sys_wifi_in mBluetoothTetherIconId=0x108069d/android:drawable/stat_sys_tether_bluetooth
D/StatusBar.NetworkController( 2053): refreshSignalCluster - setMobileDataIndicators:  mHasMobileDataFeature = true mPhoneSignalIconId = com.android.systemui:drawable/stat_sys_signal_null mDataSignalIconId = com.android.systemui:drawable/stat_sys_signal_null mMobileActivityIconId = (null) mDataTypeIconId = (null) mNoSimIconId = (null)
D/StatusBar.NetworkController( 2053): refreshSignalCluster - setMobileDataIndicators:  mHasMobileDataFeature = true mPhoneSignalIconId = com.android.systemui:drawable/stat_sys_signal_null mDataSignalIconId = com.android.systemui:drawable/stat_sys_signal_null mMobileActivityIconId = (null) mDataTypeIconId = (null) mNoSimIconId = (null)
D/StatusBar.NetworkController( 2053): refreshSignalCluster - setMobileDataIndicators:  mHasMobileDataFeature = true mPhoneSignalIconId = com.android.systemui:drawable/stat_sys_signal_null mDataSignalIconId = com.android.systemui:drawable/stat_sys_signal_null mMobileActivityIconId = (null) mDataTypeIconId = (null) mNoSimIconId = (null)
D/StatusBar.NetworkController( 2053): changing data overlay icon id to 2130838297
E/WifiStateMachine(  650): WifiStateMachine CMD_START_SCAN source -2 txSuccessRate=0,00 rxSuccessRate=0,52 targetRoamBSSID=any RSSI=-55
E/WifiStateMachine(  650): WifiStateMachine starting scan for "wifi_ovh"WPA_PSK with 2412
I/wpa_supplicant( 3826): wlan0: CTRL-EVENT-SCAN-STARTED 
I/WifiHAL (  650): Poll result = 1
I/WifiHAL (  650): Found some events!!!
D/WifiHAL (  650): no_seq_check received
I/WifiHAL (  650): event received NL80211_CMD_TRIGGER_SCAN
I/WifiHAL (  650): event received NL80211_CMD_TRIGGER_SCAN, vendor_id = 0x0
I/WifiHAL (  650): event ignored!!
I/WifiHAL (  650): Poll result = 1
I/WifiHAL (  650): Found some events!!!
D/WifiHAL (  650): no_seq_check received
I/WifiHAL (  650): event received NL80211_CMD_NEW_SCAN_RESULTS
I/WifiHAL (  650): event received NL80211_CMD_NEW_SCAN_RESULTS, vendor_id = 0x0
I/WifiHAL (  650): event ignored!!
D/wifi_gbk2utf(  650): parseScanResults, line=id=0
D/wifi_gbk2utf(  650):  
D/wifi_gbk2utf(  650): parseScanResults, line=bssid=a4:b1:e9:d9:75:03
D/wifi_gbk2utf(  650):  
D/wifi_gbk2utf(  650): parseScanResults, line=freq=2412
D/wifi_gbk2utf(  650):  
D/wifi_gbk2utf(  650): parseScanResults, line=level=-55
D/wifi_gbk2utf(  650):  
D/wifi_gbk2utf(  650): parseScanResults, line=tsf=0000000716309000
D/wifi_gbk2utf(  650):  
D/wifi_gbk2utf(  650): parseScanResults, line=flags=[WPA-PSK-TKIP][WPA2-PSK-CCMP][WPS][ESS]
D/wifi_gbk2utf(  650):  
D/wifi_gbk2utf(  650): parseScanResults, line=ssid=wifi_ovh
D/wifi_gbk2utf(  650):  
D/wifi_gbk2utf(  650): parseScanResults, ssid = wifi_ovh, buf = wifi_ovh,isUTF8= 0, isCh = 0
D/wifi_gbk2utf(  650): parseScanResults, line=#### 
D/StatusBar.NetworkController( 2053): hasService: mServiceState=1 1 home null null null  Unknown Unknown CSS not supported -1 -1 RoamInd=-1 DefRoamInd=-1 EmergOnly=false retVal=false
D/StatusBar.NetworkController( 2053): refreshViews: Data not connected!! Set no data type icon / Roaming
D/StatusBar.NetworkController( 2053): refreshViews connected={ wifi } level=0 combinedSignalIconId=0x7f020325/com.android.systemui:drawable/stat_sys_wifi_signal_4_fully combinedActivityIconId=0x0 mobileLabel= wifiLabel="wifi_ovh"xxxxXXXXxxxxXXXX emergencyOnly=false combinedLabel="wifi_ovh"xxxxXXXXxxxxXXXX mAirplaneMode=false mDataActivity=0 mPhoneSignalIconId=0x7f02030d/com.android.systemui:drawable/stat_sys_signal_null mQSPhoneSignalIconId=0x7f0200a3/com.android.systemui:drawable/ic_qs_signal_no_signal mDataDirectionIconId=0x0/(null) mDataSignalIconId=0x7f02030d/com.android.systemui:drawable/stat_sys_signal_null mDataTypeIconId=0x0/(null) mQSDataTypeIconId=0x0/(null) mNoSimIconId=0x0/(null) mWifiIconId=0x7f020325/com.android.systemui:drawable/stat_sys_wifi_signal_4_fully mQSWifiIconId=0x7f0200b3/com.android.systemui:drawable/ic_qs_wifi_full_4 mWifiActivityIconId=0x0/(null) mBluetoothTetherIconId=0x108069d/android:drawable/stat_sys_tether_bluetooth
D/StatusBar.NetworkController( 2053): refreshSignalCluster - setMobileDataIndicators:  mHasMobileDataFeature = true mPhoneSignalIconId = com.android.systemui:drawable/stat_sys_signal_null mDataSignalIconId = com.android.systemui:drawable/stat_sys_signal_null mMobileActivityIconId = (null) mDataTypeIconId = (null) mNoSimIconId = (null)
D/StatusBar.NetworkController( 2053): refreshSignalCluster - setMobileDataIndicators:  mHasMobileDataFeature = true mPhoneSignalIconId = com.android.systemui:drawable/stat_sys_signal_null mDataSignalIconId = com.android.systemui:drawable/stat_sys_signal_null mMobileActivityIconId = (null) mDataTypeIconId = (null) mNoSimIconId = (null)
D/StatusBar.NetworkController( 2053): refreshSignalCluster - setMobileDataIndicators:  mHasMobileDataFeature = true mPhoneSignalIconId = com.android.systemui:drawable/stat_sys_signal_null mDataSignalIconId = com.android.systemui:drawable/stat_sys_signal_null mMobileActivityIconId = (null) mDataTypeIconId = (null) mNoSimIconId = (null)
D/StatusBar.NetworkController( 2053): changing data overlay icon id to 0
D/StatusBar.NetworkController( 2053): hasService: mServiceState=1 1 home null null null  Unknown Unknown CSS not supported -1 -1 RoamInd=-1 DefRoamInd=-1 EmergOnly=false retVal=false
D/StatusBar.NetworkController( 2053): refreshViews: Data not connected!! Set no data type icon / Roaming
D/StatusBar.NetworkController( 2053): refreshViews connected={ wifi } level=0 combinedSignalIconId=0x7f020325/com.android.systemui:drawable/stat_sys_wifi_signal_4_fully combinedActivityIconId=0x7f020319 mobileLabel= wifiLabel="wifi_ovh"xxxxXXXXxxxxXXXX emergencyOnly=false combinedLabel="wifi_ovh"xxxxXXXXxxxxXXXX mAirplaneMode=false mDataActivity=0 mPhoneSignalIconId=0x7f02030d/com.android.systemui:drawable/stat_sys_signal_null mQSPhoneSignalIconId=0x7f0200a3/com.android.systemui:drawable/ic_qs_signal_no_signal mDataDirectionIconId=0x0/(null) mDataSignalIconId=0x7f02030d/com.android.systemui:drawable/stat_sys_signal_null mDataTypeIconId=0x0/(null) mQSDataTypeIconId=0x0/(null) mNoSimIconId=0x0/(null) mWifiIconId=0x7f020325/com.android.systemui:drawable/stat_sys_wifi_signal_4_fully mQSWifiIconId=0x7f0200b3/com.android.systemui:drawable/ic_qs_wifi_full_4 mWifiActivityIconId=0x7f020319/com.android.systemui:drawable/stat_sys_wifi_in mBluetoothTetherIconId=0x108069d/android:drawable/stat_sys_tether_bluetooth
D/StatusBar.NetworkController( 2053): refreshSignalCluster - setMobileDataIndicators:  mHasMobileDataFeature = true mPhoneSignalIconId = com.android.systemui:drawable/stat_sys_signal_null mDataSignalIconId = com.android.systemui:drawable/stat_sys_signal_null mMobileActivityIconId = (null) mDataTypeIconId = (null) mNoSimIconId = (null)
D/StatusBar.NetworkController( 2053): refreshSignalCluster - setMobileDataIndicators:  mHasMobileDataFeature = true mPhoneSignalIconId = com.android.systemui:drawable/stat_sys_signal_null mDataSignalIconId = com.android.systemui:drawable/stat_sys_signal_null mMobileActivityIconId = (null) mDataTypeIconId = (null) mNoSimIconId = (null)
