D/StatusBar.NetworkController( 2053): refreshSignalCluster - setMobileDataIndicators:  mHasMobileDataFeature = true mPhoneSignalIconId = com.android.systemui:drawable/stat_sys_signal_null mDataSignalIconId = com.android.systemui:drawable/stat_sys_signal_null mMobileActivityIconId = (null) mDataTypeIconId = (null) mNoSimIconId = (null)
D/StatusBar.NetworkController( 2053): changing data overlay icon id to 2130838297
D/StatusBar.NetworkController( 2053): hasService: mServiceState=1 1 home null null null  Unknown Unknown CSS not supported -1 -1 RoamInd=-1 DefRoamInd=-1 EmergOnly=false retVal=false
D/StatusBar.NetworkController( 2053): refreshViews: Data not connected!! Set no data type icon / Roaming
D/StatusBar.NetworkController( 2053): refreshViews connected={ wifi } level=0 combinedSignalIconId=0x7f020325/com.android.systemui:drawable/stat_sys_wifi_signal_4_fully combinedActivityIconId=0x0 mobileLabel= wifiLabel="wifi_ovh"xxxxXXXXxxxxXXXX emergencyOnly=false combinedLabel="wifi_ovh"xxxxXXXXxxxxXXXX mAirplaneMode=false mDataActivity=0 mPhoneSignalIconId=0x7f02030d/com.android.systemui:drawable/stat_sys_signal_null mQSPhoneSignalIconId=0x7f0200a3/com.android.systemui:drawable/ic_qs_signal_no_signal mDataDirectionIconId=0x0/(null) mDataSignalIconId=0x7f02030d/com.android.systemui:drawable/stat_sys_signal_null mDataTypeIconId=0x0/(null) mQSDataTypeIconId=0x0/(null) mNoSimIconId=0x0/(null) mWifiIconId=0x7f020325/com.android.systemui:drawable/stat_sys_wifi_signal_4_fully mQSWifiIconId=0x7f0200b3/com.android.systemui:drawable/ic_qs_wifi_full_4 mWifiActivityIconId=0x0/(null) mBluetoothTetherIconId=0x108069d/android:drawable/stat_sys_tether_bluetooth
D/StatusBar.NetworkController( 2053): refreshSignalCluster - setMobileDataIndicators:  mHasMobileDataFeature = true mPhoneSignalIconId = com.android.systemui:drawable/stat_sys_signal_null mDataSignalIconId = com.android.systemui:drawable/stat_sys_signal_null mMobileActivityIconId = (null) mDataTypeIconId = (null) mNoSimIconId = (null)
D/StatusBar.NetworkController( 2053): refreshSignalCluster - setMobileDataIndicators:  mHasMobileDataFeature = true mPhoneSignalIconId = com.android.systemui:drawable/stat_sys_signal_null mDataSignalIconId = com.android.systemui:drawable/stat_sys_signal_null mMobileActivityIconId = (null) mDataTypeIconId = (null) mNoSimIconId = (null)
D/StatusBar.NetworkController( 2053): refreshSignalCluster - setMobileDataIndicators:  mHasMobileDataFeature = true mPhoneSignalIconId = com.android.systemui:drawable/stat_sys_signal_null mDataSignalIconId = com.android.systemui:drawable/stat_sys_signal_null mMobileActivityIconId = (null) mDataTypeIconId = (null) mNoSimIconId = (null)
D/StatusBar.NetworkController( 2053): changing data overlay icon id to 0
E/QMI_FW  (  268): QMUXD: WARNING qmi_qmux_if_pwr_up_init failed! rc=-1
E/QMI_FW  (  359): QMUXD: WARNING qmi_qmux_if_pwr_up_init failed! rc=-1
I/PowerManagerService(  650): Going to sleep due to screen timeout (uid 1000)...
I/PowerManagerService(  650): Sleeping (uid 1000)...
D/Sensors (  650): AccelerationSensor: Set Sensors state 0x0
E/audio_a2dp_hw( 5761): adev_set_parameters: ERROR: set param called even when stream out is null
E/native  (  650): do suspend true
I/DisplayManagerService(  650): Display device changed: DisplayDeviceInfo{"cran intgr": 720 x 1280, 60.0 fps, supportedRefreshRates [60.0], density 320, 326.571 x 328.404 dpi, appVsyncOff 0, presDeadline 17666667, touch INTERNAL, rotation 0, type BUILT_IN, state OFF, FLAG_DEFAULT_DISPLAY, FLAG_ROTATES_WITH_CONTENT, FLAG_SECURE, FLAG_SUPPORTS_PROTECTED_BUFFERS}
D/SurfaceFlinger(  206): Set power mode=0, type=0 flinger=0xb82765e0
D/qdhwcomposer(  206): hwc_blank: Blanking display: 0
V/ActivityManager(  650): Display changed displayId=0
I/qdhwcomposer(  206): handle_blank_event: dpy:0 panel power state: 0
D/qdhwcomposer(  206): hwc_blank: Done blanking display: 0
D/SurfaceControl(  650): Excessive delay in setPowerMode(): 297ms
I/QCOM PowerHAL(  650): Got set_interactive hint
I/PowerManagerService(  650): Waking up from sleep (uid 1000)...
V/KeyguardServiceDelegate(  650): onScreenTurnedOn(showListener = com.android.internal.policy.impl.PhoneWindowManager$2@3e25503b)
W/PowerManagerSer(  678): type=1400 audit(0.0:55): avc: denied { read } for name="lis3dh" dev="tmpfs" ino=2480 scontext=u:r:system_server:s0 tcontext=u:object_r:device:s0 tclass=chr_file
I/DisplayPowerController(  650): Blocking screen on until initial contents have been drawn.
D/Sensors (  650): AccelerationSensor: Set Sensors state 0x1
W/PowerManagerSer(  678): type=1400 audit(0.0:56): avc: denied { open } for name="lis3dh" dev="tmpfs" ino=2480 scontext=u:r:system_server:s0 tcontext=u:object_r:device:s0 tclass=chr_file
W/PowerManagerSer(  678): type=1400 audit(0.0:57): avc: denied { ioctl } for path="/dev/lis3dh" dev="tmpfs" ino=2480 scontext=u:r:system_server:s0 tcontext=u:object_r:device:s0 tclass=chr_file
D/Sensors (  650): AccelerationSensor: set delay 66
D/Sensors (  650): AccelerationSensor: set delay 66
I/QCOM PowerHAL(  650): Got set_interactive hint
D/SurfaceFlinger(  206): Set power mode=2, type=0 flinger=0xb82765e0
D/qdhwcomposer(  206): hwc_blank: Unblanking display: 0
V/KeyguardServiceDelegate(  650): **** SHOWN CALLED ****
I/DisplayManagerService(  650): Display device changed: DisplayDeviceInfo{"cran intgr": 720 x 1280, 60.0 fps, supportedRefreshRates [60.0], density 320, 326.571 x 328.404 dpi, appVsyncOff 0, presDeadline 17666667, touch INTERNAL, rotation 0, type BUILT_IN, state ON, FLAG_DEFAULT_DISPLAY, FLAG_ROTATES_WITH_CONTENT, FLAG_SECURE, FLAG_SUPPORTS_PROTECTED_BUFFERS}
V/ActivityManager(  650): Display changed displayId=0
V/ActivityManager(  650): Display changed displayId=0
D/Launcher( 1173): Broadcasting Home Idle Screen Intent ...
D/PhoneApp( 1151): getPhone phoneId:0
E/audio_a2dp_hw( 5761): adev_set_parameters: ERROR: set param called even when stream out is null
D/Ulp_jni (  650): JNI:system_update. Event-0
D/Ulp_jni (  650): JNI:system_update. Event-0
E/native  (  650): do suspend false
I/Timeline( 1173): Timeline: Activity_idle id: android.os.BinderProxy@d32fd42 time:736854
I/Timeline(  650): Timeline: Activity_windows_visible id: ActivityRecord{895b82 u0 com.android.launcher/com.android.launcher2.Launcher t6} time:736859
I/DisplayPowerController(  650): Unblocked screen on after 113 ms
I/WifiHAL (  650): Poll result = 1
I/WifiHAL (  650): Found some events!!!
D/WifiHAL (  650): no_seq_check received
I/WifiHAL (  650): event received NL80211_CMD_SET_REKEY_OFFLOAD
I/WifiHAL (  650): event received NL80211_CMD_SET_REKEY_OFFLOAD, vendor_id = 0x0
I/WifiHAL (  650): event ignored!!
I/qdhwcomposer(  206): handle_blank_event: dpy:0 panel power state: 1
D/qdhwcomposer(  206): hwc_blank: Done unblanking display: 0
D/SurfaceControl(  650): Excessive delay in setPowerMode(): 252ms
I/PowerManagerService(  650): Going to sleep due to power button (uid 1000)...
I/PowerManagerService(  650): Sleeping (uid 1000)...
D/Sensors (  650): AccelerationSensor: Set Sensors state 0x0
E/audio_a2dp_hw( 5761): adev_set_parameters: ERROR: set param called even when stream out is null
E/native  (  650): do suspend true
D/PhoneStatusBar( 2053): disable: < expand ICONS* alerts SYSTEM_INFO* back home recent clock search >
D/BluetoothAdapter( 2053): 865735875: getState() :  mService = null. Returning STATE_OFF
D/BluetoothAdapter( 2053): 865735875: getState() :  mService = null. Returning STATE_OFF
D/BluetoothAdapter( 2053): 865735875: getState() :  mService = null. Returning STATE_OFF
D/BluetoothAdapter( 2053): 865735875: getState() :  mService = null. Returning STATE_OFF
W/Settings( 2053): Setting airplane_mode_on has moved from android.provider.Settings.System to android.provider.Settings.Global, returning read-only value.
W/AudioPolicyManager( 5761): getOutput() could not find output for stream 1, samplingRate 0,format 0, channels 3, flags 0
W/AudioPolicyManager( 5761): getOutput() could not find output for stream 1, samplingRate 0,format 0, channels 3, flags 0
D/AudioTrack( 2053): TrackOffload: AudioTrack Offload disabled by property, returning false
W/AudioPolicyManager( 5761): getOutput() could not find output for stream 1, samplingRate 44100,format 1, channels 3, flags 4
E/AudioTrack( 2053): Could not get audio output for stream type 1, usage 13, sample rate 44100, format 0x1, channel mask 0x3, flags 0x4
E/SoundPool( 2053): Error creating AudioTrack
D/PhoneStatusBar( 2053): disable: < expand ICONS alerts SYSTEM_INFO back HOME* RECENT* clock SEARCH* >
D/SurfaceFlinger(  206): Set power mode=0, type=0 flinger=0xb82765e0
I/DisplayManagerService(  650): Display device changed: DisplayDeviceInfo{"cran intgr": 720 x 1280, 60.0 fps, supportedRefreshRates [60.0], density 320, 326.571 x 328.404 dpi, appVsyncOff 0, presDeadline 17666667, touch INTERNAL, rotation 0, type BUILT_IN, state OFF, FLAG_DEFAULT_DISPLAY, FLAG_ROTATES_WITH_CONTENT, FLAG_SECURE, FLAG_SUPPORTS_PROTECTED_BUFFERS}
D/qdhwcomposer(  206): hwc_blank: Blanking display: 0
V/ActivityManager(  650): Display changed displayId=0
I/qdhwcomposer(  206): handle_blank_event: dpy:0 panel power state: 0
D/qdhwcomposer(  206): hwc_blank: Done blanking display: 0
D/SurfaceControl(  650): Excessive delay in setPowerMode(): 293ms
I/QCOM PowerHAL(  650): Got set_interactive hint
E/QMI_FW  (  650): QMUXD: WARNING qmi_qmux_if_pwr_up_init failed! rc=-1
I/MDMCTBK (  268): NetlinkHandler, power_supply subsys
I/MDMCTBK (  268): NetlinkHandler, usbChargerStateChanged
I/MDMCTBK (  268): checkDefaultInst, current pid is = 268
I/MDMCTBK (  268): checkDefaultInst, pid match
I/MDMCTBK (  268): MdmCutbackHndler,readFromFile = /sys/class/power_supply/usb/online
I/MDMCTBK (  268): MdmCutbackHndler,readFromFile = 
E/MDMCTBK (  268): MdmCutbackHndler,Could not open ''
I/MDMCTBK (  268): NetlinkHandler, power_supply subsys
I/MDMCTBK (  268): NetlinkHandler, usbChargerStateChanged
I/MDMCTBK (  268): checkDefaultInst, current pid is = 268
I/MDMCTBK (  268): checkDefaultInst, pid match
I/MDMCTBK (  268): MdmCutbackHndler,readFromFile = /sys/class/power_supply/usb/online
I/MDMCTBK (  268): MdmCutbackHndler,readFromFile = 
E/MDMCTBK (  268): MdmCutbackHndler,Could not open ''
I/MDMCTBK (  268): NetlinkHandler, power_supply subsys
I/MDMCTBK (  268): NetlinkHandler, usbChargerStateChanged
I/MDMCTBK (  268): checkDefaultInst, current pid is = 268
I/MDMCTBK (  268): checkDefaultInst, pid match
I/MDMCTBK (  268): MdmCutbackHndler,readFromFile = /sys/class/power_supply/usb/online
I/MDMCTBK (  268): MdmCutbackHndler,readFromFile = 
E/MDMCTBK (  268): MdmCutbackHndler,Could not open ''
I/MDMCTBK (  268): NetlinkHandler, power_supply subsys
I/MDMCTBK (  268): NetlinkHandler, usbChargerStateChanged
I/MDMCTBK (  268): checkDefaultInst, current pid is = 268
I/MDMCTBK (  268): checkDefaultInst, pid match
I/MDMCTBK (  268): MdmCutbackHndler,readFromFile = /sys/class/power_supply/usb/online
I/MDMCTBK (  268): MdmCutbackHndler,readFromFile = 
E/MDMCTBK (  268): MdmCutbackHndler,Could not open ''
E/QMI_FW  (  268): QMUXD: WARNING qmi_qmux_if_pwr_up_init failed! rc=-1
I/MDMCTBK (  268): mot_sar_qmi_open qmi_client_get_service_list() returned -2, num_entries = 0, num_services = 0
E/MDMCTBK (  268): mot_sar_qmi_open doesn't find QMI service
I/MDMCTBK (  268): mot_sar_qmi_open waiting for QMI service to startup,try 5...
E/QMI_FW  (  359): QMUXD: WARNING qmi_qmux_if_pwr_up_init failed! rc=-1
E/QMI_FW  (  650): QMUXD: WARNING qmi_qmux_if_pwr_up_init failed! rc=-1
E/QMI_FW  (  268): QMUXD: WARNING qmi_qmux_if_pwr_up_init failed! rc=-1
E/QMI_FW  (  359): QMUXD: WARNING qmi_qmux_if_pwr_up_init failed! rc=-1
E/QMI_FW  (  650): QMUXD: WARNING qmi_qmux_if_pwr_up_init failed! rc=-1
I/PowerManagerService(  650): Waking up from sleep (uid 1000)...
V/KeyguardServiceDelegate(  650): onScreenTurnedOn(showListener = com.android.internal.policy.impl.PhoneWindowManager$2@3e25503b)
I/DisplayPowerController(  650): Blocking screen on until initial contents have been drawn.
D/Sensors (  650): AccelerationSensor: Set Sensors state 0x1
D/Sensors (  650): AccelerationSensor: set delay 66
D/Sensors (  650): AccelerationSensor: set delay 66
I/QCOM PowerHAL(  650): Got set_interactive hint
D/SurfaceFlinger(  206): Set power mode=2, type=0 flinger=0xb82765e0
D/qdhwcomposer(  206): hwc_blank: Unblanking display: 0
I/DisplayManagerService(  650): Display device changed: DisplayDeviceInfo{"cran intgr": 720 x 1280, 60.0 fps, supportedRefreshRates [60.0], density 320, 326.571 x 328.404 dpi, appVsyncOff 0, presDeadline 17666667, touch INTERNAL, rotation 0, type BUILT_IN, state ON, FLAG_DEFAULT_DISPLAY, FLAG_ROTATES_WITH_CONTENT, FLAG_SECURE, FLAG_SUPPORTS_PROTECTED_BUFFERS}
V/ActivityManager(  650): Display changed displayId=0
E/audio_a2dp_hw( 5761): adev_set_parameters: ERROR: set param called even when stream out is null
E/native  (  650): do suspend false
V/KeyguardServiceDelegate(  650): **** SHOWN CALLED ****
D/Ulp_jni (  650): JNI:system_update. Event-0
D/Ulp_jni (  650): JNI:system_update. Event-0
I/WifiHAL (  650): Poll result = 1
I/WifiHAL (  650): Found some events!!!
D/WifiHAL (  650): no_seq_check received
I/WifiHAL (  650): event received NL80211_CMD_SET_REKEY_OFFLOAD
I/WifiHAL (  650): event received NL80211_CMD_SET_REKEY_OFFLOAD, vendor_id = 0x0
I/WifiHAL (  650): event ignored!!
E/WifiStateMachine(  650): WifiStateMachine CMD_START_SCAN source -2 txSuccessRate=0,00 rxSuccessRate=0,00 targetRoamBSSID=any RSSI=-52
I/wpa_supplicant( 3826): wlan0: CTRL-EVENT-SCAN-STARTED 
I/WifiHAL (  650): Poll result = 1
I/WifiHAL (  650): Found some events!!!
D/WifiHAL (  650): no_seq_check received
I/WifiHAL (  650): event received NL80211_CMD_TRIGGER_SCAN
I/WifiHAL (  650): event received NL80211_CMD_TRIGGER_SCAN, vendor_id = 0x0
I/WifiHAL (  650): event ignored!!
I/qdhwcomposer(  206): handle_blank_event: dpy:0 panel power state: 1
D/qdhwcomposer(  206): hwc_blank: Done unblanking display: 0
D/SurfaceControl(  650): Excessive delay in setPowerMode(): 251ms
I/DisplayPowerController(  650): Unblocked screen on after 275 ms
I/WifiHAL (  650): Poll result = 1
I/WifiHAL (  650): Found some events!!!
D/WifiHAL (  650): no_seq_check received
I/WifiHAL (  650): event received NL80211_CMD_NEW_SCAN_RESULTS
I/WifiHAL (  650): event received NL80211_CMD_NEW_SCAN_RESULTS, vendor_id = 0x0
I/WifiHAL (  650): event ignored!!
D/wifi_gbk2utf(  650): parseScanResults, line=id=0
D/wifi_gbk2utf(  650):  
D/wifi_gbk2utf(  650): parseScanResults, line=bssid=a4:b1:e9:d9:75:03
D/wifi_gbk2utf(  650):  
D/wifi_gbk2utf(  650): parseScanResults, line=freq=2412
D/wifi_gbk2utf(  650):  
D/wifi_gbk2utf(  650): parseScanResults, line=level=-52
D/wifi_gbk2utf(  650):  
D/wifi_gbk2utf(  650): parseScanResults, line=tsf=0000000896418766
D/wifi_gbk2utf(  650):  
D/wifi_gbk2utf(  650): parseScanResults, line=flags=[WPA-PSK-TKIP][WPA2-PSK-CCMP][WPS][ESS]
D/wifi_gbk2utf(  650):  
D/wifi_gbk2utf(  650): parseScanResults, line=ssid=wifi_ovh
D/wifi_gbk2utf(  650):  
D/wifi_gbk2utf(  650): parseScanResults, ssid = wifi_ovh, buf = wifi_ovh,isUTF8= 0, isCh = 0
D/wifi_gbk2utf(  650): parseScanResults, line=#### 
D/StatusBar.NetworkController( 2053): hasService: mServiceState=1 1 home null null null  Unknown Unknown CSS not supported -1 -1 RoamInd=-1 DefRoamInd=-1 EmergOnly=false retVal=false
D/StatusBar.NetworkController( 2053): refreshViews: Data not connected!! Set no data type icon / Roaming
D/StatusBar.NetworkController( 2053): refreshViews connected={ wifi } level=0 combinedSignalIconId=0x7f020325/com.android.systemui:drawable/stat_sys_wifi_signal_4_fully combinedActivityIconId=0x7f020319 mobileLabel= wifiLabel="wifi_ovh"xxxxXXXXxxxxXXXX emergencyOnly=false combinedLabel="wifi_ovh"xxxxXXXXxxxxXXXX mAirplaneMode=false mDataActivity=0 mPhoneSignalIconId=0x7f02030d/com.android.systemui:drawable/stat_sys_signal_null mQSPhoneSignalIconId=0x7f0200a3/com.android.systemui:drawable/ic_qs_signal_no_signal mDataDirectionIconId=0x0/(null) mDataSignalIconId=0x7f02030d/com.android.systemui:drawable/stat_sys_signal_null mDataTypeIconId=0x0/(null) mQSDataTypeIconId=0x0/(null) mNoSimIconId=0x0/(null) mWifiIconId=0x7f020325/com.android.systemui:drawable/stat_sys_wifi_signal_4_fully mQSWifiIconId=0x7f0200b3/com.android.systemui:drawable/ic_qs_wifi_full_4 mWifiActivityIconId=0x7f020319/com.android.systemui:drawable/stat_sys_wifi_in mBluetoothTetherIconId=0x108069d/android:drawable/stat_sys_tether_bluetooth
D/StatusBar.NetworkController( 2053): refreshSignalCluster - setMobileDataIndicators:  mHasMobileDataFeature = true mPhoneSignalIconId = com.android.systemui:drawable/stat_sys_signal_null mDataSignalIconId = com.android.systemui:drawable/stat_sys_signal_null mMobileActivityIconId = (null) mDataTypeIconId = (null) mNoSimIconId = (null)
D/StatusBar.NetworkController( 2053): refreshSignalCluster - setMobileDataIndicators:  mHasMobileDataFeature = true mPhoneSignalIconId = com.android.systemui:drawable/stat_sys_signal_null mDataSignalIconId = com.android.systemui:drawable/stat_sys_signal_null mMobileActivityIconId = (null) mDataTypeIconId = (null) mNoSimIconId = (null)
D/StatusBar.NetworkController( 2053): refreshSignalCluster - setMobileDataIndicators:  mHasMobileDataFeature = true mPhoneSignalIconId = com.android.systemui:drawable/stat_sys_signal_null mDataSignalIconId = com.android.systemui:drawable/stat_sys_signal_null mMobileActivityIconId = (null) mDataTypeIconId = (null) mNoSimIconId = (null)
D/StatusBar.NetworkController( 2053): changing data overlay icon id to 2130838297
D/StatusBar.NetworkController( 2053): hasService: mServiceState=1 1 home null null null  Unknown Unknown CSS not supported -1 -1 RoamInd=-1 DefRoamInd=-1 EmergOnly=false retVal=false
D/StatusBar.NetworkController( 2053): refreshViews: Data not connected!! Set no data type icon / Roaming
D/StatusBar.NetworkController( 2053): refreshViews connected={ wifi } level=0 combinedSignalIconId=0x7f020325/com.android.systemui:drawable/stat_sys_wifi_signal_4_fully combinedActivityIconId=0x0 mobileLabel= wifiLabel="wifi_ovh"xxxxXXXXxxxxXXXX emergencyOnly=false combinedLabel="wifi_ovh"xxxxXXXXxxxxXXXX mAirplaneMode=false mDataActivity=0 mPhoneSignalIconId=0x7f02030d/com.android.systemui:drawable/stat_sys_signal_null mQSPhoneSignalIconId=0x7f0200a3/com.android.systemui:drawable/ic_qs_signal_no_signal mDataDirectionIconId=0x0/(null) mDataSignalIconId=0x7f02030d/com.android.systemui:drawable/stat_sys_signal_null mDataTypeIconId=0x0/(null) mQSDataTypeIconId=0x0/(null) mNoSimIconId=0x0/(null) mWifiIconId=0x7f020325/com.android.systemui:drawable/stat_sys_wifi_signal_4_fully mQSWifiIconId=0x7f0200b3/com.android.systemui:drawable/ic_qs_wifi_full_4 mWifiActivityIconId=0x0/(null) mBluetoothTetherIconId=0x108069d/android:drawable/stat_sys_tether_bluetooth
D/StatusBar.NetworkController( 2053): refreshSignalCluster - setMobileDataIndicators:  mHasMobileDataFeature = true mPhoneSignalIconId = com.android.systemui:drawable/stat_sys_signal_null mDataSignalIconId = com.android.systemui:drawable/stat_sys_signal_null mMobileActivityIconId = (null) mDataTypeIconId = (null) mNoSimIconId = (null)
D/StatusBar.NetworkController( 2053): refreshSignalCluster - setMobileDataIndicators:  mHasMobileDataFeature = true mPhoneSignalIconId = com.android.systemui:drawable/stat_sys_signal_null mDataSignalIconId = com.android.systemui:drawable/stat_sys_signal_null mMobileActivityIconId = (null) mDataTypeIconId = (null) mNoSimIconId = (null)
D/StatusBar.NetworkController( 2053): refreshSignalCluster - setMobileDataIndicators:  mHasMobileDataFeature = true mPhoneSignalIconId = com.android.systemui:drawable/stat_sys_signal_null mDataSignalIconId = com.android.systemui:drawable/stat_sys_signal_null mMobileActivityIconId = (null) mDataTypeIconId = (null) mNoSimIconId = (null)
D/StatusBar.NetworkController( 2053): changing data overlay icon id to 0
I/PowerManagerService(  650): Going to sleep due to screen timeout (uid 1000)...
I/PowerManagerService(  650): Sleeping (uid 1000)...
D/Sensors (  650): AccelerationSensor: Set Sensors state 0x0
E/audio_a2dp_hw( 5761): adev_set_parameters: ERROR: set param called even when stream out is null
D/PhoneStatusBar( 2053): disable: < expand ICONS alerts SYSTEM_INFO back HOME RECENT clock SEARCH >
E/native  (  650): do suspend true
I/DisplayManagerService(  650): Display device changed: DisplayDeviceInfo{"cran intgr": 720 x 1280, 60.0 fps, supportedRefreshRates [60.0], density 320, 326.571 x 328.404 dpi, appVsyncOff 0, presDeadline 17666667, touch INTERNAL, rotation 0, type BUILT_IN, state OFF, FLAG_DEFAULT_DISPLAY, FLAG_ROTATES_WITH_CONTENT, FLAG_SECURE, FLAG_SUPPORTS_PROTECTED_BUFFERS}
V/ActivityManager(  650): Display changed displayId=0
D/SurfaceFlinger(  206): Set power mode=0, type=0 flinger=0xb82765e0
D/qdhwcomposer(  206): hwc_blank: Blanking display: 0
I/qdhwcomposer(  206): handle_blank_event: dpy:0 panel power state: 0
D/qdhwcomposer(  206): hwc_blank: Done blanking display: 0
D/SurfaceControl(  650): Excessive delay in setPowerMode(): 327ms
I/QCOM PowerHAL(  650): Got set_interactive hint
E/QMI_FW  (  268): QMUXD: WARNING qmi_qmux_if_pwr_up_init failed! rc=-1
E/QMI_FW  (  359): QMUXD: WARNING qmi_qmux_if_pwr_up_init failed! rc=-1
I/MDMCTBK (  268): NetlinkHandler, power_supply subsys
I/MDMCTBK (  268): NetlinkHandler, usbChargerStateChanged
I/MDMCTBK (  268): checkDefaultInst, current pid is = 268
I/MDMCTBK (  268): checkDefaultInst, pid match
I/MDMCTBK (  268): MdmCutbackHndler,readFromFile = /sys/class/power_supply/usb/online
I/MDMCTBK (  268): MdmCutbackHndler,readFromFile = 
E/MDMCTBK (  268): MdmCutbackHndler,Could not open ''
I/MDMCTBK (  268): NetlinkHandler, power_supply subsys
I/MDMCTBK (  268): NetlinkHandler, usbChargerStateChanged
I/MDMCTBK (  268): checkDefaultInst, current pid is = 268
I/MDMCTBK (  268): checkDefaultInst, pid match
I/MDMCTBK (  268): MdmCutbackHndler,readFromFile = /sys/class/power_supply/usb/online
I/MDMCTBK (  268): MdmCutbackHndler,readFromFile = 
E/MDMCTBK (  268): MdmCutbackHndler,Could not open ''
I/MDMCTBK (  268): NetlinkHandler, power_supply subsys
I/MDMCTBK (  268): NetlinkHandler, usbChargerStateChanged
I/MDMCTBK (  268): checkDefaultInst, current pid is = 268
I/MDMCTBK (  268): checkDefaultInst, pid match
I/MDMCTBK (  268): MdmCutbackHndler,readFromFile = /sys/class/power_supply/usb/online
I/MDMCTBK (  268): MdmCutbackHndler,readFromFile = 
E/MDMCTBK (  268): MdmCutbackHndler,Could not open ''
I/MDMCTBK (  268): NetlinkHandler, power_supply subsys
I/MDMCTBK (  268): NetlinkHandler, usbChargerStateChanged
I/MDMCTBK (  268): checkDefaultInst, current pid is = 268
I/MDMCTBK (  268): checkDefaultInst, pid match
I/MDMCTBK (  268): MdmCutbackHndler,readFromFile = /sys/class/power_supply/usb/online
I/MDMCTBK (  268): MdmCutbackHndler,readFromFile = 
E/MDMCTBK (  268): MdmCutbackHndler,Could not open ''
I/MDMCTBK (  268): NetlinkHandler, power_supply subsys
I/MDMCTBK (  268): NetlinkHandler, usbChargerStateChanged
I/MDMCTBK (  268): checkDefaultInst, current pid is = 268
I/MDMCTBK (  268): checkDefaultInst, pid match
I/MDMCTBK (  268): MdmCutbackHndler,readFromFile = /sys/class/power_supply/usb/online
I/MDMCTBK (  268): MdmCutbackHndler,readFromFile = 
E/MDMCTBK (  268): MdmCutbackHndler,Could not open ''
E/QMI_FW  (  650): QMUXD: WARNING qmi_qmux_if_pwr_up_init failed! rc=-1
I/MDMCTBK (  268): NetlinkHandler, power_supply subsys
I/MDMCTBK (  268): NetlinkHandler, usbChargerStateChanged
I/MDMCTBK (  268): checkDefaultInst, current pid is = 268
I/MDMCTBK (  268): checkDefaultInst, pid match
I/MDMCTBK (  268): MdmCutbackHndler,readFromFile = /sys/class/power_supply/usb/online
I/MDMCTBK (  268): MdmCutbackHndler,readFromFile = 
E/MDMCTBK (  268): MdmCutbackHndler,Could not open ''
I/MDMCTBK (  268): NetlinkHandler, power_supply subsys
I/MDMCTBK (  268): NetlinkHandler, usbChargerStateChanged
I/MDMCTBK (  268): checkDefaultInst, current pid is = 268
I/MDMCTBK (  268): checkDefaultInst, pid match
I/MDMCTBK (  268): MdmCutbackHndler,readFromFile = /sys/class/power_supply/usb/online
I/MDMCTBK (  268): MdmCutbackHndler,readFromFile = 
E/MDMCTBK (  268): MdmCutbackHndler,Could not open ''
